Token=desktop-947h2kl\red
test_adoption_moves_one_medium_integrity_directory_with_identical_tree (tests.test_mo2_containment_junction.Mo2ContainmentJunctionTests.test_adoption_moves_one_medium_integrity_directory_with_identical_tree) ... ok
test_adoption_unions_prior_and_quarantine_ownership_without_rollback (tests.test_mo2_containment_junction.Mo2ContainmentJunctionTests.test_adoption_unions_prior_and_quarantine_ownership_without_rollback) ... ok
test_build_projection_blocks_identical_reconstruction_before_rollback (tests.test_mo2_containment_junction.Mo2ContainmentJunctionTests.test_build_projection_blocks_identical_reconstruction_before_rollback) ... ok
test_build_projection_is_casefold_sorted_and_rejects_source_reparse_entries (tests.test_mo2_containment_junction.Mo2ContainmentJunctionTests.test_build_projection_is_casefold_sorted_and_rejects_source_reparse_entries) ... ok
test_build_projection_rollback_leaves_a_changed_junction_untouched (tests.test_mo2_containment_junction.Mo2ContainmentJunctionTests.test_build_projection_rollback_leaves_a_changed_junction_untouched) ... ok
test_build_projection_rolls_back_exact_created_junctions_in_reverse_order (tests.test_mo2_containment_junction.Mo2ContainmentJunctionTests.test_build_projection_rolls_back_exact_created_junctions_in_reverse_order) ... ok
test_canonical_projection_to_wrong_direct_target_is_quarantined (tests.test_mo2_containment_junction.Mo2ContainmentJunctionTests.test_canonical_projection_to_wrong_direct_target_is_quarantined) ... ok
test_changed_baseline_cleanup_attempts_every_close_and_retains_only_failures (tests.test_mo2_containment_junction.Mo2ContainmentJunctionTests.test_changed_baseline_cleanup_attempts_every_close_and_retains_only_failures) ... ok
test_collision_is_quarantined_without_changing_the_existing_source (tests.test_mo2_containment_junction.Mo2ContainmentJunctionTests.test_collision_is_quarantined_without_changing_the_existing_source) ... ok
test_descendant_reparse_is_quarantined_before_integrity_normalization (tests.test_mo2_containment_junction.Mo2ContainmentJunctionTests.test_descendant_reparse_is_quarantined_before_integrity_normalization) ... ok
test_destination_appearing_at_rename_boundary_is_not_replaced (tests.test_mo2_containment_junction.Mo2ContainmentJunctionTests.test_destination_appearing_at_rename_boundary_is_not_replaced) ... ok
test_early_reparse_rejection_quarantines_the_classified_handle (tests.test_mo2_containment_junction.Mo2ContainmentJunctionTests.test_early_reparse_rejection_quarantines_the_classified_handle) ... ok
test_exact_object_quarantine_uses_pinned_no_replace_move (tests.test_mo2_containment_junction.Mo2ContainmentJunctionTests.test_exact_object_quarantine_uses_pinned_no_replace_move) ... ok
test_exact_quarantine_finalizers_aggregate_source_and_parent_ownership (tests.test_mo2_containment_junction.Mo2ContainmentJunctionTests.test_exact_quarantine_finalizers_aggregate_source_and_parent_ownership) ... ok
test_extra_new_entries_are_all_quarantined_and_never_adopted (tests.test_mo2_containment_junction.Mo2ContainmentJunctionTests.test_extra_new_entries_are_all_quarantined_and_never_adopted) ... ok
test_failed_integrity_normalization_quarantines_the_candidate (tests.test_mo2_containment_junction.Mo2ContainmentJunctionTests.test_failed_integrity_normalization_quarantines_the_candidate) ... ok
test_failed_projection_readback_removes_only_the_new_junction (tests.test_mo2_containment_junction.Mo2ContainmentJunctionTests.test_failed_projection_readback_removes_only_the_new_junction) ... ok
test_file_disposition_info_uses_the_one_byte_boolean_abi (tests.test_mo2_containment_junction.Mo2ContainmentJunctionTests.test_file_disposition_info_uses_the_one_byte_boolean_abi) ... ok
test_initial_tree_classification_failure_quarantines_then_closes_root_pin (tests.test_mo2_containment_junction.Mo2ContainmentJunctionTests.test_initial_tree_classification_failure_quarantines_then_closes_root_pin) ... ok
test_late_junction_during_pin_construction_quarantines_exact_candidate (tests.test_mo2_containment_junction.Mo2ContainmentJunctionTests.test_late_junction_during_pin_construction_quarantines_exact_candidate) ... ok
test_legacy_pinned_close_failure_keeps_live_handle_ownership (tests.test_mo2_containment_junction.Mo2ContainmentJunctionTests.test_legacy_pinned_close_failure_keeps_live_handle_ownership) ... ok
test_object_quarantine_body_ownership_unions_exact_candidates_and_parent (tests.test_mo2_containment_junction.Mo2ContainmentJunctionTests.test_object_quarantine_body_ownership_unions_exact_candidates_and_parent) ... ok
test_owned_projection_close_failure_preserves_all_live_pins (tests.test_mo2_containment_junction.Mo2ContainmentJunctionTests.test_owned_projection_close_failure_preserves_all_live_pins) ... ok
test_owned_projection_rejects_every_identity_or_payload_mismatch (tests.test_mo2_containment_junction.Mo2ContainmentJunctionTests.test_owned_projection_rejects_every_identity_or_payload_mismatch) ... ok
test_owned_projection_retains_link_target_and_parents_until_close (tests.test_mo2_containment_junction.Mo2ContainmentJunctionTests.test_owned_projection_retains_link_target_and_parents_until_close) ... ok
test_pin_first_type_validation_uses_the_retained_handle_not_direntry_stat (tests.test_mo2_containment_junction.Mo2ContainmentJunctionTests.test_pin_first_type_validation_uses_the_retained_handle_not_direntry_stat) ... ok
test_pinned_descendant_blocks_directory_to_junction_swap_before_recursion (tests.test_mo2_containment_junction.Mo2ContainmentJunctionTests.test_pinned_descendant_blocks_directory_to_junction_swap_before_recursion) ... ok
test_pinned_destination_blocks_post_move_content_change (tests.test_mo2_containment_junction.Mo2ContainmentJunctionTests.test_pinned_destination_blocks_post_move_content_change) ... ok
test_pinned_quarantine_never_moves_replacement_at_the_old_path (tests.test_mo2_containment_junction.Mo2ContainmentJunctionTests.test_pinned_quarantine_never_moves_replacement_at_the_old_path) ... ok
test_pinned_tree_close_attempts_every_pin_and_supports_exact_retry (tests.test_mo2_containment_junction.Mo2ContainmentJunctionTests.test_pinned_tree_close_attempts_every_pin_and_supports_exact_retry) ... ok
test_post_move_adoption_failure_quarantines_exact_tree_and_aggregates_all_finalizers (tests.test_mo2_containment_junction.Mo2ContainmentJunctionTests.test_post_move_adoption_failure_quarantines_exact_tree_and_aggregates_all_finalizers) ... ok
test_post_move_adoption_preserves_quarantine_parent_close_ownership (tests.test_mo2_containment_junction.Mo2ContainmentJunctionTests.test_post_move_adoption_preserves_quarantine_parent_close_ownership) ... ok
test_projection_identity_read_failure_closes_handle_and_leaves_path (tests.test_mo2_containment_junction.Mo2ContainmentJunctionTests.test_projection_identity_read_failure_closes_handle_and_leaves_path) ... ok
test_projection_open_failure_leaves_unknown_identity_untouched (tests.test_mo2_containment_junction.Mo2ContainmentJunctionTests.test_projection_open_failure_leaves_unknown_identity_untouched) ... ok
test_projection_readback_cleanup_failure_is_explicit_and_retains_link (tests.test_mo2_containment_junction.Mo2ContainmentJunctionTests.test_projection_readback_cleanup_failure_is_explicit_and_retains_link) ... ok
test_projection_readback_retains_the_exact_link_against_reconstruction (tests.test_mo2_containment_junction.Mo2ContainmentJunctionTests.test_projection_readback_retains_the_exact_link_against_reconstruction) ... ok
test_projection_reads_source_without_copying_and_records_exact_payload (tests.test_mo2_containment_junction.Mo2ContainmentJunctionTests.test_projection_reads_source_without_copying_and_records_exact_payload) ... ok
test_projection_rejects_a_reparse_component_in_the_source_path (tests.test_mo2_containment_junction.Mo2ContainmentJunctionTests.test_projection_rejects_a_reparse_component_in_the_source_path) ... ok
test_redirected_scenario_quarantine_is_rejected_without_moving_candidate (tests.test_mo2_containment_junction.Mo2ContainmentJunctionTests.test_redirected_scenario_quarantine_is_rejected_without_moving_candidate) ... ok
test_rejection_quarantine_unions_parent_and_tree_ownership_across_retries (tests.test_mo2_containment_junction.Mo2ContainmentJunctionTests.test_rejection_quarantine_unions_parent_and_tree_ownership_across_retries) ... ok
test_relocation_acquisition_unions_current_and_prior_cleanup_owners (tests.test_mo2_containment_junction.Mo2ContainmentJunctionTests.test_relocation_acquisition_unions_current_and_prior_cleanup_owners) ... ok
test_replaced_projection_and_candidate_are_quarantined_as_ambiguous (tests.test_mo2_containment_junction.Mo2ContainmentJunctionTests.test_replaced_projection_and_candidate_are_quarantined_as_ambiguous) ... ok
test_replacement_quarantine_binds_outputs_and_move_to_one_pinned_tree (tests.test_mo2_containment_junction.Mo2ContainmentJunctionTests.test_replacement_quarantine_binds_outputs_and_move_to_one_pinned_tree) ... ok
test_replacement_quarantine_blocks_root_swap_at_rename_boundary (tests.test_mo2_containment_junction.Mo2ContainmentJunctionTests.test_replacement_quarantine_blocks_root_swap_at_rename_boundary) ... ok
test_replacement_quarantine_collision_is_no_replace_and_leaves_candidate (tests.test_mo2_containment_junction.Mo2ContainmentJunctionTests.test_replacement_quarantine_collision_is_no_replace_and_leaves_candidate) ... ok
test_replacement_quarantine_detects_descendant_swap_across_root_move (tests.test_mo2_containment_junction.Mo2ContainmentJunctionTests.test_replacement_quarantine_detects_descendant_swap_across_root_move) ... ok
test_replacement_reparse_rejection_quarantines_and_releases_all_handles (tests.test_mo2_containment_junction.Mo2ContainmentJunctionTests.test_replacement_reparse_rejection_quarantines_and_releases_all_handles) ... ok
test_shared_exact_rename_adapter_preserves_full_typed_ownership (tests.test_mo2_containment_junction.Mo2ContainmentJunctionTests.test_shared_exact_rename_adapter_preserves_full_typed_ownership) ... ok
test_staging_rejection_unions_quarantine_parent_and_entry_ownership (tests.test_mo2_containment_junction.Mo2ContainmentJunctionTests.test_staging_rejection_unions_quarantine_parent_and_entry_ownership) ... ok
test_tree_construction_unions_new_leaf_descendant_and_root_across_retries (tests.test_mo2_containment_junction.Mo2ContainmentJunctionTests.test_tree_construction_unions_new_leaf_descendant_and_root_across_retries) ... ok
test_tree_quarantine_body_ownership_unions_exact_candidates_and_parent (tests.test_mo2_containment_junction.Mo2ContainmentJunctionTests.test_tree_quarantine_body_ownership_unions_exact_candidates_and_parent) ... ok
test_tree_quarantine_finalizers_aggregate_root_and_parent_ownership (tests.test_mo2_containment_junction.Mo2ContainmentJunctionTests.test_tree_quarantine_finalizers_aggregate_root_and_parent_ownership) ... ok
test_valid_baseline_handle_is_retained_through_candidate_normalization (tests.test_mo2_containment_junction.Mo2ContainmentJunctionTests.test_valid_baseline_handle_is_retained_through_candidate_normalization) ... ok
test_wrong_baseline_quarantine_uses_the_classified_junction_handle (tests.test_mo2_containment_junction.Mo2ContainmentJunctionTests.test_wrong_baseline_quarantine_uses_the_classified_junction_handle) ... ok
test_cleanup_after_result_publication_reuses_immutable_result (tests.test_mo2_containment_service.ContainmentRecoveryTests.test_cleanup_after_result_publication_reuses_immutable_result) ... ok
test_cleanup_refusal_never_starts_fresh_run (tests.test_mo2_containment_service.ContainmentRecoveryTests.test_cleanup_refusal_never_starts_fresh_run) ... ok
test_pre_scenario_interruption_may_retry_once_after_cleanup (tests.test_mo2_containment_service.ContainmentRecoveryTests.test_pre_scenario_interruption_may_retry_once_after_cleanup) ... ok
test_prove_recovery_parses_exact_task4_bindings_and_rejects_mismatch (tests.test_mo2_containment_service.ContainmentRecoveryTests.test_prove_recovery_parses_exact_task4_bindings_and_rejects_mismatch) ... ok
test_read_only_recovery_refusal_performs_zero_cleanup_mutation (tests.test_mo2_containment_service.ContainmentRecoveryTests.test_read_only_recovery_refusal_performs_zero_cleanup_mutation) ... ok
test_recovery_process_access_uncertainty_refuses_without_cleanup (tests.test_mo2_containment_service.ContainmentRecoveryTests.test_recovery_process_access_uncertainty_refuses_without_cleanup) ... ok
test_recovery_rethrows_relocation_ownership_without_publishing_refusal (tests.test_mo2_containment_service.ContainmentRecoveryTests.test_recovery_rethrows_relocation_ownership_without_publishing_refusal) ... ok
test_refused_cleanup_retains_trusted_positive_breach_as_failed_result (tests.test_mo2_containment_service.ContainmentRecoveryTests.test_refused_cleanup_retains_trusted_positive_breach_as_failed_result) ... ok
test_reprove_retry_absence_uses_durable_exact_bindings_after_restart (tests.test_mo2_containment_service.ContainmentRecoveryTests.test_reprove_retry_absence_uses_durable_exact_bindings_after_restart) ... ok
test_scenario_loading_rejects_nonexact_request_schema (tests.test_mo2_containment_service.ContainmentRecoveryTests.test_scenario_loading_rejects_nonexact_request_schema) ... ok
test_scenario_started_without_launch_evidence_is_permanently_refused (tests.test_mo2_containment_service.ContainmentRecoveryTests.test_scenario_started_without_launch_evidence_is_permanently_refused) ... ok
test_started_damaged_or_unbound_launch_proof_refuses_without_mutation (tests.test_mo2_containment_service.ContainmentRecoveryTests.test_started_damaged_or_unbound_launch_proof_refuses_without_mutation) ... ok
test_adjudicate_run_is_not_poisoned_by_later_same_command_failure (tests.test_mo2_containment_service.ContainmentServiceTests.test_adjudicate_run_is_not_poisoned_by_later_same_command_failure) ... ok
test_adjudicate_run_preserves_failed_precedence_over_damaged_evidence (tests.test_mo2_containment_service.ContainmentServiceTests.test_adjudicate_run_preserves_failed_precedence_over_damaged_evidence) ... ok
test_adjudicate_run_preserves_historical_failed_over_predecessor_damage (tests.test_mo2_containment_service.ContainmentServiceTests.test_adjudicate_run_preserves_historical_failed_over_predecessor_damage) ... ok
test_adjudicate_run_requires_every_listed_predecessor_evidence (tests.test_mo2_containment_service.ContainmentServiceTests.test_adjudicate_run_requires_every_listed_predecessor_evidence) ... ok
test_adjudicate_run_requires_intact_current_intent_request_binding (tests.test_mo2_containment_service.ContainmentServiceTests.test_adjudicate_run_requires_intact_current_intent_request_binding) ... ok
test_adjudicate_run_retains_same_command_failed_history_only (tests.test_mo2_containment_service.ContainmentServiceTests.test_adjudicate_run_retains_same_command_failed_history_only) ... ok
test_adjudicate_run_supersedes_only_exact_consumed_prestart_retry (tests.test_mo2_containment_service.ContainmentServiceTests.test_adjudicate_run_supersedes_only_exact_consumed_prestart_retry) ... ok
test_adjudicate_run_turns_damaged_current_evidence_into_incomplete (tests.test_mo2_containment_service.ContainmentServiceTests.test_adjudicate_run_turns_damaged_current_evidence_into_incomplete) ... ok
test_adopted_folder_is_quarantined_even_if_output_inspection_fails (tests.test_mo2_containment_service.ContainmentServiceTests.test_adopted_folder_is_quarantined_even_if_output_inspection_fails) ... ok
test_adoption_accepts_exact_payload_plus_mo2_generated_metadata (tests.test_mo2_containment_service.ContainmentServiceTests.test_adoption_accepts_exact_payload_plus_mo2_generated_metadata) ... ok
test_adoption_failures_and_exact_outputs_fail_closed (tests.test_mo2_containment_service.ContainmentServiceTests.test_adoption_failures_and_exact_outputs_fail_closed) ... ok
test_arm_fails_closed_when_successful_watch_effects_cannot_be_observed (tests.test_mo2_containment_service.ContainmentServiceTests.test_arm_fails_closed_when_successful_watch_effects_cannot_be_observed) ... ok
test_arm_failure_after_watcher_launch_preserves_exact_partial_effects (tests.test_mo2_containment_service.ContainmentServiceTests.test_arm_failure_after_watcher_launch_preserves_exact_partial_effects) ... ok
test_arm_nests_watch_failure_when_post_effects_cannot_be_observed (tests.test_mo2_containment_service.ContainmentServiceTests.test_arm_nests_watch_failure_when_post_effects_cannot_be_observed) ... ok
test_arm_pre_mutation_watch_refusal_does_not_claim_watch_root (tests.test_mo2_containment_service.ContainmentServiceTests.test_arm_pre_mutation_watch_refusal_does_not_claim_watch_root) ... ok
test_arm_scenario_public_workflow_persists_before_watcher_ready (tests.test_mo2_containment_service.ContainmentServiceTests.test_arm_scenario_public_workflow_persists_before_watcher_ready) ... ok
test_capture_failure_after_terminal_transition_preserves_all_effects (tests.test_mo2_containment_service.ContainmentServiceTests.test_capture_failure_after_terminal_transition_preserves_all_effects) ... ok
test_completed_typed_policy_failures_are_failed_without_root_breach (tests.test_mo2_containment_service.ContainmentServiceTests.test_completed_typed_policy_failures_are_failed_without_root_breach) ... ok
test_decision_bindings_use_tree_of_the_observed_commit (tests.test_mo2_containment_service.ContainmentServiceTests.test_decision_bindings_use_tree_of_the_observed_commit) ... ok
test_decision_binds_complete_corrected_authority (tests.test_mo2_containment_service.ContainmentServiceTests.test_decision_binds_complete_corrected_authority) ... ok
test_early_adjudication_refuses_without_freezing_decision (tests.test_mo2_containment_service.ContainmentServiceTests.test_early_adjudication_refuses_without_freezing_decision)
Missing terminal evidence must not become an immutable authority record. ... ok
test_expected_new_folder_does_not_invalidate_retained_projection (tests.test_mo2_containment_service.ContainmentServiceTests.test_expected_new_folder_does_not_invalidate_retained_projection) ... ok
test_failed_result_cannot_be_hidden_by_later_passed_result (tests.test_mo2_containment_service.ContainmentServiceTests.test_failed_result_cannot_be_hidden_by_later_passed_result) ... ok
test_historical_result_load_returns_all_changes_without_write_effects (tests.test_mo2_containment_service.ContainmentServiceTests.test_historical_result_load_returns_all_changes_without_write_effects) ... ok
test_launch_and_capture_reload_exact_durable_launch_after_restart (tests.test_mo2_containment_service.ContainmentServiceTests.test_launch_and_capture_reload_exact_durable_launch_after_restart) ... ok
test_launch_failure_after_evidence_write_preserves_mo2_and_paths (tests.test_mo2_containment_service.ContainmentServiceTests.test_launch_failure_after_evidence_write_preserves_mo2_and_paths) ... ok
test_legacy_nonterminal_classifier_run_does_not_block_current_policy (tests.test_mo2_containment_service.ContainmentServiceTests.test_legacy_nonterminal_classifier_run_does_not_block_current_policy) ... ok
test_merge_and_replace_pass_only_with_zero_source_events_and_hash_match (tests.test_mo2_containment_service.ContainmentServiceTests.test_merge_and_replace_pass_only_with_zero_source_events_and_hash_match) ... ok
test_mismatched_result_outcome_refuses_without_writing_decision (tests.test_mo2_containment_service.ContainmentServiceTests.test_mismatched_result_outcome_refuses_without_writing_decision) ... ok
test_missing_adoption_output_after_interrupted_ui_is_incomplete (tests.test_mo2_containment_service.ContainmentServiceTests.test_missing_adoption_output_after_interrupted_ui_is_incomplete) ... ok
test_multiple_positive_retained_projections_are_not_a_count_violation (tests.test_mo2_containment_service.ContainmentServiceTests.test_multiple_positive_retained_projections_are_not_a_count_violation) ... ok
test_nonterminal_journal_refuses_complete_decision_without_writing (tests.test_mo2_containment_service.ContainmentServiceTests.test_nonterminal_journal_refuses_complete_decision_without_writing) ... ok
test_pre_v4_nonterminal_runs_do_not_block_current_classification_policy (tests.test_mo2_containment_service.ContainmentServiceTests.test_pre_v4_nonterminal_runs_do_not_block_current_classification_policy) ... ok
test_prepare_partial_fixture_failure_reports_only_entered_root (tests.test_mo2_containment_service.ContainmentServiceTests.test_prepare_partial_fixture_failure_reports_only_entered_root) ... ok
test_prepare_pre_mutation_refusal_does_not_claim_fixture_root (tests.test_mo2_containment_service.ContainmentServiceTests.test_prepare_pre_mutation_refusal_does_not_claim_fixture_root) ... ok
test_prepare_run_binds_the_single_consumed_retry_to_its_new_request (tests.test_mo2_containment_service.ContainmentServiceTests.test_prepare_run_binds_the_single_consumed_retry_to_its_new_request) ... ok
test_prepare_run_cannot_bypass_available_retry_by_omitting_ticket (tests.test_mo2_containment_service.ContainmentServiceTests.test_prepare_run_cannot_bypass_available_retry_by_omitting_ticket) ... ok
test_prepare_run_consumes_retry_before_fixture_work_and_never_refunds_it (tests.test_mo2_containment_service.ContainmentServiceTests.test_prepare_run_consumes_retry_before_fixture_work_and_never_refunds_it) ... ok
test_prepare_run_generates_identity_before_confined_fixture_creation (tests.test_mo2_containment_service.ContainmentServiceTests.test_prepare_run_generates_identity_before_confined_fixture_creation) ... ok
test_prepare_run_propagates_uncertain_run_enumeration_before_fixtures (tests.test_mo2_containment_service.ContainmentServiceTests.test_prepare_run_propagates_uncertain_run_enumeration_before_fixtures) ... ok
test_previous_fixture_policy_remains_readable_without_blocking_current_cohort (tests.test_mo2_containment_service.ContainmentServiceTests.test_previous_fixture_policy_remains_readable_without_blocking_current_cohort) ... ok
test_previous_operator_protocol_refuses_arm_before_any_scenario_write (tests.test_mo2_containment_service.ContainmentServiceTests.test_previous_operator_protocol_refuses_arm_before_any_scenario_write) ... ok
test_previous_operator_protocol_refuses_capture_before_runtime_inspection (tests.test_mo2_containment_service.ContainmentServiceTests.test_previous_operator_protocol_refuses_capture_before_runtime_inspection) ... ok
test_previous_operator_protocol_refuses_launch_before_advancing_journal (tests.test_mo2_containment_service.ContainmentServiceTests.test_previous_operator_protocol_refuses_launch_before_advancing_journal) ... ok
test_previous_operator_protocol_remains_readable_without_blocking_current_cohort (tests.test_mo2_containment_service.ContainmentServiceTests.test_previous_operator_protocol_remains_readable_without_blocking_current_cohort) ... ok
test_projection_producer_distinguishes_wrong_from_unobservable (tests.test_mo2_containment_service.ContainmentServiceTests.test_projection_producer_distinguishes_wrong_from_unobservable) ... ok
test_projection_relocation_reobservation_access_failure_refuses_before_quarantine (tests.test_mo2_containment_service.ContainmentServiceTests.test_projection_relocation_reobservation_access_failure_refuses_before_quarantine) ... ok
test_protected_delta_before_adoption_never_moves_staging_into_source (tests.test_mo2_containment_service.ContainmentServiceTests.test_protected_delta_before_adoption_never_moves_staging_into_source) ... ok
test_protected_delta_plus_damaged_terminal_is_failed_but_malformed_only_is_incomplete (tests.test_mo2_containment_service.ContainmentServiceTests.test_protected_delta_plus_damaged_terminal_is_failed_but_malformed_only_is_incomplete) ... ok
test_relocation_baseline_presence_is_scenario_specific (tests.test_mo2_containment_service.ContainmentServiceTests.test_relocation_baseline_presence_is_scenario_specific) ... ok
test_relocation_preflight_rejects_source_and_quarantine_name_collisions (tests.test_mo2_containment_service.ContainmentServiceTests.test_relocation_preflight_rejects_source_and_quarantine_name_collisions) ... ok
test_replace_quarantines_disposable_replacement_and_restores_projection (tests.test_mo2_containment_service.ContainmentServiceTests.test_replace_quarantines_disposable_replacement_and_restores_projection) ... ok
test_replaced_baseline_projection_is_classified_for_quarantine (tests.test_mo2_containment_service.ContainmentServiceTests.test_replaced_baseline_projection_is_classified_for_quarantine) ... ok
test_same_command_prepare_calls_are_serialized_before_snapshot (tests.test_mo2_containment_service.ContainmentServiceTests.test_same_command_prepare_calls_are_serialized_before_snapshot) ... ok
test_supported_requires_all_four_exact_passes (tests.test_mo2_containment_service.ContainmentServiceTests.test_supported_requires_all_four_exact_passes) ... ok
test_terminal_incomplete_run_still_requires_its_available_retry_ticket (tests.test_mo2_containment_service.ContainmentServiceTests.test_terminal_incomplete_run_still_requires_its_available_retry_ticket) ... ok
test_terminal_run_permits_explicit_manual_same_command_run (tests.test_mo2_containment_service.ContainmentServiceTests.test_terminal_run_permits_explicit_manual_same_command_run) ... ok
test_valid_forbidden_event_then_controller_death_is_failed_without_retry (tests.test_mo2_containment_service.ContainmentServiceTests.test_valid_forbidden_event_then_controller_death_is_failed_without_retry) ... ok
test_delegate_and_projection_close_failures_retain_the_union_of_live_owners (tests.test_mo2_containment_service.PreparationProjectionRegressionTests.test_delegate_and_projection_close_failures_retain_the_union_of_live_owners) ... ok
test_job_created_projection_is_observed_without_following_target (tests.test_mo2_containment_service.PreparationProjectionRegressionTests.test_job_created_projection_is_observed_without_following_target) ... ok
test_real_delegate_exception_observes_partial_projection_then_releases_owners (tests.test_mo2_containment_service.PreparationProjectionRegressionTests.test_real_delegate_exception_observes_partial_projection_then_releases_owners) ... ok
test_real_fixture_reaches_guarded_post_observation (tests.test_mo2_containment_service.PreparationProjectionRegressionTests.test_real_fixture_reaches_guarded_post_observation) ... ok
test_recover_preparation_refuses_absent_storage_without_creating_it (tests.test_mo2_containment_service.PreparationProjectionRegressionTests.test_recover_preparation_refuses_absent_storage_without_creating_it) ... ok
test_absent_root_never_enters_ordinary_delegated_mutation_unpinned (tests.test_mo2_containment_service.Task4ExactEffectsFixTests.test_absent_root_never_enters_ordinary_delegated_mutation_unpinned) ... ok
test_child_pin_acquisition_ownership_keeps_later_proven_root_effect (tests.test_mo2_containment_service.Task4ExactEffectsFixTests.test_child_pin_acquisition_ownership_keeps_later_proven_root_effect) ... ok
test_child_pin_acquisition_ownership_unions_retained_close_owner (tests.test_mo2_containment_service.Task4ExactEffectsFixTests.test_child_pin_acquisition_ownership_unions_retained_close_owner) ... ok
test_completed_mutation_snapshot_survives_close_only_ownership (tests.test_mo2_containment_service.Task4ExactEffectsFixTests.test_completed_mutation_snapshot_survives_close_only_ownership) ... ok
test_controlled_creation_cannot_substitute_new_object_before_it_is_pinned (tests.test_mo2_containment_service.Task4ExactEffectsFixTests.test_controlled_creation_cannot_substitute_new_object_before_it_is_pinned) ... ok
test_controlled_creation_partial_chain_receipts_only_created_component (tests.test_mo2_containment_service.Task4ExactEffectsFixTests.test_controlled_creation_partial_chain_receipts_only_created_component) ... ok
test_controlled_creation_retains_every_new_component_before_delegate (tests.test_mo2_containment_service.Task4ExactEffectsFixTests.test_controlled_creation_retains_every_new_component_before_delegate) ... ok
test_created_candidate_receipt_lookup_ownership_preserves_all_owners (tests.test_mo2_containment_service.Task4ExactEffectsFixTests.test_created_candidate_receipt_lookup_ownership_preserves_all_owners) ... ok
test_created_candidate_receipt_rejects_changed_pinned_path_binding (tests.test_mo2_containment_service.Task4ExactEffectsFixTests.test_created_candidate_receipt_rejects_changed_pinned_path_binding) ... ok
test_created_without_handle_evidence_is_receipted_without_path_cleanup (tests.test_mo2_containment_service.Task4ExactEffectsFixTests.test_created_without_handle_evidence_is_receipted_without_path_cleanup) ... ok
test_creation_outcome_survives_service_outer_union_and_failed_retry (tests.test_mo2_containment_service.Task4ExactEffectsFixTests.test_creation_outcome_survives_service_outer_union_and_failed_retry) ... ok
test_creation_outer_retry_preserves_new_owner_after_candidate_cleanup (tests.test_mo2_containment_service.Task4ExactEffectsFixTests.test_creation_outer_retry_preserves_new_owner_after_candidate_cleanup) ... ok
test_creation_receipt_interrupt_preserves_primary_owners_and_proven_effects (tests.test_mo2_containment_service.Task4ExactEffectsFixTests.test_creation_receipt_interrupt_preserves_primary_owners_and_proven_effects) ... ok
test_delegated_guard_rejects_ancestor_swap_during_root_acquisition (tests.test_mo2_containment_service.Task4ExactEffectsFixTests.test_delegated_guard_rejects_ancestor_swap_during_root_acquisition) ... ok
test_delegated_mutation_rejects_ancestor_junction_before_delegate (tests.test_mo2_containment_service.Task4ExactEffectsFixTests.test_delegated_mutation_rejects_ancestor_junction_before_delegate) ... ok
test_delegated_mutation_rejects_nested_junction_before_delegate (tests.test_mo2_containment_service.Task4ExactEffectsFixTests.test_delegated_mutation_rejects_nested_junction_before_delegate) ... ok
test_delegated_mutation_rejects_root_junction_before_delegate (tests.test_mo2_containment_service.Task4ExactEffectsFixTests.test_delegated_mutation_rejects_root_junction_before_delegate) ... ok
test_delegated_mutation_reports_root_then_fails_if_delegate_creates_reparse (tests.test_mo2_containment_service.Task4ExactEffectsFixTests.test_delegated_mutation_reports_root_then_fails_if_delegate_creates_reparse) ... ok
test_delegated_observation_failure_preserves_store_ownership_type (tests.test_mo2_containment_service.Task4ExactEffectsFixTests.test_delegated_observation_failure_preserves_store_ownership_type) ... ok
test_delegated_root_ancestor_cannot_be_swapped_during_delegate (tests.test_mo2_containment_service.Task4ExactEffectsFixTests.test_delegated_root_ancestor_cannot_be_swapped_during_delegate) ... ok
test_delegated_root_cannot_be_swapped_in_pre_delegate_gap (tests.test_mo2_containment_service.Task4ExactEffectsFixTests.test_delegated_root_cannot_be_swapped_in_pre_delegate_gap) ... ok
test_dual_operation_and_observer_ownership_is_unioned_and_resolvable (tests.test_mo2_containment_service.Task4ExactEffectsFixTests.test_dual_operation_and_observer_ownership_is_unioned_and_resolvable) ... ok
test_effect_merge_preserves_repeated_preparation_launches_in_order (tests.test_mo2_containment_service.Task4ExactEffectsFixTests.test_effect_merge_preserves_repeated_preparation_launches_in_order) ... ok
test_effect_receipt_rejects_relative_paths (tests.test_mo2_containment_service.Task4ExactEffectsFixTests.test_effect_receipt_rejects_relative_paths) ... ok
test_exact_created_candidate_cleanup_success_has_no_surviving_receipt (tests.test_mo2_containment_service.Task4ExactEffectsFixTests.test_exact_created_candidate_cleanup_success_has_no_surviving_receipt) ... ok
test_interrupted_snapshot_closes_retained_pins_without_completing_observation (tests.test_mo2_containment_service.Task4ExactEffectsFixTests.test_interrupted_snapshot_closes_retained_pins_without_completing_observation) ... ok
test_interrupted_snapshot_unions_acquisition_retained_and_close_failure_owners (tests.test_mo2_containment_service.Task4ExactEffectsFixTests.test_interrupted_snapshot_unions_acquisition_retained_and_close_failure_owners) ... ok
test_launch_evidence_ownership_failure_is_not_flattened_or_transitioned (tests.test_mo2_containment_service.Task4ExactEffectsFixTests.test_launch_evidence_ownership_failure_is_not_flattened_or_transitioned) ... ok
test_launch_helper_failure_after_creation_preserves_mo2_pid (tests.test_mo2_containment_service.Task4ExactEffectsFixTests.test_launch_helper_failure_after_creation_preserves_mo2_pid) ... ok
test_multi_root_post_observation_collects_every_position_and_change (tests.test_mo2_containment_service.Task4ExactEffectsFixTests.test_multi_root_post_observation_collects_every_position_and_change) ... ok
test_multi_root_unions_all_observers_and_dual_operation_owner (tests.test_mo2_containment_service.Task4ExactEffectsFixTests.test_multi_root_unions_all_observers_and_dual_operation_owner) ... ok
test_mutation_guard_allows_unrelated_sibling_creation_during_acquisition (tests.test_mo2_containment_service.Task4ExactEffectsFixTests.test_mutation_guard_allows_unrelated_sibling_creation_during_acquisition) ... ok
test_mutation_guard_identity_lookup_ownership_remains_resolvable (tests.test_mo2_containment_service.Task4ExactEffectsFixTests.test_mutation_guard_identity_lookup_ownership_remains_resolvable) ... ok
test_mutation_guard_rejects_exact_root_swap_during_acquisition (tests.test_mo2_containment_service.Task4ExactEffectsFixTests.test_mutation_guard_rejects_exact_root_swap_during_acquisition) ... ok
test_mutation_guard_rejects_same_file_id_from_foreign_volume (tests.test_mo2_containment_service.Task4ExactEffectsFixTests.test_mutation_guard_rejects_same_file_id_from_foreign_volume) ... ok
test_mutation_guard_retains_the_native_canonical_path_identity (tests.test_mo2_containment_service.Task4ExactEffectsFixTests.test_mutation_guard_retains_the_native_canonical_path_identity) ... ok
test_mutation_observation_allows_unrelated_ancestor_sibling_creation (tests.test_mo2_containment_service.Task4ExactEffectsFixTests.test_mutation_observation_allows_unrelated_ancestor_sibling_creation) ... ok
test_mutation_observation_rejects_directory_swap_during_enumeration (tests.test_mo2_containment_service.Task4ExactEffectsFixTests.test_mutation_observation_rejects_directory_swap_during_enumeration) ... ok
test_persisted_projection_parent_pins_are_borrowed_as_mutation_guards (tests.test_mo2_containment_service.Task4ExactEffectsFixTests.test_persisted_projection_parent_pins_are_borrowed_as_mutation_guards) ... ok
test_pinned_tree_rejects_stable_name_with_changed_member_identity (tests.test_mo2_containment_service.Task4ExactEffectsFixTests.test_pinned_tree_rejects_stable_name_with_changed_member_identity) ... ok
test_post_pin_identity_lookup_ownership_closes_guard_and_remains_resolvable (tests.test_mo2_containment_service.Task4ExactEffectsFixTests.test_post_pin_identity_lookup_ownership_closes_guard_and_remains_resolvable) ... ok
test_relocation_finalizer_unions_primary_and_authority_owners (tests.test_mo2_containment_service.Task4ExactEffectsFixTests.test_relocation_finalizer_unions_primary_and_authority_owners) ... ok
test_retained_authority_closes_partial_tree_carried_by_pin_rejection (tests.test_mo2_containment_service.Task4ExactEffectsFixTests.test_retained_authority_closes_partial_tree_carried_by_pin_rejection) ... ok
test_retained_preflight_binds_created_owner_then_reverifies_before_operation (tests.test_mo2_containment_service.Task4ExactEffectsFixTests.test_retained_preflight_binds_created_owner_then_reverifies_before_operation) ... ok
test_retained_preflight_mismatch_refuses_before_missing_root_creation (tests.test_mo2_containment_service.Task4ExactEffectsFixTests.test_retained_preflight_mismatch_refuses_before_missing_root_creation) ... ok
test_retained_preflight_mismatch_refuses_with_existing_root (tests.test_mo2_containment_service.Task4ExactEffectsFixTests.test_retained_preflight_mismatch_refuses_with_existing_root) ... ok
test_retained_preflight_verifies_before_missing_root_creation (tests.test_mo2_containment_service.Task4ExactEffectsFixTests.test_retained_preflight_verifies_before_missing_root_creation) ... ok
test_retained_relocation_members_compare_in_canonical_evidence_order (tests.test_mo2_containment_service.Task4ExactEffectsFixTests.test_retained_relocation_members_compare_in_canonical_evidence_order) ... ok
test_retained_replacement_outputs_are_canonical_not_acquisition_order (tests.test_mo2_containment_service.Task4ExactEffectsFixTests.test_retained_replacement_outputs_are_canonical_not_acquisition_order) ... ok
test_surviving_exact_created_candidate_is_receipted_before_ownership_refusal (tests.test_mo2_containment_service.Task4ExactEffectsFixTests.test_surviving_exact_created_candidate_is_receipted_before_ownership_refusal) ... ok
test_verification_only_native_creation_refusal_has_no_receipt (tests.test_mo2_containment_service.Task4ExactEffectsFixTests.test_verification_only_native_creation_refusal_has_no_receipt) ... ok

----------------------------------------------------------------------
Ran 180 tests in 10.374s

OK
Exit=0
