test_apply_path_refusal_creates_no_job_stage_or_marker (tests.test_mo2_path_budget.PathBudgetEntryPointTests.test_apply_path_refusal_creates_no_job_stage_or_marker) ... ok
test_archive_deep_destination_refuses_without_creating_stage (tests.test_mo2_path_budget.PathBudgetEntryPointTests.test_archive_deep_destination_refuses_without_creating_stage) ... ok
test_containment_prepare_one_over_refuses_before_root_or_record_creation (tests.test_mo2_path_budget.PathBudgetEntryPointTests.test_containment_prepare_one_over_refuses_before_root_or_record_creation) ... ok
test_new_bootstrap_plan_explicitly_selects_new_layout (tests.test_mo2_path_budget.PathBudgetEntryPointTests.test_new_bootstrap_plan_explicitly_selects_new_layout) ... ok
test_refused_prepare_preserves_absent_validation_and_workspace_branches (tests.test_mo2_path_budget.PathBudgetEntryPointTests.test_refused_prepare_preserves_absent_validation_and_workspace_branches) ... ok
test_schema_two_budget_error_is_mapped_before_job_or_stage_creation (tests.test_mo2_path_budget.PathBudgetEntryPointTests.test_schema_two_budget_error_is_mapped_before_job_or_stage_creation) ... ok
test_aliases_unknown_consumers_unbounded_patterns_are_unsupported (tests.test_mo2_path_budget.PathBudgetPolicyTests.test_aliases_unknown_consumers_unbounded_patterns_are_unsupported) ... ok
test_archive_budget_rejects_forged_entry_spelling_kind_and_digest (tests.test_mo2_path_budget.PathBudgetPolicyTests.test_archive_budget_rejects_forged_entry_spelling_kind_and_digest) ... ok
test_bootstrap_budget_uses_exact_mutator_temp_names (tests.test_mo2_path_budget.PathBudgetPolicyTests.test_bootstrap_budget_uses_exact_mutator_temp_names) ... ok
test_budget_roundtrip_cannot_acquire_runtime_scope_or_reinterpret_legacy (tests.test_mo2_path_budget.PathBudgetPolicyTests.test_budget_roundtrip_cannot_acquire_runtime_scope_or_reinterpret_legacy) ... ok
test_containment_budget_names_exact_records_replacements_and_quarantine (tests.test_mo2_path_budget.PathBudgetPolicyTests.test_containment_budget_names_exact_records_replacements_and_quarantine) ... ok
test_exact_consumer_limits_and_one_unit_over (tests.test_mo2_path_budget.PathBudgetPolicyTests.test_exact_consumer_limits_and_one_unit_over) ... ok
test_new_layout_full_identity_and_strict_legacy_plan_and_journal_roundtrips (tests.test_mo2_path_budget.PathBudgetPolicyTests.test_new_layout_full_identity_and_strict_legacy_plan_and_journal_roundtrips) ... ok
test_non_bmp_uses_two_units_and_components_are_bounded (tests.test_mo2_path_budget.PathBudgetPolicyTests.test_non_bmp_uses_two_units_and_components_are_bounded) ... ok
test_schema_one_plan_and_journal_have_fixed_canonical_byte_identities (tests.test_mo2_path_budget.PathBudgetPolicyTests.test_schema_one_plan_and_journal_have_fixed_canonical_byte_identities) ... ok
test_already_managed_apply_is_an_honest_no_op (tests.test_mo2_bootstrap_cli.Mo2BootstrapRenderingTests.test_already_managed_apply_is_an_honest_no_op) ... ok
test_apply_json_exposes_exact_journal_receipt_and_actions (tests.test_mo2_bootstrap_cli.Mo2BootstrapRenderingTests.test_apply_json_exposes_exact_journal_receipt_and_actions) ... ok
test_preview_json_has_complete_evidence_and_only_plan_write (tests.test_mo2_bootstrap_cli.Mo2BootstrapRenderingTests.test_preview_json_has_complete_evidence_and_only_plan_write) ... ok
test_real_adopt_and_already_managed_results_are_manager_no_ops (tests.test_mo2_bootstrap_cli.Mo2BootstrapRenderingTests.test_real_adopt_and_already_managed_results_are_manager_no_ops) ... ok
test_real_create_result_satisfies_renderer_contract (tests.test_mo2_bootstrap_cli.Mo2BootstrapRenderingTests.test_real_create_result_satisfies_renderer_contract) ... ok
test_real_finalized_recovery_satisfies_renderer_contract (tests.test_mo2_bootstrap_cli.Mo2BootstrapRenderingTests.test_real_finalized_recovery_satisfies_renderer_contract) ... ok
test_recovery_json_and_text_report_recovered_without_invented_actions (tests.test_mo2_bootstrap_cli.Mo2BootstrapRenderingTests.test_recovery_json_and_text_report_recovered_without_invented_actions) ... ok
test_text_leads_with_outcome_and_ends_with_precise_launch_claim (tests.test_mo2_bootstrap_cli.Mo2BootstrapRenderingTests.test_text_leads_with_outcome_and_ends_with_precise_launch_claim) ... ok
test_verified_recovery_text_reports_the_receipt_mode (tests.test_mo2_bootstrap_cli.Mo2BootstrapRenderingTests.test_verified_recovery_text_reports_the_receipt_mode) ... ok
test_active_job_stage_collision_requires_recovery (tests.test_mo2_bootstrap_planning.Mo2BootstrapPlanningTests.test_active_job_stage_collision_requires_recovery) ... ok
test_real_post_activation_refusal_reports_recovery_job_and_actions (tests.test_mo2_bootstrap_cli.Mo2BootstrapCliTests.test_real_post_activation_refusal_reports_recovery_job_and_actions) ... ok
test_real_post_quarantine_failure_reports_both_recovery_paths (tests.test_mo2_bootstrap_cli.Mo2BootstrapCliTests.test_real_post_quarantine_failure_reports_both_recovery_paths) ... ok
test_create_and_adopt_report_a_receipt_promoted_before_reload_failure (tests.test_mo2_bootstrap_cli.Mo2BootstrapCliTests.test_create_and_adopt_report_a_receipt_promoted_before_reload_failure) ... ok

----------------------------------------------------------------------
Ran 28 tests in 8.954s

OK
Exit: 0
