test_relocation_preflight_rejects_source_and_quarantine_name_collisions (tests.test_mo2_containment_service.ContainmentServiceTests.test_relocation_preflight_rejects_source_and_quarantine_name_collisions) ... 
  test_relocation_preflight_rejects_source_and_quarantine_name_collisions (tests.test_mo2_containment_service.ContainmentServiceTests.test_relocation_preflight_rejects_source_and_quarantine_name_collisions) (destination='source', spelling='ModLab Spike New') ... FAIL
  test_relocation_preflight_rejects_source_and_quarantine_name_collisions (tests.test_mo2_containment_service.ContainmentServiceTests.test_relocation_preflight_rejects_source_and_quarantine_name_collisions) (destination='source', spelling='mODlAB sPIKE nEW') ... FAIL
  test_relocation_preflight_rejects_source_and_quarantine_name_collisions (tests.test_mo2_containment_service.ContainmentServiceTests.test_relocation_preflight_rejects_source_and_quarantine_name_collisions) (destination='quarantine', spelling='ModLab Spike New') ... FAIL
  test_relocation_preflight_rejects_source_and_quarantine_name_collisions (tests.test_mo2_containment_service.ContainmentServiceTests.test_relocation_preflight_rejects_source_and_quarantine_name_collisions) (destination='quarantine', spelling='mODlAB sPIKE nEW') ... FAIL

======================================================================
FAIL: test_relocation_preflight_rejects_source_and_quarantine_name_collisions (tests.test_mo2_containment_service.ContainmentServiceTests.test_relocation_preflight_rejects_source_and_quarantine_name_collisions) (destination='source', spelling='ModLab Spike New')
----------------------------------------------------------------------
modlab.validation.mo2_containment_service.ContainmentServiceError: relocation tree observation is not canonically ordered

During handling of the above exception, another exception occurred:

Traceback (most recent call last):
  File "C:\Users\red\Desktop\Modlab\.worktrees\mo2-guard-bridge-handshake\tests\test_mo2_containment_service.py", line 647, in test_relocation_preflight_rejects_source_and_quarantine_name_collisions
    self.assertRaisesRegex(
AssertionError: "destination collision" does not match "relocation tree observation is not canonically ordered"

======================================================================
FAIL: test_relocation_preflight_rejects_source_and_quarantine_name_collisions (tests.test_mo2_containment_service.ContainmentServiceTests.test_relocation_preflight_rejects_source_and_quarantine_name_collisions) (destination='source', spelling='mODlAB sPIKE nEW')
----------------------------------------------------------------------
modlab.validation.mo2_containment_service.ContainmentServiceError: relocation tree observation is not canonically ordered

During handling of the above exception, another exception occurred:

Traceback (most recent call last):
  File "C:\Users\red\Desktop\Modlab\.worktrees\mo2-guard-bridge-handshake\tests\test_mo2_containment_service.py", line 647, in test_relocation_preflight_rejects_source_and_quarantine_name_collisions
    self.assertRaisesRegex(
AssertionError: "destination collision" does not match "relocation tree observation is not canonically ordered"

======================================================================
FAIL: test_relocation_preflight_rejects_source_and_quarantine_name_collisions (tests.test_mo2_containment_service.ContainmentServiceTests.test_relocation_preflight_rejects_source_and_quarantine_name_collisions) (destination='quarantine', spelling='ModLab Spike New')
----------------------------------------------------------------------
modlab.validation.mo2_containment_service.ContainmentServiceError: relocation tree observation is not canonically ordered

During handling of the above exception, another exception occurred:

Traceback (most recent call last):
  File "C:\Users\red\Desktop\Modlab\.worktrees\mo2-guard-bridge-handshake\tests\test_mo2_containment_service.py", line 674, in test_relocation_preflight_rejects_source_and_quarantine_name_collisions
    self.assertRaisesRegex(
AssertionError: "destination collision" does not match "relocation tree observation is not canonically ordered"

======================================================================
FAIL: test_relocation_preflight_rejects_source_and_quarantine_name_collisions (tests.test_mo2_containment_service.ContainmentServiceTests.test_relocation_preflight_rejects_source_and_quarantine_name_collisions) (destination='quarantine', spelling='mODlAB sPIKE nEW')
----------------------------------------------------------------------
modlab.validation.mo2_containment_service.ContainmentServiceError: relocation tree observation is not canonically ordered

During handling of the above exception, another exception occurred:

Traceback (most recent call last):
  File "C:\Users\red\Desktop\Modlab\.worktrees\mo2-guard-bridge-handshake\tests\test_mo2_containment_service.py", line 674, in test_relocation_preflight_rejects_source_and_quarantine_name_collisions
    self.assertRaisesRegex(
AssertionError: "destination collision" does not match "relocation tree observation is not canonically ordered"

----------------------------------------------------------------------
Ran 1 test in 0.006s

FAILED (failures=4)
Exit 1
