test_adopt_can_verify_without_apply_or_activation_states (tests.test_mo2_bootstrap_store.Mo2BootstrapStoreTests.test_adopt_can_verify_without_apply_or_activation_states) ... ok
test_completed_publication_later_reload_failure_keeps_document (tests.test_mo2_bootstrap_store.Mo2BootstrapStoreTests.test_completed_publication_later_reload_failure_keeps_document) ... ok
test_concurrent_stale_journal_writer_cannot_promote (tests.test_mo2_bootstrap_store.Mo2BootstrapStoreTests.test_concurrent_stale_journal_writer_cannot_promote) ... ok
test_create_and_adopt_state_machines_allow_only_declared_edges (tests.test_mo2_bootstrap_store.Mo2BootstrapStoreTests.test_create_and_adopt_state_machines_allow_only_declared_edges) ... ok
test_create_can_advance_through_apply_and_activation_only_with_receipt (tests.test_mo2_bootstrap_store.Mo2BootstrapStoreTests.test_create_can_advance_through_apply_and_activation_only_with_receipt) ... ok
test_create_job_derives_confined_paths_and_durably_records_planned (tests.test_mo2_bootstrap_store.Mo2BootstrapStoreTests.test_create_job_derives_confined_paths_and_durably_records_planned) ... ok
test_create_job_records_existing_prior_snapshot_for_adopt (tests.test_mo2_bootstrap_store.Mo2BootstrapStoreTests.test_create_job_records_existing_prior_snapshot_for_adopt) ... ok
test_create_job_requires_exact_stored_plan_and_usable_disposition (tests.test_mo2_bootstrap_store.Mo2BootstrapStoreTests.test_create_job_requires_exact_stored_plan_and_usable_disposition) ... ok
test_duplicate_job_identity_is_never_reused (tests.test_mo2_bootstrap_store.Mo2BootstrapStoreTests.test_duplicate_job_identity_is_never_reused) ... ok
test_failed_initial_journal_promotion_removes_only_its_new_empty_job (tests.test_mo2_bootstrap_store.Mo2BootstrapStoreTests.test_failed_initial_journal_promotion_removes_only_its_new_empty_job) ... ok
test_find_compatible_receipt_filters_verified_evidence_and_never_hides_damage (tests.test_mo2_bootstrap_store.Mo2BootstrapStoreTests.test_find_compatible_receipt_filters_verified_evidence_and_never_hides_damage) ... ok
test_immutable_owner_failure_keeps_record_identity_and_live_union (tests.test_mo2_bootstrap_store.Mo2BootstrapStoreTests.test_immutable_owner_failure_keeps_record_identity_and_live_union) ... ok
test_immutable_race_never_overwrites_bytes_that_appear_at_target (tests.test_mo2_bootstrap_store.Mo2BootstrapStoreTests.test_immutable_race_never_overwrites_bytes_that_appear_at_target) ... ok
test_initial_journal_ownership_resolution_unwinds_exact_job_then_retries (tests.test_mo2_bootstrap_store.Mo2BootstrapStoreTests.test_initial_journal_ownership_resolution_unwinds_exact_job_then_retries) ... ok
test_initial_journal_validation_failure_preserves_promotion_evidence (tests.test_mo2_bootstrap_store.Mo2BootstrapStoreTests.test_initial_journal_validation_failure_preserves_promotion_evidence) ... ok
test_load_plan_requires_exact_canonical_bytes_and_matching_filename (tests.test_mo2_bootstrap_store.Mo2BootstrapStoreTests.test_load_plan_requires_exact_canonical_bytes_and_matching_filename) ... ok
test_matching_receipt_without_verified_journal_requires_recovery (tests.test_mo2_bootstrap_store.Mo2BootstrapStoreTests.test_matching_receipt_without_verified_journal_requires_recovery) ... ok
test_missing_or_invalid_plan_identity_never_becomes_a_path (tests.test_mo2_bootstrap_store.Mo2BootstrapStoreTests.test_missing_or_invalid_plan_identity_never_becomes_a_path) ... ok
test_plan_for_another_workspace_is_never_stored (tests.test_mo2_bootstrap_store.Mo2BootstrapStoreTests.test_plan_for_another_workspace_is_never_stored) ... ok
test_plan_is_content_addressed_idempotent_and_conflict_safe (tests.test_mo2_bootstrap_store.Mo2BootstrapStoreTests.test_plan_is_content_addressed_idempotent_and_conflict_safe) ... ok
test_post_promotion_disappearance_preserves_record_identity (tests.test_mo2_bootstrap_store.Mo2BootstrapStoreTests.test_post_promotion_disappearance_preserves_record_identity) ... ok
test_pre_promotion_failure_leaves_no_target_or_part_file (tests.test_mo2_bootstrap_store.Mo2BootstrapStoreTests.test_pre_promotion_failure_leaves_no_target_or_part_file) ... ok
test_private_candidate_ownership_reports_no_final_publication_effect (tests.test_mo2_bootstrap_store.Mo2BootstrapStoreTests.test_private_candidate_ownership_reports_no_final_publication_effect) ... ok
test_promotion_failure_preserves_old_journal_and_cleans_part (tests.test_mo2_bootstrap_store.Mo2BootstrapStoreTests.test_promotion_failure_preserves_old_journal_and_cleans_part) ... ok
test_receipt_is_content_addressed_immutable_and_strictly_loaded (tests.test_mo2_bootstrap_store.Mo2BootstrapStoreTests.test_receipt_is_content_addressed_immutable_and_strictly_loaded) ... ok
test_receipt_read_failure_preserves_promotion_evidence (tests.test_mo2_bootstrap_store.Mo2BootstrapStoreTests.test_receipt_read_failure_preserves_promotion_evidence) ... ok
test_recovery_required_create_can_reestablish_activated_then_verified (tests.test_mo2_bootstrap_store.Mo2BootstrapStoreTests.test_recovery_required_create_can_reestablish_activated_then_verified) ... ok
test_redirected_plan_job_and_receipt_ancestors_are_rejected (tests.test_mo2_bootstrap_store.Mo2BootstrapStoreTests.test_redirected_plan_job_and_receipt_ancestors_are_rejected) ... ok
test_renamed_then_rolled_back_publication_reports_visible_incomplete_effect (tests.test_mo2_bootstrap_store.Mo2BootstrapStoreTests.test_renamed_then_rolled_back_publication_reports_visible_incomplete_effect) ... ok
test_transition_is_compare_and_swap_on_exact_observed_bytes_and_state (tests.test_mo2_bootstrap_store.Mo2BootstrapStoreTests.test_transition_is_compare_and_swap_on_exact_observed_bytes_and_state) ... ok
test_transition_rejects_external_byte_change_and_identity_change (tests.test_mo2_bootstrap_store.Mo2BootstrapStoreTests.test_transition_rejects_external_byte_change_and_identity_change) ... ok
test_verified_transition_rejects_receipt_that_conflicts_with_plan (tests.test_mo2_bootstrap_store.Mo2BootstrapStoreTests.test_verified_transition_rejects_receipt_that_conflicts_with_plan) ... ok
test_activated_valid_target_is_finalized (tests.test_mo2_bootstrap_recovery.Mo2BootstrapRecoveryTests.test_activated_valid_target_is_finalized) ... ok
test_active_target_with_recreated_stage_collision_is_untouched (tests.test_mo2_bootstrap_recovery.Mo2BootstrapRecoveryTests.test_active_target_with_recreated_stage_collision_is_untouched) ... ok
test_adopt_recovery_quarantines_stage_without_changing_manager (tests.test_mo2_bootstrap_recovery.Mo2BootstrapRecoveryTests.test_adopt_recovery_quarantines_stage_without_changing_manager) ... ok
test_applying_without_activation_restores_exact_empty_target (tests.test_mo2_bootstrap_recovery.Mo2BootstrapRecoveryTests.test_applying_without_activation_restores_exact_empty_target) ... ok
test_changed_journal_is_rejected_without_moving_any_tree (tests.test_mo2_bootstrap_recovery.Mo2BootstrapRecoveryTests.test_changed_journal_is_rejected_without_moving_any_tree) ... ok
test_changed_plan_is_rejected_without_moving_any_tree (tests.test_mo2_bootstrap_recovery.Mo2BootstrapRecoveryTests.test_changed_plan_is_rejected_without_moving_any_tree) ... ok
test_changed_verified_receipt_is_rejected (tests.test_mo2_bootstrap_recovery.Mo2BootstrapRecoveryTests.test_changed_verified_receipt_is_rejected) ... ok
test_cleanup_failure_leaves_verified_receipt_and_is_retryable (tests.test_mo2_bootstrap_recovery.Mo2BootstrapRecoveryTests.test_cleanup_failure_leaves_verified_receipt_and_is_retryable) ... ok
test_crash_after_activation_rename_is_finalized_from_applying_evidence (tests.test_mo2_bootstrap_recovery.Mo2BootstrapRecoveryTests.test_crash_after_activation_rename_is_finalized_from_applying_evidence) ... ok
test_exact_but_unready_activation_is_quarantined_and_prior_restored (tests.test_mo2_bootstrap_recovery.Mo2BootstrapRecoveryTests.test_exact_but_unready_activation_is_quarantined_and_prior_restored) ... ok
test_manager_ancestry_change_after_active_observation_blocks_finalization (tests.test_mo2_bootstrap_recovery.Mo2BootstrapRecoveryTests.test_manager_ancestry_change_after_active_observation_blocks_finalization) ... ok
test_manager_ancestry_change_after_stage_quarantine_blocks_recovered (tests.test_mo2_bootstrap_recovery.Mo2BootstrapRecoveryTests.test_manager_ancestry_change_after_stage_quarantine_blocks_recovered) ... ok
test_missing_prior_blocks_applying_recovery_without_moving_stage (tests.test_mo2_bootstrap_recovery.Mo2BootstrapRecoveryTests.test_missing_prior_blocks_applying_recovery_without_moving_stage) ... ok
test_modified_activated_target_is_left_untouched (tests.test_mo2_bootstrap_recovery.Mo2BootstrapRecoveryTests.test_modified_activated_target_is_left_untouched) ... ok
test_modified_staged_tree_is_left_untouched (tests.test_mo2_bootstrap_recovery.Mo2BootstrapRecoveryTests.test_modified_staged_tree_is_left_untouched) ... ok
test_orphan_receipt_is_reused_after_verified_journal_failure (tests.test_mo2_bootstrap_recovery.Mo2BootstrapRecoveryTests.test_orphan_receipt_is_reused_after_verified_journal_failure) ... ok
test_partial_known_prior_cleanup_resumes_after_restart (tests.test_mo2_bootstrap_recovery.Mo2BootstrapRecoveryTests.test_partial_known_prior_cleanup_resumes_after_restart) ... ok
test_partial_staging_without_inventory_is_left_untouched (tests.test_mo2_bootstrap_recovery.Mo2BootstrapRecoveryTests.test_partial_staging_without_inventory_is_left_untouched) ... ok
test_planned_job_does_not_claim_an_unexpected_stage_path (tests.test_mo2_bootstrap_recovery.Mo2BootstrapRecoveryTests.test_planned_job_does_not_claim_an_unexpected_stage_path) ... ok
test_receipt_failure_is_retryable_from_recovery_required (tests.test_mo2_bootstrap_recovery.Mo2BootstrapRecoveryTests.test_receipt_failure_is_retryable_from_recovery_required) ... ok
test_recovered_adopt_orphan_receipt_does_not_poison_replanning (tests.test_mo2_bootstrap_recovery.Mo2BootstrapRecoveryTests.test_recovered_adopt_orphan_receipt_does_not_poison_replanning) ... ok
test_recovery_cross_volume_refusal_leaves_stage_retryable (tests.test_mo2_bootstrap_recovery.Mo2BootstrapRecoveryTests.test_recovery_cross_volume_refusal_leaves_stage_retryable) ... ok
test_recovery_destination_parent_substitution_preserves_journal_for_retry (tests.test_mo2_bootstrap_recovery.Mo2BootstrapRecoveryTests.test_recovery_destination_parent_substitution_preserves_journal_for_retry) ... ok
test_recovery_move_close_failure_retains_owners_and_retries_after_resolution (tests.test_mo2_bootstrap_recovery.Mo2BootstrapRecoveryTests.test_recovery_move_close_failure_retains_owners_and_retries_after_resolution) ... ok
test_recovery_service_is_publicly_exported (tests.test_mo2_bootstrap_recovery.Mo2BootstrapRecoveryTests.test_recovery_service_is_publicly_exported) ... ok
test_recovery_source_substitution_moves_only_the_pinned_stage (tests.test_mo2_bootstrap_recovery.Mo2BootstrapRecoveryTests.test_recovery_source_substitution_moves_only_the_pinned_stage) ... ok
test_recovery_unknown_reparse_identity_refuses_then_cleanly_retries (tests.test_mo2_bootstrap_recovery.Mo2BootstrapRecoveryTests.test_recovery_unknown_reparse_identity_refuses_then_cleanly_retries) ... ok
test_recovery_wrong_source_type_preserves_unknown_and_recorded_stage (tests.test_mo2_bootstrap_recovery.Mo2BootstrapRecoveryTests.test_recovery_wrong_source_type_preserves_unknown_and_recorded_stage) ... ok
test_restore_rename_failure_is_retryable_from_filesystem_evidence (tests.test_mo2_bootstrap_recovery.Mo2BootstrapRecoveryTests.test_restore_rename_failure_is_retryable_from_filesystem_evidence) ... ok
test_running_process_blocks_recovery_before_manager_changes (tests.test_mo2_bootstrap_recovery.Mo2BootstrapRecoveryTests.test_running_process_blocks_recovery_before_manager_changes) ... ok
test_stage_quarantine_survives_journal_failure_and_retries (tests.test_mo2_bootstrap_recovery.Mo2BootstrapRecoveryTests.test_stage_quarantine_survives_journal_failure_and_retries) ... ok
test_staged_job_quarantines_only_the_exact_recorded_stage (tests.test_mo2_bootstrap_recovery.Mo2BootstrapRecoveryTests.test_staged_job_quarantines_only_the_exact_recorded_stage) ... ok
test_target_change_during_stage_quarantine_is_not_marked_recovered (tests.test_mo2_bootstrap_recovery.Mo2BootstrapRecoveryTests.test_target_change_during_stage_quarantine_is_not_marked_recovered) ... ok
test_unexpected_nonempty_target_remains_recovery_required (tests.test_mo2_bootstrap_recovery.Mo2BootstrapRecoveryTests.test_unexpected_nonempty_target_remains_recovery_required) ... ok
test_unrecorded_empty_directory_blocks_activated_finalization (tests.test_mo2_bootstrap_recovery.Mo2BootstrapRecoveryTests.test_unrecorded_empty_directory_blocks_activated_finalization) ... ok
test_verified_journal_rejects_canonical_receipt_with_wrong_mode (tests.test_mo2_bootstrap_recovery.Mo2BootstrapRecoveryTests.test_verified_journal_rejects_canonical_receipt_with_wrong_mode) ... ok

----------------------------------------------------------------------
Ran 68 tests in 46.631s

OK
