5bc1d65afef509774c9492831efb008e665ba82d54c7e2be0e94891cd083918f  modlab/adapters/mo2/archive.py
183dc4ccc4a7c07f604a65293528acd18cc7a7c71b89a782d5cc6c1f529fe183  modlab/adapters/mo2/bootstrap_model.py
91044c71a93469cb83ce1a9120548ebaa68af253092151423ca50c9ce217f68f  modlab/adapters/mo2/bootstrap_serialization.py
9376dac474ec63eb8c477198b85e7d886d1c815b603894d34961420a1f227cc4  modlab/adapters/mo2/path_budget.py
0b192bffb7d577b2ffa3b49a9c3ab1241573ff5691f51882df5672518da77934  modlab/platform/windows_exact_fs.py
bc2bf05157ba261829a42e79706fe0e4e941057cc27a2f7dfaafd20379f6dd2c  modlab/validation/mo2_containment_fixtures.py
220934abccd314f7f431acc0914c361d424165a013093ec0aee72c6749f3b049  modlab/validation/mo2_containment_service.py
7701f40570607cf06a0461c2b3b981420b971dbb80219d831bc5e5a0c94848bd  modlab/validation/mo2_containment_store.py
c6319cc2654cb9f69237cc8a792917ca2cce29fd617e6f2583b5f9c18c375610  modlab/workflows/skyrim/mo2_bootstrap_rendering.py
0e92091b58d0a18f63599a8dd0fb0f0991c0423e86991937111d9f457b29e413  modlab/workflows/skyrim/mo2_bootstrap_store.py
42383c94034ad7350549ce4769a98108e3f4178368b99d38a41d05eef7719e01  modlab/workflows/skyrim/mo2_bootstrap.py
cd5c9b96055442db29cc45a4f32703db5f6749c9ecc052b63763f912dea28b5c  tests/support/mo2_bootstrap.py
ef4bd6f0bbeac325b8a6bc4235542c9d354d54dca186e789a7e0ee2c48bcae3e  tests/support/mo2_containment.py
2f0588af3b2a709a20ab73f9ffcde14f3bcfc7d11c33e32ea6f1aa8489a657b7  tests/test_mo2_archive.py
9847a80f3bcd6c273f033ec6aaa582bd3ee1c35bbc73f53d73d96baeda9e85d0  tests/test_mo2_bootstrap_adopt.py
5c363cc0e74501c2e6bb56ff095be2b2be5d12812933e7cf76a4c4fb6b9be3bc  tests/test_mo2_bootstrap_cli.py
0361ef43fa69487fd1de81217bcb0f1927b5029b5aa3b013f84a0e27225a95ef  tests/test_mo2_bootstrap_create.py
b54de85f5c06ce150003d41071e5480cb4a4c381352b1fa802b367b3384bb144  tests/test_mo2_bootstrap_planning.py
82034bf2b10e388331670386ac53655b92357e08fad4b567b56ed5cca3a282c8  tests/test_mo2_bootstrap_recovery.py
ec96c0af9a4fa79a80361643ceffef33d393dc2251f08ffb44a2b735758b7cae  tests/test_mo2_containment_fixtures.py
40a2c28b7a79a5b9f500b8afe234454085e9e91317ab572a6a13dbd3e1387da6  tests/test_mo2_containment_service.py
481e99d5048c0be825399aaa68477f4439cae473423b98e34b636464ac5a9464  tests/test_mo2_containment_store.py
c9a33ec7e20d0df72b903f5d0500dd2f78c735b085341abf39829556ac18a6b2  tests/test_mo2_path_budget.py
19b9dc8a315b074aba68554c2850bd0a7d0dde5a9e3570e4e905d9c4ed0c65ee  tests/test_mo2_preparation_recovery.py
