test_containment_budget_names_exact_records_replacements_and_quarantine (tests.test_mo2_path_budget.PathBudgetPolicyTests.test_containment_budget_names_exact_records_replacements_and_quarantine) ... ok
test_archives_have_exact_safe_contents_and_fomod_dependency (tests.test_mo2_containment_fixtures.ContainmentFixtureTests.test_archives_have_exact_safe_contents_and_fomod_dependency) ... ok
test_curated_archive_import_refuses_mismatched_bytes (tests.test_mo2_containment_fixtures.ContainmentFixtureTests.test_curated_archive_import_refuses_mismatched_bytes) ... ok
test_curated_archive_import_replaces_payload_name_without_hardlinking (tests.test_mo2_containment_fixtures.ContainmentFixtureTests.test_curated_archive_import_replaces_payload_name_without_hardlinking) ... ok
test_external_low_temp_uses_the_exact_low_child_of_the_current_temp_base (tests.test_mo2_containment_fixtures.ContainmentFixtureTests.test_external_low_temp_uses_the_exact_low_child_of_the_current_temp_base) ... ok
test_fixture_enables_non_plugin_fomod_dependencies_only_in_stage (tests.test_mo2_containment_fixtures.ContainmentFixtureTests.test_fixture_enables_non_plugin_fomod_dependencies_only_in_stage) ... ok
test_fixture_exposes_portable_cache_and_logs_under_the_stage_base_directory (tests.test_mo2_containment_fixtures.ContainmentFixtureTests.test_fixture_exposes_portable_cache_and_logs_under_the_stage_base_directory) ... ok
test_fixture_inner_vaults_retain_the_source_artifact_official_name (tests.test_mo2_containment_fixtures.ContainmentFixtureTests.test_fixture_inner_vaults_retain_the_source_artifact_official_name) ... ok
test_fixture_parent_override_is_exact_and_confined_below_validation_root (tests.test_mo2_containment_fixtures.ContainmentFixtureTests.test_fixture_parent_override_is_exact_and_confined_below_validation_root) ... ok
test_fixture_preflight_is_read_only_for_an_absent_nested_target (tests.test_mo2_containment_fixtures.ContainmentFixtureTests.test_fixture_preflight_is_read_only_for_an_absent_nested_target) ... ok
test_fixture_suppresses_nxm_registration_only_in_the_disposable_stage (tests.test_mo2_containment_fixtures.ContainmentFixtureTests.test_fixture_suppresses_nxm_registration_only_in_the_disposable_stage) ... ok
test_fixture_uses_two_confined_instances_and_payload_junctions (tests.test_mo2_containment_fixtures.ContainmentFixtureTests.test_fixture_uses_two_confined_instances_and_payload_junctions) ... ok
test_low_temp_refuses_missing_non_low_and_redirected_candidates (tests.test_mo2_containment_fixtures.ContainmentFixtureTests.test_low_temp_refuses_missing_non_low_and_redirected_candidates) ... ok
test_materialized_bootstrap_archive_preserves_preexisting_destination_after_xb_failure (tests.test_mo2_containment_fixtures.ContainmentFixtureTests.test_materialized_bootstrap_archive_preserves_preexisting_destination_after_xb_failure) ... ok
test_materialized_bootstrap_archive_refuses_changed_payload (tests.test_mo2_containment_fixtures.ContainmentFixtureTests.test_materialized_bootstrap_archive_refuses_changed_payload) ... ok
test_materialized_bootstrap_archive_refuses_noncurated_windows_names_before_creation (tests.test_mo2_containment_fixtures.ContainmentFixtureTests.test_materialized_bootstrap_archive_refuses_noncurated_windows_names_before_creation) ... ok
test_materialized_bootstrap_archive_refuses_unsafe_original_name (tests.test_mo2_containment_fixtures.ContainmentFixtureTests.test_materialized_bootstrap_archive_refuses_unsafe_original_name) ... ok
test_materialized_bootstrap_archive_removes_owned_partial_after_write_error (tests.test_mo2_containment_fixtures.ContainmentFixtureTests.test_materialized_bootstrap_archive_removes_owned_partial_after_write_error) ... ok
test_production_snapshot_records_file_metadata_without_payload_hashes (tests.test_mo2_containment_fixtures.ContainmentFixtureTests.test_production_snapshot_records_file_metadata_without_payload_hashes) ... ok
test_production_snapshot_records_reparse_without_following_it (tests.test_mo2_containment_fixtures.ContainmentFixtureTests.test_production_snapshot_records_reparse_without_following_it) ... skipped "directory symlink unavailable: [WinError 1314] A required privilege is not held by the client: 'C:\\\\Users\\\\red\\\\Desktop\\\\Modlab\\\\.worktrees\\\\mo2-guard-bridge-handshake\\\\nt\\\\tmpg5sodnsj\\\\outside' -> 'C:\\\\Users\\\\red\\\\Desktop\\\\Modlab\\\\.worktrees\\\\mo2-guard-bridge-handshake\\\\nt\\\\tmpg5sodnsj\\\\Steam\\\\library-link'"
test_real_fixture_evidence_derives_version_projection_and_steam_mutation (tests.test_mo2_containment_fixtures.ContainmentFixtureTests.test_real_fixture_evidence_derives_version_projection_and_steam_mutation) ... ok
test_real_fixture_evidence_refuses_empty_direct_projection_replacement (tests.test_mo2_containment_fixtures.ContainmentFixtureTests.test_real_fixture_evidence_refuses_empty_direct_projection_replacement) ... ok
test_real_fixture_refuses_bound_snapshot_path_change_after_preparation (tests.test_mo2_containment_fixtures.ContainmentFixtureTests.test_real_fixture_refuses_bound_snapshot_path_change_after_preparation) ... ok
test_skyrim_production_snapshot_ignores_unrelated_steam_cache_mutation (tests.test_mo2_containment_fixtures.ContainmentFixtureTests.test_skyrim_production_snapshot_ignores_unrelated_steam_cache_mutation) ... ok
test_skyrim_production_snapshot_refuses_discovery_path_change_during_capture (tests.test_mo2_containment_fixtures.ContainmentFixtureTests.test_skyrim_production_snapshot_refuses_discovery_path_change_during_capture) ... ok
test_skyrim_production_snapshot_refuses_discovery_report_change_during_capture (tests.test_mo2_containment_fixtures.ContainmentFixtureTests.test_skyrim_production_snapshot_refuses_discovery_report_change_during_capture) ... ok
test_skyrim_production_snapshot_refuses_missing_or_blocked_discovery (tests.test_mo2_containment_fixtures.ContainmentFixtureTests.test_skyrim_production_snapshot_refuses_missing_or_blocked_discovery) ... ok
test_skyrim_production_snapshot_reports_game_root_mutation (tests.test_mo2_containment_fixtures.ContainmentFixtureTests.test_skyrim_production_snapshot_reports_game_root_mutation) ... ok
test_skyrim_production_snapshot_reports_manifest_mutation (tests.test_mo2_containment_fixtures.ContainmentFixtureTests.test_skyrim_production_snapshot_reports_manifest_mutation) ... ok
test_stage_root_is_labeled_low_before_any_projection_can_exist (tests.test_mo2_containment_fixtures.ContainmentFixtureTests.test_stage_root_is_labeled_low_before_any_projection_can_exist) ... ok
test_stage_user_profile_contains_a_direct_desktop_before_launch (tests.test_mo2_containment_fixtures.ContainmentFixtureTests.test_stage_user_profile_contains_a_direct_desktop_before_launch) ... ok

----------------------------------------------------------------------
Ran 31 tests in 3.192s

OK (skipped=1)
Exit: 0
