test_import_json_reports_retention_but_no_installation (test_artifact_cli.ArtifactCliTests.test_import_json_reports_retention_but_no_installation) ... ok
test_list_reports_retained_archive_without_extracting_it (test_artifact_cli.ArtifactCliTests.test_list_reports_retained_archive_without_extracting_it) ... ok
test_modified_archive_returns_three_without_repairing_it (test_artifact_cli.ArtifactCliTests.test_modified_archive_returns_three_without_repairing_it) ... ok
test_unsupported_file_returns_data_error_without_traceback (test_artifact_cli.ArtifactCliTests.test_unsupported_file_returns_data_error_without_traceback) ... ok
test_verify_returns_zero_for_available_and_three_for_missing (test_artifact_cli.ArtifactCliTests.test_verify_returns_zero_for_available_and_three_for_missing) ... ok
test_rejects_absolute_or_parent_traversing_stored_path (test_artifact_serialization.ArtifactSerializationTests.test_rejects_absolute_or_parent_traversing_stored_path) ... ok
test_rejects_identity_that_does_not_match_hash (test_artifact_serialization.ArtifactSerializationTests.test_rejects_identity_that_does_not_match_hash) ... ok
test_round_trip_preserves_portable_identity_and_source_metadata (test_artifact_serialization.ArtifactSerializationTests.test_round_trip_preserves_portable_identity_and_source_metadata) ... ok
test_changed_bytes_create_a_different_artifact (test_artifact_vault.ArchiveVaultImportTests.test_changed_bytes_create_a_different_artifact) ... ok
test_import_copies_source_and_records_hand_checked_sha256 (test_artifact_vault.ArchiveVaultImportTests.test_import_copies_source_and_records_hand_checked_sha256) ... ok
test_metadata_promotion_failure_rolls_back_new_payload (test_artifact_vault.ArchiveVaultImportTests.test_metadata_promotion_failure_rolls_back_new_payload) ... ok
test_same_bytes_under_another_filename_reuse_one_payload (test_artifact_vault.ArchiveVaultImportTests.test_same_bytes_under_another_filename_reuse_one_payload) ... ok
test_source_inspection_failure_is_reported_as_an_import_error (test_artifact_vault.ArchiveVaultImportTests.test_source_inspection_failure_is_reported_as_an_import_error) ... ok
test_unsupported_and_empty_files_create_no_metadata_or_payload (test_artifact_vault.ArchiveVaultImportTests.test_unsupported_and_empty_files_create_no_metadata_or_payload) ... ok
test_changed_payload_is_modified_but_never_repaired (test_artifact_vault.ArchiveVaultVerificationTests.test_changed_payload_is_modified_but_never_repaired) ... ok
test_copy_failure_removes_only_its_staging_file (test_artifact_vault.ArchiveVaultVerificationTests.test_copy_failure_removes_only_its_staging_file) ... ok
test_deleted_payload_is_missing (test_artifact_vault.ArchiveVaultVerificationTests.test_deleted_payload_is_missing) ... ok
test_exact_stored_bytes_are_available (test_artifact_vault.ArchiveVaultVerificationTests.test_exact_stored_bytes_are_available) ... ok
test_get_rejects_malformed_and_reports_unknown_ids (test_artifact_vault.ArchiveVaultVerificationTests.test_get_rejects_malformed_and_reports_unknown_ids) ... ok
test_list_sorts_by_imported_time_then_artifact_id (test_artifact_vault.ArchiveVaultVerificationTests.test_list_sorts_by_imported_time_then_artifact_id) ... ok
test_malformed_metadata_is_not_hidden_from_listing (test_artifact_vault.ArchiveVaultVerificationTests.test_malformed_metadata_is_not_hidden_from_listing) ... ok
test_every_bundled_recipe_loads_and_remains_draft (test_catalogue.BundledCatalogueTests.test_every_bundled_recipe_loads_and_remains_draft) ... ok
test_openmw_draft_uses_openmw_adapter_without_mo2 (test_catalogue.BundledCatalogueTests.test_openmw_draft_uses_openmw_adapter_without_mo2) ... ok
test_skyrim_draft_keeps_play_mods_out_of_foundation (test_catalogue.BundledCatalogueTests.test_skyrim_draft_keeps_play_mods_out_of_foundation) ... ok
test_skyrim_draft_records_current_runtime_and_skse_as_data (test_catalogue.BundledCatalogueTests.test_skyrim_draft_records_current_runtime_and_skse_as_data) ... ok
test_component_without_constraints_has_no_findings (test_checking.CompatibilityCheckingTests.test_component_without_constraints_has_no_findings) ... ok
test_exact_value_is_passed (test_checking.CompatibilityCheckingTests.test_exact_value_is_passed) ... ok
test_matching_target_without_exact_artifact_pin_is_unknown (test_checking.CompatibilityCheckingTests.test_matching_target_without_exact_artifact_pin_is_unknown) ... ok
test_missing_dimension_is_unknown (test_checking.CompatibilityCheckingTests.test_missing_dimension_is_unknown) ... ok
test_proven_wrong_value_is_blocked (test_checking.CompatibilityCheckingTests.test_proven_wrong_value_is_blocked) ... ok
test_list_empty_store_is_read_only_and_machine_readable (test_checkpoint_cli.CheckpointCliTests.test_list_empty_store_is_read_only_and_machine_readable) ... ok
test_malformed_or_unknown_show_returns_checkpoint_error (test_checkpoint_cli.CheckpointCliTests.test_malformed_or_unknown_show_returns_checkpoint_error) ... ok
test_show_returns_exact_checkpoint_without_promoting_it (test_checkpoint_cli.CheckpointCliTests.test_show_returns_exact_checkpoint_without_promoting_it) ... ok
test_verify_available_returns_zero_and_missing_returns_three (test_checkpoint_cli.CheckpointCliTests.test_verify_available_returns_zero_and_missing_returns_three) ... ok
test_checkpoint_id_must_match_canonical_body (test_checkpoint_serialization.CheckpointSerializationTests.test_checkpoint_id_must_match_canonical_body) ... ok
test_mapping_key_order_does_not_change_identity (test_checkpoint_serialization.CheckpointSerializationTests.test_mapping_key_order_does_not_change_identity) ... ok
test_rejects_non_object_or_non_canonical_json_values (test_checkpoint_serialization.CheckpointSerializationTests.test_rejects_non_object_or_non_canonical_json_values) ... ok
test_rejects_unsafe_or_malformed_identities (test_checkpoint_serialization.CheckpointSerializationTests.test_rejects_unsafe_or_malformed_identities) ... ok
test_round_trip_preserves_checkpoint_state_and_identity (test_checkpoint_serialization.CheckpointSerializationTests.test_round_trip_preserves_checkpoint_state_and_identity) ... ok
test_child_requires_existing_parent_in_same_game_store (test_checkpoint_store.CheckpointStoreTests.test_child_requires_existing_parent_in_same_game_store) ... ok
test_create_writes_content_addressed_lockfile_and_detaches_input (test_checkpoint_store.CheckpointStoreTests.test_create_writes_content_addressed_lockfile_and_detaches_input) ... ok
test_identical_draft_reuses_one_checkpoint_but_changed_state_does_not (test_checkpoint_store.CheckpointStoreTests.test_identical_draft_reuses_one_checkpoint_but_changed_state_does_not) ... ok
test_list_sorts_by_creation_time_then_id (test_checkpoint_store.CheckpointStoreTests.test_list_sorts_by_creation_time_then_id) ... ok
test_malformed_lockfile_is_not_hidden_from_listing (test_checkpoint_store.CheckpointStoreTests.test_malformed_lockfile_is_not_hidden_from_listing) ... ok
test_promotion_failure_leaves_no_lockfile_or_staging_file (test_checkpoint_store.CheckpointStoreTests.test_promotion_failure_leaves_no_lockfile_or_staging_file) ... ok
test_deleted_lockfile_is_missing (test_checkpoint_store.CheckpointVerificationTests.test_deleted_lockfile_is_missing) ... ok
test_duplicate_json_key_is_modified_even_when_last_value_is_valid (test_checkpoint_store.CheckpointVerificationTests.test_duplicate_json_key_is_modified_even_when_last_value_is_valid) ... ok
test_exact_canonical_content_is_available (test_checkpoint_store.CheckpointVerificationTests.test_exact_canonical_content_is_available) ... ok
test_formatting_only_change_remains_available (test_checkpoint_store.CheckpointVerificationTests.test_formatting_only_change_remains_available) ... ok
test_malformed_json_is_modified_without_inventing_an_identity (test_checkpoint_store.CheckpointVerificationTests.test_malformed_json_is_modified_without_inventing_an_identity) ... ok
test_semantic_mutation_is_modified_with_recomputed_actual_id (test_checkpoint_store.CheckpointVerificationTests.test_semantic_mutation_is_modified_with_recomputed_actual_id) ... ok
test_blocked_review_returns_three (test_cli.CliTests.test_blocked_review_returns_three) ... ok
test_check_reports_identity_revision_and_no_action (test_cli.CliTests.test_check_reports_identity_revision_and_no_action) ... ok
test_invalid_recipe_returns_data_error (test_cli.CliTests.test_invalid_recipe_returns_data_error) ... ok
test_review_json_has_stable_schema_and_explicit_dependency_proposal (test_cli.CliTests.test_review_json_has_stable_schema_and_explicit_dependency_proposal) ... ok
test_text_review_keeps_unknown_evidence_visible (test_cli.CliTests.test_text_review_keeps_unknown_evidence_visible) ... ok
test_file_loaders_accept_valid_recipe_and_environment (test_loading.RecipeLoadingTests.test_file_loaders_accept_valid_recipe_and_environment) ... ok
test_file_loaders_translate_invalid_json_to_recipe_error (test_loading.RecipeLoadingTests.test_file_loaders_translate_invalid_json_to_recipe_error) ... ok
test_parse_environment_preserves_missing_dimensions_as_missing_evidence (test_loading.RecipeLoadingTests.test_parse_environment_preserves_missing_dimensions_as_missing_evidence) ... ok
test_parse_recipe_keeps_maturity_separate_from_importance (test_loading.RecipeLoadingTests.test_parse_recipe_keeps_maturity_separate_from_importance) ... ok
test_parse_recipe_rejects_dependency_on_unknown_component (test_loading.RecipeLoadingTests.test_parse_recipe_rejects_dependency_on_unknown_component) ... ok
test_parse_recipe_rejects_required_component_disabled_by_default (test_loading.RecipeLoadingTests.test_parse_recipe_rejects_required_component_disabled_by_default) ... ok
test_parse_recipe_rejects_unknown_maturity (test_loading.RecipeLoadingTests.test_parse_recipe_rejects_unknown_maturity) ... ok
test_parse_recipe_retains_optional_version_and_content_hash_pins (test_loading.RecipeLoadingTests.test_parse_recipe_retains_optional_version_and_content_hash_pins) ... ok
test_existing_comparison_records_only_explicitly_allowed_extras (test_mo2_archive.Mo2ArchiveTests.test_existing_comparison_records_only_explicitly_allowed_extras) ... ok
test_existing_comparison_requires_every_package_file (test_mo2_archive.Mo2ArchiveTests.test_existing_comparison_requires_every_package_file) ... ok
test_extract_checks_space_then_uses_exact_confined_arguments (test_mo2_archive.Mo2ArchiveTests.test_extract_checks_space_then_uses_exact_confined_arguments) ... ok
test_inventory_tree_hashes_exact_sorted_rows (test_mo2_archive.Mo2ArchiveTests.test_inventory_tree_hashes_exact_sorted_rows) ... ok
test_low_space_refuses_before_stage_or_extractor (test_mo2_archive.Mo2ArchiveTests.test_low_space_refuses_before_stage_or_extractor) ... ok
test_preflight_rejects_traversal_case_collision_and_links (test_mo2_archive.Mo2ArchiveTests.test_preflight_rejects_traversal_case_collision_and_links) ... ok
test_preflight_uses_argument_arrays_and_accepts_exact_listing (test_mo2_archive.Mo2ArchiveTests.test_preflight_uses_argument_arrays_and_accepts_exact_listing) ... ok
test_adopt_links_package_without_changing_existing_manager (test_mo2_bootstrap_adopt.Mo2BootstrapAdoptTests.test_adopt_links_package_without_changing_existing_manager) ... ok
test_allowed_extra_casing_is_preserved_when_adopted (test_mo2_bootstrap_adopt.Mo2BootstrapAdoptTests.test_allowed_extra_casing_is_preserved_when_adopted) ... ok
test_allowed_python_bytecode_is_recorded_and_adopted (test_mo2_bootstrap_adopt.Mo2BootstrapAdoptTests.test_allowed_python_bytecode_is_recorded_and_adopted) ... ok
test_allowed_root_log_is_recorded_and_adopted (test_mo2_bootstrap_adopt.Mo2BootstrapAdoptTests.test_allowed_root_log_is_recorded_and_adopted) ... ok
test_archive_change_after_plan_refuses_before_job (test_mo2_bootstrap_adopt.Mo2BootstrapAdoptTests.test_archive_change_after_plan_refuses_before_job) ... ok
test_cleanup_failure_leaves_verified_receipt_and_manager_unchanged (test_mo2_bootstrap_adopt.Mo2BootstrapAdoptTests.test_cleanup_failure_leaves_verified_receipt_and_manager_unchanged) ... ok
test_cleanup_refuses_a_file_swapped_after_snapshot (test_mo2_bootstrap_adopt.Mo2BootstrapAdoptTests.test_cleanup_refuses_a_file_swapped_after_snapshot) ... ok
test_cleanup_refuses_an_entry_ancestor_that_becomes_redirected (test_mo2_bootstrap_adopt.Mo2BootstrapAdoptTests.test_cleanup_refuses_an_entry_ancestor_that_becomes_redirected) ... ok
test_extractor_failure_preserves_manager_and_requires_recovery (test_mo2_bootstrap_adopt.Mo2BootstrapAdoptTests.test_extractor_failure_preserves_manager_and_requires_recovery) ... ok
test_generated_nxmhandler_settings_are_recorded_and_adopted (test_mo2_bootstrap_adopt.Mo2BootstrapAdoptTests.test_generated_nxmhandler_settings_are_recorded_and_adopted) ... ok
test_journal_failure_preserves_manager_and_requires_recovery (test_mo2_bootstrap_adopt.Mo2BootstrapAdoptTests.test_journal_failure_preserves_manager_and_requires_recovery) ... ok
test_late_executable_version_mismatch_blocks_receipt (test_mo2_bootstrap_adopt.Mo2BootstrapAdoptTests.test_late_executable_version_mismatch_blocks_receipt) ... 
