2026-09-04T16:58:00.1340337+10:00
f57aff1be3f843fabd03a73a05a9c3d0cab24085
test_active_job_stage_collision_requires_recovery (tests.test_mo2_bootstrap_planning.Mo2BootstrapPlanningTests.test_active_job_stage_collision_requires_recovery) ... ok
test_archive_listing_drift_refuses_without_plan (tests.test_mo2_bootstrap_planning.Mo2BootstrapPlanningTests.test_archive_listing_drift_refuses_without_plan) ... ok
test_blocked_selected_baseline_retains_blocked_plan (tests.test_mo2_bootstrap_planning.Mo2BootstrapPlanningTests.test_blocked_selected_baseline_retains_blocked_plan) ... ok
test_conflicting_configured_steam_root_refuses_without_plan (tests.test_mo2_bootstrap_planning.Mo2BootstrapPlanningTests.test_conflicting_configured_steam_root_refuses_without_plan) ... ok
test_drifted_selected_baseline_retains_blocked_plan (tests.test_mo2_bootstrap_planning.Mo2BootstrapPlanningTests.test_drifted_selected_baseline_retains_blocked_plan) ... ok
test_empty_target_plans_create_and_writes_only_plan (tests.test_mo2_bootstrap_planning.Mo2BootstrapPlanningTests.test_empty_target_plans_create_and_writes_only_plan) ... ok
test_existing_projection_and_wrong_executable_each_block (tests.test_mo2_bootstrap_planning.Mo2BootstrapPlanningTests.test_existing_projection_and_wrong_executable_each_block) ... ok
test_extractor_change_during_stability_reread_refuses_without_plan (tests.test_mo2_bootstrap_planning.Mo2BootstrapPlanningTests.test_extractor_change_during_stability_reread_refuses_without_plan) ... ok
test_extractor_launch_oserror_is_a_stable_refusal (tests.test_mo2_bootstrap_planning.Mo2BootstrapPlanningTests.test_extractor_launch_oserror_is_a_stable_refusal) ... ok
test_failed_extractor_identity_refuses_without_plan (tests.test_mo2_bootstrap_planning.Mo2BootstrapPlanningTests.test_failed_extractor_identity_refuses_without_plan) ... ok
test_generated_nxmhandler_settings_are_a_known_adoption_extra (tests.test_mo2_bootstrap_planning.Mo2BootstrapPlanningTests.test_generated_nxmhandler_settings_are_a_known_adoption_extra) ... ok
test_immutable_package_drift_prevents_already_managed (tests.test_mo2_bootstrap_planning.Mo2BootstrapPlanningTests.test_immutable_package_drift_prevents_already_managed) ... ok
test_invalid_journal_and_orphan_stage_each_retain_blocked_plan (tests.test_mo2_bootstrap_planning.Mo2BootstrapPlanningTests.test_invalid_journal_and_orphan_stage_each_retain_blocked_plan) ... ok
test_invalid_skyrim_ccc_refuses_without_plan (tests.test_mo2_bootstrap_planning.Mo2BootstrapPlanningTests.test_invalid_skyrim_ccc_refuses_without_plan) ... ok
test_low_disk_space_retains_a_coherent_blocked_plan (tests.test_mo2_bootstrap_planning.Mo2BootstrapPlanningTests.test_low_disk_space_retains_a_coherent_blocked_plan) ... ok
test_malformed_receipt_retains_blocked_plan (tests.test_mo2_bootstrap_planning.Mo2BootstrapPlanningTests.test_malformed_receipt_retains_blocked_plan) ... ok
test_manager_change_during_stability_reread_refuses_without_plan (tests.test_mo2_bootstrap_planning.Mo2BootstrapPlanningTests.test_manager_change_during_stability_reread_refuses_without_plan) ... ok
test_missing_archive_payload_refuses_without_plan (tests.test_mo2_bootstrap_planning.Mo2BootstrapPlanningTests.test_missing_archive_payload_refuses_without_plan) ... ok
test_missing_explicit_steam_root_refuses_without_plan (tests.test_mo2_bootstrap_planning.Mo2BootstrapPlanningTests.test_missing_explicit_steam_root_refuses_without_plan) ... ok
test_missing_extractor_refuses_without_plan (tests.test_mo2_bootstrap_planning.Mo2BootstrapPlanningTests.test_missing_extractor_refuses_without_plan) ... ok
test_missing_primary_master_refuses_without_plan (tests.test_mo2_bootstrap_planning.Mo2BootstrapPlanningTests.test_missing_primary_master_refuses_without_plan) ... ok
test_modified_archive_refuses_without_plan (tests.test_mo2_bootstrap_planning.Mo2BootstrapPlanningTests.test_modified_archive_refuses_without_plan) ... ok
test_nested_archive_redirect_is_refused_before_reading_payload (tests.test_mo2_bootstrap_planning.Mo2BootstrapPlanningTests.test_nested_archive_redirect_is_refused_before_reading_payload) ... ok
test_new_malformed_receipt_on_stability_reread_refuses_without_plan (tests.test_mo2_bootstrap_planning.Mo2BootstrapPlanningTests.test_new_malformed_receipt_on_stability_reread_refuses_without_plan) ... ok
test_new_unknown_manager_extra_blocks_before_apply (tests.test_mo2_bootstrap_planning.Mo2BootstrapPlanningTests.test_new_unknown_manager_extra_blocks_before_apply) ... ok
test_ready_existing_target_plans_adopt_even_when_process_close_is_required (tests.test_mo2_bootstrap_planning.Mo2BootstrapPlanningTests.test_ready_existing_target_plans_adopt_even_when_process_close_is_required) ... ok
test_receipt_change_during_stability_reread_refuses_without_plan (tests.test_mo2_bootstrap_planning.Mo2BootstrapPlanningTests.test_receipt_change_during_stability_reread_refuses_without_plan) ... ok
test_redirected_ini_refuses_without_plan (tests.test_mo2_bootstrap_planning.Mo2BootstrapPlanningTests.test_redirected_ini_refuses_without_plan) ... skipped "symbolic links unavailable: [WinError 1314] A required privilege is not held by the client: 'C:\\\\Users\\\\red\\\\Desktop\\\\Modlab\\\\.worktrees\\\\mo2-guard-bridge-handshake\\\\nt\\\\tmpx8cw6yh0\\\\outside.ini' -> 'C:\\\\Users\\\\red\\\\Desktop\\\\Modlab\\\\.worktrees\\\\mo2-guard-bridge-handshake\\\\nt\\\\tmpx8cw6yh0\\\\Documents\\\\My Games\\\\Skyrim Special Edition\\\\SkyrimCustom.ini'"
test_redirected_workspace_refuses_without_plan (tests.test_mo2_bootstrap_planning.Mo2BootstrapPlanningTests.test_redirected_workspace_refuses_without_plan) ... skipped "symbolic links unavailable: [WinError 1314] A required privilege is not held by the client: 'C:\\\\Users\\\\red\\\\Desktop\\\\Modlab\\\\.worktrees\\\\mo2-guard-bridge-handshake\\\\nt\\\\tmppj85smua\\\\ModLab\\\\workspace' -> 'C:\\\\Users\\\\red\\\\Desktop\\\\Modlab\\\\.worktrees\\\\mo2-guard-bridge-handshake\\\\nt\\\\tmppj85smua\\\\workspace-link'"
test_release_and_artifact_descriptor_mismatch_refuses_without_plan (tests.test_mo2_bootstrap_planning.Mo2BootstrapPlanningTests.test_release_and_artifact_descriptor_mismatch_refuses_without_plan) ... ok
test_same_inputs_return_same_plan_id_and_bytes (tests.test_mo2_bootstrap_planning.Mo2BootstrapPlanningTests.test_same_inputs_return_same_plan_id_and_bytes) ... ok
test_seed_change_during_stability_reread_refuses_without_plan (tests.test_mo2_bootstrap_planning.Mo2BootstrapPlanningTests.test_seed_change_during_stability_reread_refuses_without_plan) ... ok
test_target_change_during_stability_reread_refuses_without_plan (tests.test_mo2_bootstrap_planning.Mo2BootstrapPlanningTests.test_target_change_during_stability_reread_refuses_without_plan) ... ok
test_unknown_nonempty_target_retains_blocked_plan (tests.test_mo2_bootstrap_planning.Mo2BootstrapPlanningTests.test_unknown_nonempty_target_retains_blocked_plan) ... ok
test_unknown_process_observation_retains_blocked_plan (tests.test_mo2_bootstrap_planning.Mo2BootstrapPlanningTests.test_unknown_process_observation_retains_blocked_plan) ... ok
test_unknown_skyrim_runtime_refuses_without_plan (tests.test_mo2_bootstrap_planning.Mo2BootstrapPlanningTests.test_unknown_skyrim_runtime_refuses_without_plan) ... ok
test_unsafe_archive_listing_refuses_without_plan (tests.test_mo2_bootstrap_planning.Mo2BootstrapPlanningTests.test_unsafe_archive_listing_refuses_without_plan) ... ok
test_unsafe_existing_package_path_blocks_instead_of_downgrading_to_adopt (tests.test_mo2_bootstrap_planning.Mo2BootstrapPlanningTests.test_unsafe_existing_package_path_blocks_instead_of_downgrading_to_adopt) ... ok
test_unsupported_release_refuses_without_plan (tests.test_mo2_bootstrap_planning.Mo2BootstrapPlanningTests.test_unsupported_release_refuses_without_plan) ... ok
test_verified_matching_receipt_is_already_managed_but_profile_drift_is_adopt (tests.test_mo2_bootstrap_planning.Mo2BootstrapPlanningTests.test_verified_matching_receipt_is_already_managed_but_profile_drift_is_adopt) ... ok
test_verified_receipt_with_low_space_remains_already_managed (tests.test_mo2_bootstrap_planning.Mo2BootstrapPlanningTests.test_verified_receipt_with_low_space_remains_already_managed) ... ok
test_bootstrap_inventory_accepts_only_the_exact_receipted_overlay (tests.test_mo2_bootstrap_inventory.Mo2BootstrapInventoryTests.test_bootstrap_inventory_accepts_only_the_exact_receipted_overlay) ... ok
test_bridge_receipt_must_bind_an_explicit_bootstrap_receipt (tests.test_mo2_bootstrap_inventory.Mo2BootstrapInventoryTests.test_bridge_receipt_must_bind_an_explicit_bootstrap_receipt) ... ok
test_overlay_presence_and_package_identity_fail_closed (tests.test_mo2_bootstrap_inventory.Mo2BootstrapInventoryTests.test_overlay_presence_and_package_identity_fail_closed) ... ok
test_canonical_documents_are_sorted_utf8_with_one_trailing_newline (tests.test_mo2_bootstrap_serialization.BootstrapSerializationTests.test_canonical_documents_are_sorted_utf8_with_one_trailing_newline) ... ok
test_every_document_rejects_duplicates_saves_and_extra_fields (tests.test_mo2_bootstrap_serialization.BootstrapSerializationTests.test_every_document_rejects_duplicates_saves_and_extra_fields) ... ok
test_job_identity_and_state_transition_fields_round_trip (tests.test_mo2_bootstrap_serialization.BootstrapSerializationTests.test_job_identity_and_state_transition_fields_round_trip) ... ok
test_journal_prior_kind_matches_create_or_adopt_disposition (tests.test_mo2_bootstrap_serialization.BootstrapSerializationTests.test_journal_prior_kind_matches_create_or_adopt_disposition) ... ok
test_plan_identity_excludes_no_fields_except_its_derived_id (tests.test_mo2_bootstrap_serialization.BootstrapSerializationTests.test_plan_identity_excludes_no_fields_except_its_derived_id) ... ok
test_plan_rejects_unsafe_plugin_name_and_nonsemantic_ini_order (tests.test_mo2_bootstrap_serialization.BootstrapSerializationTests.test_plan_rejects_unsafe_plugin_name_and_nonsemantic_ini_order) ... ok
test_receipt_identity_covers_package_extras_and_profiles (tests.test_mo2_bootstrap_serialization.BootstrapSerializationTests.test_receipt_identity_covers_package_extras_and_profiles) ... ok
test_apply_and_recover_dispatch_render_service_results (tests.test_mo2_bootstrap_cli.Mo2BootstrapCliTests.test_apply_and_recover_dispatch_render_service_results) ... ok
test_apply_rejects_steam_root_without_calling_service (tests.test_mo2_bootstrap_cli.Mo2BootstrapCliTests.test_apply_rejects_steam_root_without_calling_service) ... ok
test_artifact_and_apply_are_mutually_exclusive (tests.test_mo2_bootstrap_cli.Mo2BootstrapCliTests.test_artifact_and_apply_are_mutually_exclusive) ... usage: modlab skyrim mo2 setup [-h] (--artifact ARTIFACT | --apply PLAN_ID)
                               [--steam-root STEAM_ROOT]
                               [--workspace WORKSPACE] [--format {text,json}]
modlab skyrim mo2 setup: error: argument --apply: not allowed with argument --artifact
ok
test_blocked_preview_and_safe_refusals_use_exit_three (tests.test_mo2_bootstrap_cli.Mo2BootstrapCliTests.test_blocked_preview_and_safe_refusals_use_exit_three) ... ok
test_create_and_adopt_report_a_journal_promoted_before_reload_failure (tests.test_mo2_bootstrap_cli.Mo2BootstrapCliTests.test_create_and_adopt_report_a_journal_promoted_before_reload_failure) ... ok
test_create_and_adopt_report_a_receipt_promoted_before_reload_failure (tests.test_mo2_bootstrap_cli.Mo2BootstrapCliTests.test_create_and_adopt_report_a_receipt_promoted_before_reload_failure) ... ok
test_expected_apply_refusals_are_clean_action_free_results (tests.test_mo2_bootstrap_cli.Mo2BootstrapCliTests.test_expected_apply_refusals_are_clean_action_free_results) ... ok
test_invalid_schema_and_unsupported_release_exit_two (tests.test_mo2_bootstrap_cli.Mo2BootstrapCliTests.test_invalid_schema_and_unsupported_release_exit_two) ... ok
test_invalid_typed_identifiers_exit_two_without_service_calls (tests.test_mo2_bootstrap_cli.Mo2BootstrapCliTests.test_invalid_typed_identifiers_exit_two_without_service_calls) ... ok
test_parser_has_exact_preview_apply_and_recover_tree (tests.test_mo2_bootstrap_cli.Mo2BootstrapCliTests.test_parser_has_exact_preview_apply_and_recover_tree) ... ok
test_preview_dispatch_and_steam_fallback (tests.test_mo2_bootstrap_cli.Mo2BootstrapCliTests.test_preview_dispatch_and_steam_fallback) ... ok
test_real_changed_precondition_reports_completed_archive_actions (tests.test_mo2_bootstrap_cli.Mo2BootstrapCliTests.test_real_changed_precondition_reports_completed_archive_actions) ... ok
test_real_post_activation_refusal_reports_recovery_job_and_actions (tests.test_mo2_bootstrap_cli.Mo2BootstrapCliTests.test_real_post_activation_refusal_reports_recovery_job_and_actions) ... ok
test_real_post_quarantine_failure_reports_both_recovery_paths (tests.test_mo2_bootstrap_cli.Mo2BootstrapCliTests.test_real_post_quarantine_failure_reports_both_recovery_paths) ... ok
test_unexpected_service_exception_remains_visible (tests.test_mo2_bootstrap_cli.Mo2BootstrapCliTests.test_unexpected_service_exception_remains_visible) ... ok
test_already_managed_apply_is_an_honest_no_op (tests.test_mo2_bootstrap_cli.Mo2BootstrapRenderingTests.test_already_managed_apply_is_an_honest_no_op) ... ok
test_apply_json_exposes_exact_journal_receipt_and_actions (tests.test_mo2_bootstrap_cli.Mo2BootstrapRenderingTests.test_apply_json_exposes_exact_journal_receipt_and_actions) ... ok
test_preview_json_has_complete_evidence_and_only_plan_write (tests.test_mo2_bootstrap_cli.Mo2BootstrapRenderingTests.test_preview_json_has_complete_evidence_and_only_plan_write) ... ok
test_real_adopt_and_already_managed_results_are_manager_no_ops (tests.test_mo2_bootstrap_cli.Mo2BootstrapRenderingTests.test_real_adopt_and_already_managed_results_are_manager_no_ops) ... ok
test_real_create_result_satisfies_renderer_contract (tests.test_mo2_bootstrap_cli.Mo2BootstrapRenderingTests.test_real_create_result_satisfies_renderer_contract) ... ok
test_real_finalized_recovery_satisfies_renderer_contract (tests.test_mo2_bootstrap_cli.Mo2BootstrapRenderingTests.test_real_finalized_recovery_satisfies_renderer_contract) ... ok
test_recovery_json_and_text_report_recovered_without_invented_actions (tests.test_mo2_bootstrap_cli.Mo2BootstrapRenderingTests.test_recovery_json_and_text_report_recovered_without_invented_actions) ... ok
test_text_leads_with_outcome_and_ends_with_precise_launch_claim (tests.test_mo2_bootstrap_cli.Mo2BootstrapRenderingTests.test_text_leads_with_outcome_and_ends_with_precise_launch_claim) ... ok
test_verified_recovery_text_reports_the_receipt_mode (tests.test_mo2_bootstrap_cli.Mo2BootstrapRenderingTests.test_verified_recovery_text_reports_the_receipt_mode) ... ok

----------------------------------------------------------------------
Ran 75 tests in 25.837s

OK (skipped=2)
=== TEST EXIT 0 ===
