desktop-947h2kl\red
test_existing_comparison_records_only_explicitly_allowed_extras (tests.test_mo2_archive.Mo2ArchiveTests.test_existing_comparison_records_only_explicitly_allowed_extras) ... ok
test_existing_comparison_requires_every_package_file (tests.test_mo2_archive.Mo2ArchiveTests.test_existing_comparison_requires_every_package_file) ... ok
test_extract_checks_space_then_uses_exact_confined_arguments (tests.test_mo2_archive.Mo2ArchiveTests.test_extract_checks_space_then_uses_exact_confined_arguments) ... ok
test_inventory_tree_hashes_exact_sorted_rows (tests.test_mo2_archive.Mo2ArchiveTests.test_inventory_tree_hashes_exact_sorted_rows) ... ok
test_low_space_refuses_before_stage_or_extractor (tests.test_mo2_archive.Mo2ArchiveTests.test_low_space_refuses_before_stage_or_extractor) ... ok
test_preflight_rejects_traversal_case_collision_and_links (tests.test_mo2_archive.Mo2ArchiveTests.test_preflight_rejects_traversal_case_collision_and_links) ... ok
test_preflight_uses_argument_arrays_and_accepts_exact_listing (tests.test_mo2_archive.Mo2ArchiveTests.test_preflight_uses_argument_arrays_and_accepts_exact_listing) ... ok
test_recording_runner_keeps_successful_repeated_launches (tests.test_mo2_archive.Mo2ArchiveTests.test_recording_runner_keeps_successful_repeated_launches) ... ok
test_recording_runner_records_only_created_processes_and_preserves_order (tests.test_mo2_archive.Mo2ArchiveTests.test_recording_runner_records_only_created_processes_and_preserves_order) ... ok
test_spawn_boundary_programs_render_truthfully_on_success_and_failure (tests.test_mo2_archive.Mo2ArchiveTests.test_spawn_boundary_programs_render_truthfully_on_success_and_failure) ... ok
test_subprocess_runner_observes_creation_and_cleans_post_spawn_failures (tests.test_mo2_archive.Mo2ArchiveTests.test_subprocess_runner_observes_creation_and_cleans_post_spawn_failures) ... ok
test_mo2_bootstrap (unittest.loader._FailedTest.test_mo2_bootstrap) ... ERROR
test_adopt_links_package_without_changing_existing_manager (tests.test_mo2_bootstrap_adopt.Mo2BootstrapAdoptTests.test_adopt_links_package_without_changing_existing_manager) ... ok
test_allowed_extra_casing_is_preserved_when_adopted (tests.test_mo2_bootstrap_adopt.Mo2BootstrapAdoptTests.test_allowed_extra_casing_is_preserved_when_adopted) ... ok
test_allowed_python_bytecode_is_recorded_and_adopted (tests.test_mo2_bootstrap_adopt.Mo2BootstrapAdoptTests.test_allowed_python_bytecode_is_recorded_and_adopted) ... ok
test_allowed_root_log_is_recorded_and_adopted (tests.test_mo2_bootstrap_adopt.Mo2BootstrapAdoptTests.test_allowed_root_log_is_recorded_and_adopted) ... ok
test_archive_change_after_plan_refuses_before_job (tests.test_mo2_bootstrap_adopt.Mo2BootstrapAdoptTests.test_archive_change_after_plan_refuses_before_job) ... ok
test_cleanup_failure_leaves_verified_receipt_and_manager_unchanged (tests.test_mo2_bootstrap_adopt.Mo2BootstrapAdoptTests.test_cleanup_failure_leaves_verified_receipt_and_manager_unchanged) ... ok
test_cleanup_refuses_a_file_swapped_after_snapshot (tests.test_mo2_bootstrap_adopt.Mo2BootstrapAdoptTests.test_cleanup_refuses_a_file_swapped_after_snapshot) ... ok
test_cleanup_refuses_an_entry_ancestor_that_becomes_redirected (tests.test_mo2_bootstrap_adopt.Mo2BootstrapAdoptTests.test_cleanup_refuses_an_entry_ancestor_that_becomes_redirected) ... ok
test_extractor_failure_preserves_manager_and_requires_recovery (tests.test_mo2_bootstrap_adopt.Mo2BootstrapAdoptTests.test_extractor_failure_preserves_manager_and_requires_recovery) ... ok
test_generated_nxmhandler_settings_are_recorded_and_adopted (tests.test_mo2_bootstrap_adopt.Mo2BootstrapAdoptTests.test_generated_nxmhandler_settings_are_recorded_and_adopted) ... ok
test_journal_failure_preserves_manager_and_requires_recovery (tests.test_mo2_bootstrap_adopt.Mo2BootstrapAdoptTests.test_journal_failure_preserves_manager_and_requires_recovery) ... ok
test_late_executable_version_mismatch_blocks_receipt (tests.test_mo2_bootstrap_adopt.Mo2BootstrapAdoptTests.test_late_executable_version_mismatch_blocks_receipt) ... ok
test_manager_mutation_observation_requires_recovery_without_writing_manager (tests.test_mo2_bootstrap_adopt.Mo2BootstrapAdoptTests.test_manager_mutation_observation_requires_recovery_without_writing_manager) ... ok
test_missing_package_file_blocks_before_apply (tests.test_mo2_bootstrap_adopt.Mo2BootstrapAdoptTests.test_missing_package_file_blocks_before_apply) ... ok
test_modified_package_file_is_refused_without_manager_writes (tests.test_mo2_bootstrap_adopt.Mo2BootstrapAdoptTests.test_modified_package_file_is_refused_without_manager_writes) ... ok
test_planned_running_process_may_be_closed_before_apply (tests.test_mo2_bootstrap_adopt.Mo2BootstrapAdoptTests.test_planned_running_process_may_be_closed_before_apply) ... ok
test_preexisting_valid_receipt_is_a_write_free_noop (tests.test_mo2_bootstrap_adopt.Mo2BootstrapAdoptTests.test_preexisting_valid_receipt_is_a_write_free_noop) ... ok
test_receipt_write_failure_preserves_manager_and_requires_recovery (tests.test_mo2_bootstrap_adopt.Mo2BootstrapAdoptTests.test_receipt_write_failure_preserves_manager_and_requires_recovery) ... ok
test_redirected_package_file_refuses_before_job (tests.test_mo2_bootstrap_adopt.Mo2BootstrapAdoptTests.test_redirected_package_file_refuses_before_job) ... skipped "symbolic links unavailable: [WinError 1314] A required privilege is not held by the client: 'C:\\\\Users\\\\red\\\\Desktop\\\\Modlab\\\\.worktrees\\\\mo2-guard-bridge-handshake\\\\nt\\\\tmpxd6skq6e\\\\outside.dat' -> 'C:\\\\Users\\\\red\\\\Desktop\\\\Modlab\\\\.worktrees\\\\mo2-guard-bridge-handshake\\\\nt\\\\tmpxd6skq6e\\\\ModLab\\\\workspace\\\\tools\\\\mo2\\\\skyrim-se-ae\\\\app\\\\resources\\\\base.dat'"
test_repeated_apply_returns_existing_receipt_without_new_job_or_extract (tests.test_mo2_bootstrap_adopt.Mo2BootstrapAdoptTests.test_repeated_apply_returns_existing_receipt_without_new_job_or_extract) ... ok
test_running_target_process_refuses_before_job_or_stage (tests.test_mo2_bootstrap_adopt.Mo2BootstrapAdoptTests.test_running_target_process_refuses_before_job_or_stage) ... ok
test_target_change_after_plan_refuses_before_job (tests.test_mo2_bootstrap_adopt.Mo2BootstrapAdoptTests.test_target_change_after_plan_refuses_before_job) ... ok
test_apply_and_recover_dispatch_render_service_results (tests.test_mo2_bootstrap_cli.Mo2BootstrapCliTests.test_apply_and_recover_dispatch_render_service_results) ... ok
test_apply_rejects_steam_root_without_calling_service (tests.test_mo2_bootstrap_cli.Mo2BootstrapCliTests.test_apply_rejects_steam_root_without_calling_service) ... ok
test_artifact_and_apply_are_mutually_exclusive (tests.test_mo2_bootstrap_cli.Mo2BootstrapCliTests.test_artifact_and_apply_are_mutually_exclusive) ... usage: modlab skyrim mo2 setup [-h] (--artifact ARTIFACT | --apply PLAN_ID)
                               [--steam-root STEAM_ROOT]
                               [--workspace WORKSPACE] [--format {text,json}]
modlab skyrim mo2 setup: error: argument --apply: not allowed with argument --artifact
ok
test_blocked_preview_and_safe_refusals_use_exit_three (tests.test_mo2_bootstrap_cli.Mo2BootstrapCliTests.test_blocked_preview_and_safe_refusals_use_exit_three) ... ok
test_create_and_adopt_report_a_journal_promoted_before_reload_failure (tests.test_mo2_bootstrap_cli.Mo2BootstrapCliTests.test_create_and_adopt_report_a_journal_promoted_before_reload_failure) ... ok
test_create_and_adopt_report_a_receipt_promoted_before_reload_failure (tests.test_mo2_bootstrap_cli.Mo2BootstrapCliTests.test_create_and_adopt_report_a_receipt_promoted_before_reload_failure) ... ok
test_expected_apply_refusals_are_clean_action_free_results (tests.test_mo2_bootstrap_cli.Mo2BootstrapCliTests.test_expected_apply_refusals_are_clean_action_free_results) ... ok
test_invalid_schema_and_unsupported_release_exit_two (tests.test_mo2_bootstrap_cli.Mo2BootstrapCliTests.test_invalid_schema_and_unsupported_release_exit_two) ... ok
test_invalid_typed_identifiers_exit_two_without_service_calls (tests.test_mo2_bootstrap_cli.Mo2BootstrapCliTests.test_invalid_typed_identifiers_exit_two_without_service_calls) ... ok
test_parser_has_exact_preview_apply_and_recover_tree (tests.test_mo2_bootstrap_cli.Mo2BootstrapCliTests.test_parser_has_exact_preview_apply_and_recover_tree) ... ok
test_preview_dispatch_and_steam_fallback (tests.test_mo2_bootstrap_cli.Mo2BootstrapCliTests.test_preview_dispatch_and_steam_fallback) ... ok
test_real_changed_precondition_reports_completed_archive_actions (tests.test_mo2_bootstrap_cli.Mo2BootstrapCliTests.test_real_changed_precondition_reports_completed_archive_actions) ... ok
test_real_post_activation_refusal_reports_recovery_job_and_actions (tests.test_mo2_bootstrap_cli.Mo2BootstrapCliTests.test_real_post_activation_refusal_reports_recovery_job_and_actions) ... ok
test_real_post_quarantine_failure_reports_both_recovery_paths (tests.test_mo2_bootstrap_cli.Mo2BootstrapCliTests.test_real_post_quarantine_failure_reports_both_recovery_paths) ... ok
test_unexpected_service_exception_remains_visible (tests.test_mo2_bootstrap_cli.Mo2BootstrapCliTests.test_unexpected_service_exception_remains_visible) ... ok
test_already_managed_apply_is_an_honest_no_op (tests.test_mo2_bootstrap_cli.Mo2BootstrapRenderingTests.test_already_managed_apply_is_an_honest_no_op) ... ok
test_apply_json_exposes_exact_journal_receipt_and_actions (tests.test_mo2_bootstrap_cli.Mo2BootstrapRenderingTests.test_apply_json_exposes_exact_journal_receipt_and_actions) ... ok
test_preview_json_has_complete_evidence_and_only_plan_write (tests.test_mo2_bootstrap_cli.Mo2BootstrapRenderingTests.test_preview_json_has_complete_evidence_and_only_plan_write) ... ok
test_real_adopt_and_already_managed_results_are_manager_no_ops (tests.test_mo2_bootstrap_cli.Mo2BootstrapRenderingTests.test_real_adopt_and_already_managed_results_are_manager_no_ops) ... ok
test_real_create_result_satisfies_renderer_contract (tests.test_mo2_bootstrap_cli.Mo2BootstrapRenderingTests.test_real_create_result_satisfies_renderer_contract) ... ok
test_real_finalized_recovery_satisfies_renderer_contract (tests.test_mo2_bootstrap_cli.Mo2BootstrapRenderingTests.test_real_finalized_recovery_satisfies_renderer_contract) ... ok
test_recovery_json_and_text_report_recovered_without_invented_actions (tests.test_mo2_bootstrap_cli.Mo2BootstrapRenderingTests.test_recovery_json_and_text_report_recovered_without_invented_actions) ... ok
test_text_leads_with_outcome_and_ends_with_precise_launch_claim (tests.test_mo2_bootstrap_cli.Mo2BootstrapRenderingTests.test_text_leads_with_outcome_and_ends_with_precise_launch_claim) ... ok
test_verified_recovery_text_reports_the_receipt_mode (tests.test_mo2_bootstrap_cli.Mo2BootstrapRenderingTests.test_verified_recovery_text_reports_the_receipt_mode) ... ok
test_absent_target_is_created_without_inventing_a_prior (tests.test_mo2_bootstrap_create.Mo2BootstrapCreateTests.test_absent_target_is_created_without_inventing_a_prior) ... ok
test_archive_change_during_extraction_preserves_exact_target (tests.test_mo2_bootstrap_create.Mo2BootstrapCreateTests.test_archive_change_during_extraction_preserves_exact_target) ... ERROR
test_create_activates_exact_contained_ready_instance (tests.test_mo2_bootstrap_create.Mo2BootstrapCreateTests.test_create_activates_exact_contained_ready_instance) ... ok
test_extraction_failure_preserves_exact_target (tests.test_mo2_bootstrap_create.Mo2BootstrapCreateTests.test_extraction_failure_preserves_exact_target) ... ok
test_failure_activating_stage_restores_exact_target (tests.test_mo2_bootstrap_create.Mo2BootstrapCreateTests.test_failure_activating_stage_restores_exact_target) ... ok
test_failure_preserving_prior_leaves_exact_target (tests.test_mo2_bootstrap_create.Mo2BootstrapCreateTests.test_failure_preserving_prior_leaves_exact_target) ... ok
test_final_verification_byte_drift_requires_recovery (tests.test_mo2_bootstrap_create.Mo2BootstrapCreateTests.test_final_verification_byte_drift_requires_recovery) ... ok
test_generated_config_collision_preserves_exact_target (tests.test_mo2_bootstrap_create.Mo2BootstrapCreateTests.test_generated_config_collision_preserves_exact_target) ... ok
test_insufficient_staging_space_preserves_exact_target (tests.test_mo2_bootstrap_create.Mo2BootstrapCreateTests.test_insufficient_staging_space_preserves_exact_target) ... ok
test_journal_failure_before_activation_preserves_exact_target (tests.test_mo2_bootstrap_create.Mo2BootstrapCreateTests.test_journal_failure_before_activation_preserves_exact_target) ... ok
test_post_activation_scanner_block_leaves_recovery_evidence (tests.test_mo2_bootstrap_create.Mo2BootstrapCreateTests.test_post_activation_scanner_block_leaves_recovery_evidence) ... ok
test_prior_appearing_during_preserve_rehash_is_not_overwritten (tests.test_mo2_bootstrap_create.Mo2BootstrapCreateTests.test_prior_appearing_during_preserve_rehash_is_not_overwritten) ... ok
test_process_start_at_activation_boundary_preserves_exact_target (tests.test_mo2_bootstrap_create.Mo2BootstrapCreateTests.test_process_start_at_activation_boundary_preserves_exact_target) ... ok
test_profile_source_drift_during_render_preserves_exact_target (tests.test_mo2_bootstrap_create.Mo2BootstrapCreateTests.test_profile_source_drift_during_render_preserves_exact_target) ... ok
test_receipt_failure_leaves_activated_recovery_evidence (tests.test_mo2_bootstrap_create.Mo2BootstrapCreateTests.test_receipt_failure_leaves_activated_recovery_evidence) ... ok
test_redirected_activation_ancestor_refuses_before_any_rename (tests.test_mo2_bootstrap_create.Mo2BootstrapCreateTests.test_redirected_activation_ancestor_refuses_before_any_rename) ... ok
test_stage_collision_refuses_without_changing_target (tests.test_mo2_bootstrap_create.Mo2BootstrapCreateTests.test_stage_collision_refuses_without_changing_target) ... ok
test_target_appearing_after_stage_rehash_is_not_overwritten (tests.test_mo2_bootstrap_create.Mo2BootstrapCreateTests.test_target_appearing_after_stage_rehash_is_not_overwritten) ... ok
test_target_appearing_during_rollback_rehash_is_not_overwritten (tests.test_mo2_bootstrap_create.Mo2BootstrapCreateTests.test_target_appearing_during_rollback_rehash_is_not_overwritten) ... ok
test_target_changed_after_plan_refuses_before_job (tests.test_mo2_bootstrap_create.Mo2BootstrapCreateTests.test_target_changed_after_plan_refuses_before_job) ... ok
test_active_job_stage_collision_requires_recovery (tests.test_mo2_bootstrap_planning.Mo2BootstrapPlanningTests.test_active_job_stage_collision_requires_recovery) ... ok
test_archive_listing_drift_refuses_without_plan (tests.test_mo2_bootstrap_planning.Mo2BootstrapPlanningTests.test_archive_listing_drift_refuses_without_plan) ... ok
test_blocked_selected_baseline_retains_blocked_plan (tests.test_mo2_bootstrap_planning.Mo2BootstrapPlanningTests.test_blocked_selected_baseline_retains_blocked_plan) ... ok
test_conflicting_configured_steam_root_refuses_without_plan (tests.test_mo2_bootstrap_planning.Mo2BootstrapPlanningTests.test_conflicting_configured_steam_root_refuses_without_plan) ... ok
test_drifted_selected_baseline_retains_blocked_plan (tests.test_mo2_bootstrap_planning.Mo2BootstrapPlanningTests.test_drifted_selected_baseline_retains_blocked_plan) ... ok
test_empty_target_plans_create_and_writes_only_plan (tests.test_mo2_bootstrap_planning.Mo2BootstrapPlanningTests.test_empty_target_plans_create_and_writes_only_plan) ... ok
test_existing_projection_and_wrong_executable_each_block (tests.test_mo2_bootstrap_planning.Mo2BootstrapPlanningTests.test_existing_projection_and_wrong_executable_each_block) ... ok
test_extractor_change_during_stability_reread_refuses_without_plan (tests.test_mo2_bootstrap_planning.Mo2BootstrapPlanningTests.test_extractor_change_during_stability_reread_refuses_without_plan) ... ok
test_extractor_launch_oserror_is_a_stable_refusal (tests.test_mo2_bootstrap_planning.Mo2BootstrapPlanningTests.test_extractor_launch_oserror_is_a_stable_refusal) ... ERROR
test_failed_extractor_identity_refuses_without_plan (tests.test_mo2_bootstrap_planning.Mo2BootstrapPlanningTests.test_failed_extractor_identity_refuses_without_plan) ... ok
test_generated_nxmhandler_settings_are_a_known_adoption_extra (tests.test_mo2_bootstrap_planning.Mo2BootstrapPlanningTests.test_generated_nxmhandler_settings_are_a_known_adoption_extra) ... ok
test_immutable_package_drift_prevents_already_managed (tests.test_mo2_bootstrap_planning.Mo2BootstrapPlanningTests.test_immutable_package_drift_prevents_already_managed) ... ok
test_invalid_journal_and_orphan_stage_each_retain_blocked_plan (tests.test_mo2_bootstrap_planning.Mo2BootstrapPlanningTests.test_invalid_journal_and_orphan_stage_each_retain_blocked_plan) ... ok
test_invalid_skyrim_ccc_refuses_without_plan (tests.test_mo2_bootstrap_planning.Mo2BootstrapPlanningTests.test_invalid_skyrim_ccc_refuses_without_plan) ... ok
test_low_disk_space_retains_a_coherent_blocked_plan (tests.test_mo2_bootstrap_planning.Mo2BootstrapPlanningTests.test_low_disk_space_retains_a_coherent_blocked_plan) ... ok
test_malformed_receipt_retains_blocked_plan (tests.test_mo2_bootstrap_planning.Mo2BootstrapPlanningTests.test_malformed_receipt_retains_blocked_plan) ... ok
test_manager_change_during_stability_reread_refuses_without_plan (tests.test_mo2_bootstrap_planning.Mo2BootstrapPlanningTests.test_manager_change_during_stability_reread_refuses_without_plan) ... ok
test_missing_archive_payload_refuses_without_plan (tests.test_mo2_bootstrap_planning.Mo2BootstrapPlanningTests.test_missing_archive_payload_refuses_without_plan) ... ok
test_missing_explicit_steam_root_refuses_without_plan (tests.test_mo2_bootstrap_planning.Mo2BootstrapPlanningTests.test_missing_explicit_steam_root_refuses_without_plan) ... ok
test_missing_extractor_refuses_without_plan (tests.test_mo2_bootstrap_planning.Mo2BootstrapPlanningTests.test_missing_extractor_refuses_without_plan) ... ok
test_missing_primary_master_refuses_without_plan (tests.test_mo2_bootstrap_planning.Mo2BootstrapPlanningTests.test_missing_primary_master_refuses_without_plan) ... ok
test_modified_archive_refuses_without_plan (tests.test_mo2_bootstrap_planning.Mo2BootstrapPlanningTests.test_modified_archive_refuses_without_plan) ... ok
test_nested_archive_redirect_is_refused_before_reading_payload (tests.test_mo2_bootstrap_planning.Mo2BootstrapPlanningTests.test_nested_archive_redirect_is_refused_before_reading_payload) ... ok
test_new_malformed_receipt_on_stability_reread_refuses_without_plan (tests.test_mo2_bootstrap_planning.Mo2BootstrapPlanningTests.test_new_malformed_receipt_on_stability_reread_refuses_without_plan) ... ok
test_new_unknown_manager_extra_blocks_before_apply (tests.test_mo2_bootstrap_planning.Mo2BootstrapPlanningTests.test_new_unknown_manager_extra_blocks_before_apply) ... ok
test_ready_existing_target_plans_adopt_even_when_process_close_is_required (tests.test_mo2_bootstrap_planning.Mo2BootstrapPlanningTests.test_ready_existing_target_plans_adopt_even_when_process_close_is_required) ... ok
test_receipt_change_during_stability_reread_refuses_without_plan (tests.test_mo2_bootstrap_planning.Mo2BootstrapPlanningTests.test_receipt_change_during_stability_reread_refuses_without_plan) ... ok
test_redirected_ini_refuses_without_plan (tests.test_mo2_bootstrap_planning.Mo2BootstrapPlanningTests.test_redirected_ini_refuses_without_plan) ... skipped "symbolic links unavailable: [WinError 1314] A required privilege is not held by the client: 'C:\\\\Users\\\\red\\\\Desktop\\\\Modlab\\\\.worktrees\\\\mo2-guard-bridge-handshake\\\\nt\\\\tmproc4etyk\\\\outside.ini' -> 'C:\\\\Users\\\\red\\\\Desktop\\\\Modlab\\\\.worktrees\\\\mo2-guard-bridge-handshake\\\\nt\\\\tmproc4etyk\\\\Documents\\\\My Games\\\\Skyrim Special Edition\\\\SkyrimCustom.ini'"
test_redirected_workspace_refuses_without_plan (tests.test_mo2_bootstrap_planning.Mo2BootstrapPlanningTests.test_redirected_workspace_refuses_without_plan) ... skipped "symbolic links unavailable: [WinError 1314] A required privilege is not held by the client: 'C:\\\\Users\\\\red\\\\Desktop\\\\Modlab\\\\.worktrees\\\\mo2-guard-bridge-handshake\\\\nt\\\\tmpihd357ow\\\\ModLab\\\\workspace' -> 'C:\\\\Users\\\\red\\\\Desktop\\\\Modlab\\\\.worktrees\\\\mo2-guard-bridge-handshake\\\\nt\\\\tmpihd357ow\\\\workspace-link'"
test_release_and_artifact_descriptor_mismatch_refuses_without_plan (tests.test_mo2_bootstrap_planning.Mo2BootstrapPlanningTests.test_release_and_artifact_descriptor_mismatch_refuses_without_plan) ... ok
test_same_inputs_return_same_plan_id_and_bytes (tests.test_mo2_bootstrap_planning.Mo2BootstrapPlanningTests.test_same_inputs_return_same_plan_id_and_bytes) ... ok
test_seed_change_during_stability_reread_refuses_without_plan (tests.test_mo2_bootstrap_planning.Mo2BootstrapPlanningTests.test_seed_change_during_stability_reread_refuses_without_plan) ... ok
test_target_change_during_stability_reread_refuses_without_plan (tests.test_mo2_bootstrap_planning.Mo2BootstrapPlanningTests.test_target_change_during_stability_reread_refuses_without_plan) ... ok
test_unknown_nonempty_target_retains_blocked_plan (tests.test_mo2_bootstrap_planning.Mo2BootstrapPlanningTests.test_unknown_nonempty_target_retains_blocked_plan) ... ok
test_unknown_process_observation_retains_blocked_plan (tests.test_mo2_bootstrap_planning.Mo2BootstrapPlanningTests.test_unknown_process_observation_retains_blocked_plan) ... ok
test_unknown_skyrim_runtime_refuses_without_plan (tests.test_mo2_bootstrap_planning.Mo2BootstrapPlanningTests.test_unknown_skyrim_runtime_refuses_without_plan) ... ok
test_unsafe_archive_listing_refuses_without_plan (tests.test_mo2_bootstrap_planning.Mo2BootstrapPlanningTests.test_unsafe_archive_listing_refuses_without_plan) ... ok
test_unsafe_existing_package_path_blocks_instead_of_downgrading_to_adopt (tests.test_mo2_bootstrap_planning.Mo2BootstrapPlanningTests.test_unsafe_existing_package_path_blocks_instead_of_downgrading_to_adopt) ... ok
test_unsupported_release_refuses_without_plan (tests.test_mo2_bootstrap_planning.Mo2BootstrapPlanningTests.test_unsupported_release_refuses_without_plan) ... ok
test_verified_matching_receipt_is_already_managed_but_profile_drift_is_adopt (tests.test_mo2_bootstrap_planning.Mo2BootstrapPlanningTests.test_verified_matching_receipt_is_already_managed_but_profile_drift_is_adopt) ... ok
test_verified_receipt_with_low_space_remains_already_managed (tests.test_mo2_bootstrap_planning.Mo2BootstrapPlanningTests.test_verified_receipt_with_low_space_remains_already_managed) ... ok
test_activated_valid_target_is_finalized (tests.test_mo2_bootstrap_recovery.Mo2BootstrapRecoveryTests.test_activated_valid_target_is_finalized) ... ok
test_active_target_with_recreated_stage_collision_is_untouched (tests.test_mo2_bootstrap_recovery.Mo2BootstrapRecoveryTests.test_active_target_with_recreated_stage_collision_is_untouched) ... ok
test_adopt_recovery_quarantines_stage_without_changing_manager (tests.test_mo2_bootstrap_recovery.Mo2BootstrapRecoveryTests.test_adopt_recovery_quarantines_stage_without_changing_manager) ... ok
test_applying_without_activation_restores_exact_empty_target (tests.test_mo2_bootstrap_recovery.Mo2BootstrapRecoveryTests.test_applying_without_activation_restores_exact_empty_target) ... ok
test_changed_journal_is_rejected_without_moving_any_tree (tests.test_mo2_bootstrap_recovery.Mo2BootstrapRecoveryTests.test_changed_journal_is_rejected_without_moving_any_tree) ... ok
test_changed_plan_is_rejected_without_moving_any_tree (tests.test_mo2_bootstrap_recovery.Mo2BootstrapRecoveryTests.test_changed_plan_is_rejected_without_moving_any_tree) ... ok
test_changed_verified_receipt_is_rejected (tests.test_mo2_bootstrap_recovery.Mo2BootstrapRecoveryTests.test_changed_verified_receipt_is_rejected) ... ok
test_cleanup_failure_leaves_verified_receipt_and_is_retryable (tests.test_mo2_bootstrap_recovery.Mo2BootstrapRecoveryTests.test_cleanup_failure_leaves_verified_receipt_and_is_retryable) ... ok
test_crash_after_activation_rename_is_finalized_from_applying_evidence (tests.test_mo2_bootstrap_recovery.Mo2BootstrapRecoveryTests.test_crash_after_activation_rename_is_finalized_from_applying_evidence) ... ok
test_exact_but_unready_activation_is_quarantined_and_prior_restored (tests.test_mo2_bootstrap_recovery.Mo2BootstrapRecoveryTests.test_exact_but_unready_activation_is_quarantined_and_prior_restored) ... ok
test_manager_ancestry_change_after_active_observation_blocks_finalization (tests.test_mo2_bootstrap_recovery.Mo2BootstrapRecoveryTests.test_manager_ancestry_change_after_active_observation_blocks_finalization) ... ok
test_manager_ancestry_change_after_stage_quarantine_blocks_recovered (tests.test_mo2_bootstrap_recovery.Mo2BootstrapRecoveryTests.test_manager_ancestry_change_after_stage_quarantine_blocks_recovered) ... ok
test_missing_prior_blocks_applying_recovery_without_moving_stage (tests.test_mo2_bootstrap_recovery.Mo2BootstrapRecoveryTests.test_missing_prior_blocks_applying_recovery_without_moving_stage) ... ok
test_modified_activated_target_is_left_untouched (tests.test_mo2_bootstrap_recovery.Mo2BootstrapRecoveryTests.test_modified_activated_target_is_left_untouched) ... ok
test_modified_staged_tree_is_left_untouched (tests.test_mo2_bootstrap_recovery.Mo2BootstrapRecoveryTests.test_modified_staged_tree_is_left_untouched) ... ok
test_orphan_receipt_is_reused_after_verified_journal_failure (tests.test_mo2_bootstrap_recovery.Mo2BootstrapRecoveryTests.test_orphan_receipt_is_reused_after_verified_journal_failure) ... ok
test_partial_known_prior_cleanup_resumes_after_restart (tests.test_mo2_bootstrap_recovery.Mo2BootstrapRecoveryTests.test_partial_known_prior_cleanup_resumes_after_restart) ... ok
test_partial_staging_without_inventory_is_left_untouched (tests.test_mo2_bootstrap_recovery.Mo2BootstrapRecoveryTests.test_partial_staging_without_inventory_is_left_untouched) ... ok
test_planned_job_does_not_claim_an_unexpected_stage_path (tests.test_mo2_bootstrap_recovery.Mo2BootstrapRecoveryTests.test_planned_job_does_not_claim_an_unexpected_stage_path) ... ok
test_receipt_failure_is_retryable_from_recovery_required (tests.test_mo2_bootstrap_recovery.Mo2BootstrapRecoveryTests.test_receipt_failure_is_retryable_from_recovery_required) ... ok
