test_aliases_unknown_consumers_unbounded_patterns_are_unsupported (tests.test_mo2_path_budget.PathBudgetPolicyTests.test_aliases_unknown_consumers_unbounded_patterns_are_unsupported) ... ok
test_archive_budget_rejects_forged_entry_spelling_kind_and_digest (tests.test_mo2_path_budget.PathBudgetPolicyTests.test_archive_budget_rejects_forged_entry_spelling_kind_and_digest) ... ok
test_bootstrap_budget_uses_exact_mutator_temp_names (tests.test_mo2_path_budget.PathBudgetPolicyTests.test_bootstrap_budget_uses_exact_mutator_temp_names) ... ok
test_budget_roundtrip_cannot_acquire_runtime_scope_or_reinterpret_legacy (tests.test_mo2_path_budget.PathBudgetPolicyTests.test_budget_roundtrip_cannot_acquire_runtime_scope_or_reinterpret_legacy) ... ok
test_containment_budget_names_exact_records_replacements_and_quarantine (tests.test_mo2_path_budget.PathBudgetPolicyTests.test_containment_budget_names_exact_records_replacements_and_quarantine) ... ok
test_created_root_guard_threads_bound_projection_into_observation (tests.test_mo2_path_budget.PathBudgetPolicyTests.test_created_root_guard_threads_bound_projection_into_observation) ... ok
test_exact_consumer_limits_and_one_unit_over (tests.test_mo2_path_budget.PathBudgetPolicyTests.test_exact_consumer_limits_and_one_unit_over) ... ok
test_fixture_admission_includes_every_external_input_and_source_adoption_path (tests.test_mo2_path_budget.PathBudgetPolicyTests.test_fixture_admission_includes_every_external_input_and_source_adoption_path) ... ok
test_fixture_admission_rejects_archive_observation_drift_before_creation (tests.test_mo2_path_budget.PathBudgetPolicyTests.test_fixture_admission_rejects_archive_observation_drift_before_creation) ... ok
test_new_layout_full_identity_and_strict_legacy_plan_and_journal_roundtrips (tests.test_mo2_path_budget.PathBudgetPolicyTests.test_new_layout_full_identity_and_strict_legacy_plan_and_journal_roundtrips) ... ok
test_non_bmp_uses_two_units_and_components_are_bounded (tests.test_mo2_path_budget.PathBudgetPolicyTests.test_non_bmp_uses_two_units_and_components_are_bounded) ... ok
test_outer_admission_rejects_changed_fixture_input_snapshot (tests.test_mo2_path_budget.PathBudgetPolicyTests.test_outer_admission_rejects_changed_fixture_input_snapshot) ... ok
test_recovery_relocation_refusal_stops_before_later_tree_mutation (tests.test_mo2_path_budget.PathBudgetPolicyTests.test_recovery_relocation_refusal_stops_before_later_tree_mutation) ... ok
test_relocation_admission_binds_actual_tree_and_every_destination_member (tests.test_mo2_path_budget.PathBudgetPolicyTests.test_relocation_admission_binds_actual_tree_and_every_destination_member) ... ok
test_relocation_admission_observes_the_bound_projection_without_reenumerating (tests.test_mo2_path_budget.PathBudgetPolicyTests.test_relocation_admission_observes_the_bound_projection_without_reenumerating) ... ok
test_relocation_admission_rejects_long_collision_reparse_and_cross_volume (tests.test_mo2_path_budget.PathBudgetPolicyTests.test_relocation_admission_rejects_long_collision_reparse_and_cross_volume) ... ok
test_relocation_snapshot_revalidation_refuses_substitution (tests.test_mo2_path_budget.PathBudgetPolicyTests.test_relocation_snapshot_revalidation_refuses_substitution) ... ok
test_schema_one_plan_and_journal_have_fixed_canonical_byte_identities (tests.test_mo2_path_budget.PathBudgetPolicyTests.test_schema_one_plan_and_journal_have_fixed_canonical_byte_identities) ... ok
test_shared_publication_candidate_bounds_pid_thread_and_token (tests.test_mo2_path_budget.PathBudgetPolicyTests.test_shared_publication_candidate_bounds_pid_thread_and_token) ... ok

----------------------------------------------------------------------
Ran 19 tests in 0.324s

OK
