EXECUTION_MODE=require_escalated-unsandboxed
SUITE_PID=26684
EXEC_SESSION_ID=41827
PID_CREATION_TIME_WMI=09/04/2026 17:36:09
PID_START_TIME=2026-09-04T17:36:09.8081828+10:00
ELAPSED_BEFORE_TERMINATION_SECONDS=716.99
CPU_BEFORE_TERMINATION_SECONDS=422.547
DESCENDANTS_BEFORE=
CHILD_RUNNING_BEFORE=False
LIVE_LOG_SIZE_BYTES=176379
LIVE_LOG_SHA256=f24bbf3b58024109689e2b1c15bb689826516c98b6dca92494f66033b6675c25
LIVE_LOG_TAIL_BEGIN
test_substituted_startup_intent_is_preserved_without_abandonment (test_mo2_preparation_recovery.PreparationRecoveryAdversarialTests.test_substituted_startup_intent_is_preserved_without_abandonment) ... ok
test_unknown_legacy_shape_and_prepared_run_refuse_without_disposition (test_mo2_preparation_recovery.PreparationRecoveryAdversarialTests.test_unknown_legacy_shape_and_prepared_run_refuse_without_disposition) ... ok
test_unknown_link_blocks_cleanup_before_any_owned_link_moves (test_mo2_preparation_recovery.PreparationRecoveryAdversarialTests.test_unknown_link_blocks_cleanup_before_any_owned_link_moves) ... ok
test_unsupported_future_preparation_preserves_all_failed_attempt_bytes (test_mo2_preparation_recovery.PreparationRecoveryAdversarialTests.test_unsupported_future_preparation_preserves_all_failed_attempt_bytes) ... ok
test_v2_reservation_is_strict_and_cannot_replay_as_v1_or_other_intent (test_mo2_preparation_recovery.PreparationRecoveryAdversarialTests.test_v2_reservation_is_strict_and_cannot_replay_as_v1_or_other_intent) ... ok
test_native_inventory_rejects_a_real_live_python_child (test_mo2_preparation_recovery.PreparationRecoveryContractTests.test_native_inventory_rejects_a_real_live_python_child) ... ok
test_native_inventory_rejects_incomplete_enumeration_and_close_uncertainty (test_mo2_preparation_recovery.PreparationRecoveryContractTests.test_native_inventory_rejects_incomplete_enumeration_and_close_uncertainty) ... ok
test_native_inventory_retains_both_process_and_snapshot_close_owners (test_mo2_preparation_recovery.PreparationRecoveryContractTests.test_native_inventory_retains_both_process_and_snapshot_close_owners) ... ok
test_native_process_absence_rejects_live_reused_and_access_denied_pid (test_mo2_preparation_recovery.PreparationRecoveryContractTests.test_native_process_absence_rejects_live_reused_and_access_denied_pid) ... ok
test_preparation_records_reject_noncanonical_and_cross_run_replay (test_mo2_preparation_recovery.PreparationRecoveryContractTests.test_preparation_records_reject_noncanonical_and_cross_run_replay) ... ok
test_recovery_cannot_grant_retry_without_exact_process_and_failure_binding (test_mo2_preparation_recovery.PreparationRecoveryContractTests.test_recovery_cannot_grant_retry_without_exact_process_and_failure_binding) ... ok
test_restart_preparation_is_an_explicit_operation (test_mo2_preparation_recovery.PreparationRecoveryContractTests.test_restart_preparation_is_an_explicit_operation) ... ok
LIVE_LOG_TAIL_END
TERMINATION_REQUESTED_UTC=2026-09-04T07:48:06.8314163Z
SUITE_TERMINATION_SUCCEEDED=True
OWNED_DESCENDANTS_TERMINATED=
DESCENDANTS_AFTER=
DESCENDANTS_ABSENT=True
TERMINATION_FINISHED_UTC=2026-09-04T07:48:07.1740689Z
