74664a32e55a6b2e7e88cdbb2acad16595f2b29238c94e91d5db40a687e28232  modlab/adapters/mo2/archive.py
183dc4ccc4a7c07f604a65293528acd18cc7a7c71b89a782d5cc6c1f529fe183  modlab/adapters/mo2/bootstrap_model.py
91044c71a93469cb83ce1a9120548ebaa68af253092151423ca50c9ce217f68f  modlab/adapters/mo2/bootstrap_serialization.py
9376dac474ec63eb8c477198b85e7d886d1c815b603894d34961420a1f227cc4  modlab/adapters/mo2/path_budget.py
0b192bffb7d577b2ffa3b49a9c3ab1241573ff5691f51882df5672518da77934  modlab/platform/windows_exact_fs.py
614e35fa4b46058a03d432fac7337eb51da2eb07b29937151496cfc4172b55ec  modlab/validation/mo2_containment_fixtures.py
e8ee03e34ece5bda40cb0a5f0e4dca1c647348ec6fb45c6a138a39b77a6c4735  modlab/validation/mo2_containment_service.py
7701f40570607cf06a0461c2b3b981420b971dbb80219d831bc5e5a0c94848bd  modlab/validation/mo2_containment_store.py
c6319cc2654cb9f69237cc8a792917ca2cce29fd617e6f2583b5f9c18c375610  modlab/workflows/skyrim/mo2_bootstrap_rendering.py
0e92091b58d0a18f63599a8dd0fb0f0991c0423e86991937111d9f457b29e413  modlab/workflows/skyrim/mo2_bootstrap_store.py
9effe77d18bd4d5d21b1d031afc0de4f87052214eabd0f74be199bbb327c347f  modlab/workflows/skyrim/mo2_bootstrap.py
5b07930bca0dafdd8caf28d7ca784acdc4ca2c0a0072e244698d075335c06943  tests/support/mo2_bootstrap.py
cec066d381360aa696154cb9bf962823737c36076e4559158758b4088618f40e  tests/support/mo2_containment.py
7f045597d32a07c0038d35d4e059916b8ab57d0d0ff4dc6ea29fd1f1f265eb2d  tests/test_mo2_archive.py
9847a80f3bcd6c273f033ec6aaa582bd3ee1c35bbc73f53d73d96baeda9e85d0  tests/test_mo2_bootstrap_adopt.py
5c363cc0e74501c2e6bb56ff095be2b2be5d12812933e7cf76a4c4fb6b9be3bc  tests/test_mo2_bootstrap_cli.py
cf2cccb7e71a7c2feb75a6fba492dba7b11f3771b3e07a6fa36578c3b2b7386f  tests/test_mo2_bootstrap_create.py
7a8ad088e2f45f4acd6f014a922578d0d518ee7cfc00d65e9d2eaf275dbbcea4  tests/test_mo2_bootstrap_planning.py
82034bf2b10e388331670386ac53655b92357e08fad4b567b56ed5cca3a282c8  tests/test_mo2_bootstrap_recovery.py
d2c62d4c872369738037ca5ee21d0586e66ceeb083d50b143840fd5a3c4fa279  tests/test_mo2_containment_fixtures.py
b8786525b589a3ef7cbb2bec50e37a30e1001d35c69b553bf6d85dd12c566dcb  tests/test_mo2_containment_service.py
481e99d5048c0be825399aaa68477f4439cae473423b98e34b636464ac5a9464  tests/test_mo2_containment_store.py
1871bd0c4736b2df876aa8ba1de4949646d3a07c2b7eaa9f647572e23a1a33c4  tests/test_mo2_path_budget.py
5716932b7f720c7330108231d2de5c632f977c64d513f61a020e3df6f9bccde7  tests/test_mo2_preparation_recovery.py
COMBINED 5d2b0f56bf5f692b28043ccd1b5479adf5958d97260b08790bd35c2932478cfe
COUNT 24
