test_canonical_documents_are_sorted_utf8_with_one_trailing_newline (tests.test_mo2_bootstrap_serialization.BootstrapSerializationTests.test_canonical_documents_are_sorted_utf8_with_one_trailing_newline) ... ok
test_every_document_rejects_duplicates_saves_and_extra_fields (tests.test_mo2_bootstrap_serialization.BootstrapSerializationTests.test_every_document_rejects_duplicates_saves_and_extra_fields) ... ok
test_job_identity_and_state_transition_fields_round_trip (tests.test_mo2_bootstrap_serialization.BootstrapSerializationTests.test_job_identity_and_state_transition_fields_round_trip) ... ok
test_journal_prior_kind_matches_create_or_adopt_disposition (tests.test_mo2_bootstrap_serialization.BootstrapSerializationTests.test_journal_prior_kind_matches_create_or_adopt_disposition) ... ok
test_plan_identity_excludes_no_fields_except_its_derived_id (tests.test_mo2_bootstrap_serialization.BootstrapSerializationTests.test_plan_identity_excludes_no_fields_except_its_derived_id) ... ok
test_plan_rejects_unsafe_plugin_name_and_nonsemantic_ini_order (tests.test_mo2_bootstrap_serialization.BootstrapSerializationTests.test_plan_rejects_unsafe_plugin_name_and_nonsemantic_ini_order) ... ok
test_receipt_identity_covers_package_extras_and_profiles (tests.test_mo2_bootstrap_serialization.BootstrapSerializationTests.test_receipt_identity_covers_package_extras_and_profiles) ... ok
test_bootstrap_inventory_accepts_only_the_exact_receipted_overlay (tests.test_mo2_bootstrap_inventory.Mo2BootstrapInventoryTests.test_bootstrap_inventory_accepts_only_the_exact_receipted_overlay) ... ok
test_bridge_receipt_must_bind_an_explicit_bootstrap_receipt (tests.test_mo2_bootstrap_inventory.Mo2BootstrapInventoryTests.test_bridge_receipt_must_bind_an_explicit_bootstrap_receipt) ... ok
test_overlay_presence_and_package_identity_fail_closed (tests.test_mo2_bootstrap_inventory.Mo2BootstrapInventoryTests.test_overlay_presence_and_package_identity_fail_closed) ... ok
test_absent_target_and_workspace_init_skeleton_are_empty_without_writes (tests.test_mo2_bootstrap_config.Mo2BootstrapConfigTests.test_absent_target_and_workspace_init_skeleton_are_empty_without_writes) ... ok
test_generated_contained_instance_projects_ready (tests.test_mo2_bootstrap_config.Mo2BootstrapConfigTests.test_generated_contained_instance_projects_ready) ... ok
test_modorganizer_ini_is_minimal_deterministic_and_strictly_readable (tests.test_mo2_bootstrap_config.Mo2BootstrapConfigTests.test_modorganizer_ini_is_minimal_deterministic_and_strictly_readable) ... ok
test_nonregular_ini_and_source_drift_block (tests.test_mo2_bootstrap_config.Mo2BootstrapConfigTests.test_nonregular_ini_and_source_drift_block) ... ok
test_observed_seed_round_trips_through_strict_bootstrap_plan (tests.test_mo2_bootstrap_config.Mo2BootstrapConfigTests.test_observed_seed_round_trips_through_strict_bootstrap_plan) ... ok
test_rendered_profiles_are_equal_exact_and_never_include_saves (tests.test_mo2_bootstrap_config.Mo2BootstrapConfigTests.test_rendered_profiles_are_equal_exact_and_never_include_saves) ... ok
test_reusing_observation_read_set_cannot_hide_source_drift (tests.test_mo2_bootstrap_config.Mo2BootstrapConfigTests.test_reusing_observation_read_set_cannot_hide_source_drift) ... ok
test_staged_configuration_uses_exclusive_writes_and_returns_delta (tests.test_mo2_bootstrap_config.Mo2BootstrapConfigTests.test_staged_configuration_uses_exclusive_writes_and_returns_delta) ... ok
test_unknown_target_file_is_blocked_and_existing_executable_is_bounded (tests.test_mo2_bootstrap_config.Mo2BootstrapConfigTests.test_unknown_target_file_is_blocked_and_existing_executable_is_bounded) ... ok
test_bound_decision_is_immutable_for_identical_and_changed_bytes (tests.test_mo2_containment_store.ContainmentStoreTests.test_bound_decision_is_immutable_for_identical_and_changed_bytes) ... ok
test_bound_decision_probe_rejects_wrong_run_and_noncanonical_bytes (tests.test_mo2_containment_store.ContainmentStoreTests.test_bound_decision_probe_rejects_wrong_run_and_noncanonical_bytes) ... ok
test_captured_transition_requires_durable_after_and_result (tests.test_mo2_containment_store.ContainmentStoreTests.test_captured_transition_requires_durable_after_and_result) ... ok
test_claim_and_transitions_are_atomic_and_idempotent (tests.test_mo2_containment_store.ContainmentStoreTests.test_claim_and_transitions_are_atomic_and_idempotent) ... ok
test_command_lock_serializes_same_root_and_fingerprint (tests.test_mo2_containment_store.ContainmentStoreTests.test_command_lock_serializes_same_root_and_fingerprint) ... ok
test_decision_resolution_does_not_hide_malformed_nested_result (tests.test_mo2_containment_store.ContainmentStoreTests.test_decision_resolution_does_not_hide_malformed_nested_result) ... ok
test_effect_recorder_distinguishes_post_publication_from_prepublication_failure (tests.test_mo2_containment_store.ContainmentStoreTests.test_effect_recorder_distinguishes_post_publication_from_prepublication_failure) ... ok
test_effect_recorder_keeps_posix_promotion_before_late_failure (tests.test_mo2_containment_store.ContainmentStoreTests.test_effect_recorder_keeps_posix_promotion_before_late_failure) ... ok
test_effect_recorder_keeps_write_when_replace_fails_after_mutation (tests.test_mo2_containment_store.ContainmentStoreTests.test_effect_recorder_keeps_write_when_replace_fails_after_mutation) ... ok
test_failed_immutable_cleanup_records_surviving_part (tests.test_mo2_containment_store.ContainmentStoreTests.test_failed_immutable_cleanup_records_surviving_part) ... ok
test_failed_posix_immutable_promotion_records_unexpected_new_target (tests.test_mo2_containment_store.ContainmentStoreTests.test_failed_posix_immutable_promotion_records_unexpected_new_target) ... ok
test_failed_replacement_cleanup_records_surviving_part_only (tests.test_mo2_containment_store.ContainmentStoreTests.test_failed_replacement_cleanup_records_surviving_part_only) ... ok
test_failed_replacement_records_deleted_target (tests.test_mo2_containment_store.ContainmentStoreTests.test_failed_replacement_records_deleted_target) ... ok
test_failed_windows_immutable_publication_records_unexpected_new_target (tests.test_mo2_containment_store.ContainmentStoreTests.test_failed_windows_immutable_publication_records_unexpected_new_target) ... ok
test_journal_replace_uses_post_rename_durability_helper (tests.test_mo2_containment_store.ContainmentStoreTests.test_journal_replace_uses_post_rename_durability_helper) ... ok
test_launch_evidence_is_strict_immutable_and_restart_loadable (tests.test_mo2_containment_store.ContainmentStoreTests.test_launch_evidence_is_strict_immutable_and_restart_loadable) ... ok
test_list_run_ids_accepts_valid_direct_directory_and_ignores_unrelated (tests.test_mo2_containment_store.ContainmentStoreTests.test_list_run_ids_accepts_valid_direct_directory_and_ignores_unrelated) ... ok
test_list_run_ids_rejects_case_variant_run_name (tests.test_mo2_containment_store.ContainmentStoreTests.test_list_run_ids_rejects_case_variant_run_name) ... ok
test_list_run_ids_rejects_no_follow_stat_uncertainty (tests.test_mo2_containment_store.ContainmentStoreTests.test_list_run_ids_rejects_no_follow_stat_uncertainty) ... ok
test_list_run_ids_rejects_regular_file_impostor (tests.test_mo2_containment_store.ContainmentStoreTests.test_list_run_ids_rejects_regular_file_impostor) ... ok
test_list_run_ids_rejects_reparse_directory_metadata (tests.test_mo2_containment_store.ContainmentStoreTests.test_list_run_ids_rejects_reparse_directory_metadata) ... ok
test_list_run_ids_rejects_symlink_when_supported (tests.test_mo2_containment_store.ContainmentStoreTests.test_list_run_ids_rejects_symlink_when_supported) ... skipped "directory symlink unavailable: [WinError 1314] A required privilege is not held by the client: 'C:\\\\Users\\\\red\\\\Desktop\\\\Modlab\\\\.worktrees\\\\mo2-guard-bridge-handshake\\\\nt\\\\modlab-containment-store-r268knhm\\\\target' -> 'C:\\\\Users\\\\red\\\\Desktop\\\\Modlab\\\\.worktrees\\\\mo2-guard-bridge-handshake\\\\nt\\\\modlab-containment-store-r268knhm\\\\dddddddddddddddddddddddddddddddd'"
test_malformed_capability_decision_has_a_typed_read_error (tests.test_mo2_containment_store.ContainmentStoreTests.test_malformed_capability_decision_has_a_typed_read_error) ... ok
test_malformed_scenario_result_has_a_typed_read_error (tests.test_mo2_containment_store.ContainmentStoreTests.test_malformed_scenario_result_has_a_typed_read_error) ... ok
test_mutable_part_path_is_lexical_when_host_name_is_mocked (tests.test_mo2_containment_store.ContainmentStoreTests.test_mutable_part_path_is_lexical_when_host_name_is_mocked) ... ok
test_noncanonical_scenario_result_has_a_typed_read_error (tests.test_mo2_containment_store.ContainmentStoreTests.test_noncanonical_scenario_result_has_a_typed_read_error) ... ok
test_open_readonly_never_prepares_existing_root_or_children (tests.test_mo2_containment_store.ContainmentStoreTests.test_open_readonly_never_prepares_existing_root_or_children) ... ok
test_open_readonly_requires_existing_root_without_creating_it (tests.test_mo2_containment_store.ContainmentStoreTests.test_open_readonly_requires_existing_root_without_creating_it) ... ok
test_posix_durable_replace_syncs_parent_directory (tests.test_mo2_containment_store.ContainmentStoreTests.test_posix_durable_replace_syncs_parent_directory) ... ok
test_posix_immutable_promotion_fails_closed_on_windows (tests.test_mo2_containment_store.ContainmentStoreTests.test_posix_immutable_promotion_fails_closed_on_windows) ... ok
test_posix_immutable_promotion_keeps_hard_link_no_replace_behavior (tests.test_mo2_containment_store.ContainmentStoreTests.test_posix_immutable_promotion_keeps_hard_link_no_replace_behavior) ... ok
test_result_and_decision_are_immutable (tests.test_mo2_containment_store.ContainmentStoreTests.test_result_and_decision_are_immutable) ... ok
test_retry_authority_consumption_never_uses_durable_replacement (tests.test_mo2_containment_store.ContainmentStoreTests.test_retry_authority_consumption_never_uses_durable_replacement) ... ok
test_retry_authority_is_exact_and_consumed_once (tests.test_mo2_containment_store.ContainmentStoreTests.test_retry_authority_is_exact_and_consumed_once) ... ok
test_retry_authority_rejects_embedded_consumer_marker_conflict (tests.test_mo2_containment_store.ContainmentStoreTests.test_retry_authority_rejects_embedded_consumer_marker_conflict) ... ok
test_retry_authority_rejects_foreign_consumption_marker (tests.test_mo2_containment_store.ContainmentStoreTests.test_retry_authority_rejects_foreign_consumption_marker) ... ok
test_retry_authority_rejects_legacy_embedded_consumption_without_marker (tests.test_mo2_containment_store.ContainmentStoreTests.test_retry_authority_rejects_legacy_embedded_consumption_without_marker) ... ok
test_retry_authority_rejects_malformed_consumption_marker (tests.test_mo2_containment_store.ContainmentStoreTests.test_retry_authority_rejects_malformed_consumption_marker) ... ok
test_retry_consumption_publication_failure_leaves_authority_available (tests.test_mo2_containment_store.ContainmentStoreTests.test_retry_consumption_publication_failure_leaves_authority_available) ... ok
test_retry_consumption_refuses_success_when_marker_readback_is_missing (tests.test_mo2_containment_store.ContainmentStoreTests.test_retry_consumption_refuses_success_when_marker_readback_is_missing) ... ok
test_run_intent_is_immutable_canonical_and_precedes_request (tests.test_mo2_containment_store.ContainmentStoreTests.test_run_intent_is_immutable_canonical_and_precedes_request) ... ok
test_store_uses_exact_confined_layout_and_rejects_tampered_readback (tests.test_mo2_containment_store.ContainmentStoreTests.test_store_uses_exact_confined_layout_and_rejects_tampered_readback) ... ok
test_windows_durable_replace_uses_replace_existing_and_write_through (tests.test_mo2_containment_store.ContainmentStoreTests.test_windows_durable_replace_uses_replace_existing_and_write_through) ... ok
test_windows_immutable_write_never_publishes_a_substitute_at_candidate_path (tests.test_mo2_containment_store.ContainmentStoreTests.test_windows_immutable_write_never_publishes_a_substitute_at_candidate_path) ... ok
test_windows_immutable_write_preserves_structured_ownership_for_retry (tests.test_mo2_containment_store.ContainmentStoreTests.test_windows_immutable_write_preserves_structured_ownership_for_retry) ... ok
test_windows_immutable_writes_route_only_to_retained_publication (tests.test_mo2_containment_store.ContainmentStoreTests.test_windows_immutable_writes_route_only_to_retained_publication) ... ok
test_windows_ownership_failure_records_surviving_candidate_path (tests.test_mo2_containment_store.ContainmentStoreTests.test_windows_ownership_failure_records_surviving_candidate_path) ... ok
test_completed_arbitrary_reason_is_not_positive_failure_proof (tests.test_mo2_containment_serialization.Mo2ContainmentSerializationTests.test_completed_arbitrary_reason_is_not_positive_failure_proof) ... ok
test_completed_typed_policy_violation_is_positive_failure_proof (tests.test_mo2_containment_serialization.Mo2ContainmentSerializationTests.test_completed_typed_policy_violation_is_positive_failure_proof) ... ok
test_incomplete_watch_with_bound_positive_event_may_be_failed (tests.test_mo2_containment_serialization.Mo2ContainmentSerializationTests.test_incomplete_watch_with_bound_positive_event_may_be_failed) ... ok
test_incomplete_watch_without_positive_breach_cannot_be_failed (tests.test_mo2_containment_serialization.Mo2ContainmentSerializationTests.test_incomplete_watch_without_positive_breach_cannot_be_failed) ... ok
test_journal_scenario_started_requires_monitor_and_precedes_mo2_pid (tests.test_mo2_containment_serialization.Mo2ContainmentSerializationTests.test_journal_scenario_started_requires_monitor_and_precedes_mo2_pid) ... ok
test_legacy_empty_adoption_failure_remains_readable (tests.test_mo2_containment_serialization.Mo2ContainmentSerializationTests.test_legacy_empty_adoption_failure_remains_readable) ... ok
test_non_supported_decision_evidence_must_be_all_present_or_all_empty (tests.test_mo2_containment_serialization.Mo2ContainmentSerializationTests.test_non_supported_decision_evidence_must_be_all_present_or_all_empty) ... ok
test_passed_result_requires_complete_clean_started_evidence (tests.test_mo2_containment_serialization.Mo2ContainmentSerializationTests.test_passed_result_requires_complete_clean_started_evidence) ... ok
test_passing_special_scenarios_require_exact_staging_outputs (tests.test_mo2_containment_serialization.Mo2ContainmentSerializationTests.test_passing_special_scenarios_require_exact_staging_outputs) ... ok
test_protected_delta_is_positive_failure_proof_without_complete_watch (tests.test_mo2_containment_serialization.Mo2ContainmentSerializationTests.test_protected_delta_is_positive_failure_proof_without_complete_watch) ... ok
test_rejected_and_incomplete_decisions_deep_bind_every_supplied_pair (tests.test_mo2_containment_serialization.Mo2ContainmentSerializationTests.test_rejected_and_incomplete_decisions_deep_bind_every_supplied_pair) ... ok
test_result_rejects_replay_copied_completion_and_extra_fields (tests.test_mo2_containment_serialization.Mo2ContainmentSerializationTests.test_result_rejects_replay_copied_completion_and_extra_fields) ... ok
test_retry_eligibility_requires_pre_scenario_incomplete (tests.test_mo2_containment_serialization.Mo2ContainmentSerializationTests.test_retry_eligibility_requires_pre_scenario_incomplete) ... ok
test_scenario_recovery_round_trips_and_enforces_cleanup_authority (tests.test_mo2_containment_serialization.Mo2ContainmentSerializationTests.test_scenario_recovery_round_trips_and_enforces_cleanup_authority) ... ok
test_scenario_result_round_trips_only_with_bound_watch_outcome (tests.test_mo2_containment_serialization.Mo2ContainmentSerializationTests.test_scenario_result_round_trips_only_with_bound_watch_outcome) ... ok
test_supported_decision_deeply_binds_each_result_and_watch_outcome (tests.test_mo2_containment_serialization.Mo2ContainmentSerializationTests.test_supported_decision_deeply_binds_each_result_and_watch_outcome) ... ok
test_v2_metadata_false_failure_remains_readable (tests.test_mo2_containment_serialization.Mo2ContainmentSerializationTests.test_v2_metadata_false_failure_remains_readable) ... ok
test_version_two_decision_rejects_mutated_authority_bindings (tests.test_mo2_containment_serialization.Mo2ContainmentSerializationTests.test_version_two_decision_rejects_mutated_authority_bindings) ... ok
test_watch_outcome_rejects_event_attributed_to_unknown_root (tests.test_mo2_containment_serialization.Mo2ContainmentSerializationTests.test_watch_outcome_rejects_event_attributed_to_unknown_root) ... ok
test_watch_outcome_rejects_impossible_or_noncanonical_values (tests.test_mo2_containment_serialization.Mo2ContainmentSerializationTests.test_watch_outcome_rejects_impossible_or_noncanonical_values) ... ok
test_watch_outcome_round_trips_canonically (tests.test_mo2_containment_serialization.Mo2ContainmentSerializationTests.test_watch_outcome_round_trips_canonically) ... ok
test_adjudicate_never_defaults_incomplete_to_supported (tests.test_mo2_containment_cli.ContainmentCliTests.test_adjudicate_never_defaults_incomplete_to_supported) ... ok
test_adjudicate_not_ready_is_exit_three_without_guessed_decision_write (tests.test_mo2_containment_cli.ContainmentCliTests.test_adjudicate_not_ready_is_exit_three_without_guessed_decision_write) ... ok
test_json_prepare_exposes_exact_run_id_and_complete_shape (tests.test_mo2_containment_cli.ContainmentCliTests.test_json_prepare_exposes_exact_run_id_and_complete_shape) ... ok
test_json_validate_never_sends_its_continue_prompt_to_stdout (tests.test_mo2_containment_cli.ContainmentCliTests.test_json_validate_never_sends_its_continue_prompt_to_stdout) ... ok
test_json_validate_writes_one_final_object_to_stdout_and_guidance_to_stderr (tests.test_mo2_containment_cli.ContainmentCliTests.test_json_validate_writes_one_final_object_to_stdout_and_guidance_to_stderr) ... ok
test_malformed_evidence_through_cli_uses_exit_two_and_one_json_response (tests.test_mo2_containment_cli.ContainmentCliTests.test_malformed_evidence_through_cli_uses_exit_two_and_one_json_response) ... ok
test_malformed_identifier_is_a_plain_exit_two_refusal (tests.test_mo2_containment_cli.ContainmentCliTests.test_malformed_identifier_is_a_plain_exit_two_refusal) ... ok
test_malformed_live_show_is_exit_two_without_mutation (tests.test_mo2_containment_cli.ContainmentCliTests.test_malformed_live_show_is_exit_two_without_mutation) ... ok
test_malformed_prepare_result_preserves_effect_receipt_as_operational_refusal (tests.test_mo2_containment_cli.ContainmentCliTests.test_malformed_prepare_result_preserves_effect_receipt_as_operational_refusal) ... ok
test_nested_malformed_evidence_outranks_outer_not_ready (tests.test_mo2_containment_cli.ContainmentCliTests.test_nested_malformed_evidence_outranks_outer_not_ready) ... ok
test_operational_invalid_transition_uses_exit_three_not_message_matching (tests.test_mo2_containment_cli.ContainmentCliTests.test_operational_invalid_transition_uses_exit_three_not_message_matching) ... ok
test_parse_time_json_error_writes_one_complete_json_response (tests.test_mo2_containment_cli.ContainmentCliTests.test_parse_time_json_error_writes_one_complete_json_response) ... ok
test_post_launch_capture_binding_refusal_retains_controller_context (tests.test_mo2_containment_cli.ContainmentCliTests.test_post_launch_capture_binding_refusal_retains_controller_context) ... ok
test_post_launch_capture_refusal_retains_pid_artifacts_and_containment_root (tests.test_mo2_containment_cli.ContainmentCliTests.test_post_launch_capture_refusal_retains_pid_artifacts_and_containment_root) ... ok
test_prepare_maps_only_its_service_effect_receipt (tests.test_mo2_containment_cli.ContainmentCliTests.test_prepare_maps_only_its_service_effect_receipt) ... ok
test_prepare_reports_disposable_validation_without_production_action (tests.test_mo2_containment_cli.ContainmentCliTests.test_prepare_reports_disposable_validation_without_production_action) ... ok
test_recover_maps_only_the_service_effect_receipt (tests.test_mo2_containment_cli.ContainmentCliTests.test_recover_maps_only_the_service_effect_receipt) ... ok
test_recover_success_returns_zero_without_upgrading_old_result (tests.test_mo2_containment_cli.ContainmentCliTests.test_recover_success_returns_zero_without_upgrading_old_result) ... ok
test_show_against_absent_workspace_creates_nothing (tests.test_mo2_containment_cli.ContainmentCliTests.test_show_against_absent_workspace_creates_nothing) ... ok
test_show_displays_every_retained_scenario_history_and_decision (tests.test_mo2_containment_cli.ContainmentCliTests.test_show_displays_every_retained_scenario_history_and_decision) ... ok
test_show_is_read_only_and_returns_zero_for_failed_history (tests.test_mo2_containment_cli.ContainmentCliTests.test_show_is_read_only_and_returns_zero_for_failed_history) ... ok
test_suppressed_malformed_context_still_outranks_outer_not_ready (tests.test_mo2_containment_cli.ContainmentCliTests.test_suppressed_malformed_context_still_outranks_outer_not_ready) ... ok
test_validate_discloses_typed_result_evidence_and_all_confirmed_artifacts (tests.test_mo2_containment_cli.ContainmentCliTests.test_validate_discloses_typed_result_evidence_and_all_confirmed_artifacts) ... ok
test_validate_distinguishes_proven_failure_from_incomplete (tests.test_mo2_containment_cli.ContainmentCliTests.test_validate_distinguishes_proven_failure_from_incomplete) ... ok
test_validate_does_not_infer_processes_from_return_values (tests.test_mo2_containment_cli.ContainmentCliTests.test_validate_does_not_infer_processes_from_return_values) ... ok
test_validate_keeps_arm_launch_and_capture_in_one_controller (tests.test_mo2_containment_cli.ContainmentCliTests.test_validate_keeps_arm_launch_and_capture_in_one_controller) ... ok
test_validate_maps_only_exact_service_receipts_without_guesses (tests.test_mo2_containment_cli.ContainmentCliTests.test_validate_maps_only_exact_service_receipts_without_guesses) ... ok
test_validate_prints_exact_visible_merge_instructions (tests.test_mo2_containment_cli.ContainmentCliTests.test_validate_prints_exact_visible_merge_instructions) ... ok
test_validate_prints_the_other_exact_visible_scenario_instructions (tests.test_mo2_containment_cli.ContainmentCliTests.test_validate_prints_the_other_exact_visible_scenario_instructions) ... ok
test_validate_refuses_noninteractive_stdin_before_arming (tests.test_mo2_containment_cli.ContainmentCliTests.test_validate_refuses_noninteractive_stdin_before_arming) ... ok
test_preparation_commands_reach_live_readonly_absent_root_refusal (tests.test_mo2_containment_cli.PreparationCliTests.test_preparation_commands_reach_live_readonly_absent_root_refusal) ... ok
test_authority_records_are_canonical_content_addressed_and_immutable (tests.test_mo2_containment_authority.Mo2ContainmentAuthorityTests.test_authority_records_are_canonical_content_addressed_and_immutable) ... ok
test_caller_cannot_select_the_historical_run_or_decision (tests.test_mo2_containment_authority.Mo2ContainmentAuthorityTests.test_caller_cannot_select_the_historical_run_or_decision) ... ok
test_changed_source_version_or_result_binding_is_rejected (tests.test_mo2_containment_authority.Mo2ContainmentAuthorityTests.test_changed_source_version_or_result_binding_is_rejected) ... ok
test_complete_chain_rooted_in_arbitrary_retirement_is_rejected (tests.test_mo2_containment_authority.Mo2ContainmentAuthorityTests.test_complete_chain_rooted_in_arbitrary_retirement_is_rejected) ... ok
test_eligibility_without_supersession_is_rejected (tests.test_mo2_containment_authority.Mo2ContainmentAuthorityTests.test_eligibility_without_supersession_is_rejected) ... ok
test_eligible_decision_that_is_later_retired_is_rejected (tests.test_mo2_containment_authority.Mo2ContainmentAuthorityTests.test_eligible_decision_that_is_later_retired_is_rejected) ... ok
test_exact_historical_policy_root_is_retired_even_when_fixture_bytes_exist (tests.test_mo2_containment_authority.Mo2ContainmentAuthorityTests.test_exact_historical_policy_root_is_retired_even_when_fixture_bytes_exist) ... ok
test_exact_historical_retirement_identity_requires_exact_defect_codes (tests.test_mo2_containment_authority.Mo2ContainmentAuthorityTests.test_exact_historical_retirement_identity_requires_exact_defect_codes) ... ok
test_failed_or_non_independent_review_never_confers_eligibility (tests.test_mo2_containment_authority.Mo2ContainmentAuthorityTests.test_failed_or_non_independent_review_never_confers_eligibility) ... ok
test_historical_identity_cannot_be_reintroduced_by_eligibility (tests.test_mo2_containment_authority.Mo2ContainmentAuthorityTests.test_historical_identity_cannot_be_reintroduced_by_eligibility) ... ok
test_malformed_direct_authority_entry_fails_closed (tests.test_mo2_containment_authority.Mo2ContainmentAuthorityTests.test_malformed_direct_authority_entry_fails_closed) ... ok
test_multiple_reviews_for_one_decision_are_ambiguous (tests.test_mo2_containment_authority.Mo2ContainmentAuthorityTests.test_multiple_reviews_for_one_decision_are_ambiguous) ... ok
test_nested_scenario_or_watch_reparse_ancestor_fails_closed (tests.test_mo2_containment_authority.Mo2ContainmentAuthorityTests.test_nested_scenario_or_watch_reparse_ancestor_fails_closed) ... ok
test_only_independently_reviewed_replacement_is_eligible (tests.test_mo2_containment_authority.Mo2ContainmentAuthorityTests.test_only_independently_reviewed_replacement_is_eligible) ... ok
test_reparse_authority_ancestor_fails_closed (tests.test_mo2_containment_authority.Mo2ContainmentAuthorityTests.test_reparse_authority_ancestor_fails_closed) ... ok
test_resolver_preserves_existing_graph_bytes_identities_and_write_times (tests.test_mo2_containment_authority.Mo2ContainmentAuthorityTests.test_resolver_preserves_existing_graph_bytes_identities_and_write_times) ... ok
test_resolver_refusal_never_creates_absent_validation_ancestors (tests.test_mo2_containment_authority.Mo2ContainmentAuthorityTests.test_resolver_refusal_never_creates_absent_validation_ancestors) ... ok
test_review_bound_to_different_decision_bytes_is_rejected (tests.test_mo2_containment_authority.Mo2ContainmentAuthorityTests.test_review_bound_to_different_decision_bytes_is_rejected) ... ok
test_supersession_without_retirement_is_rejected (tests.test_mo2_containment_authority.Mo2ContainmentAuthorityTests.test_supersession_without_retirement_is_rejected) ... ok
test_two_eligible_records_are_rejected_as_ambiguous (tests.test_mo2_containment_authority.Mo2ContainmentAuthorityTests.test_two_eligible_records_are_rejected_as_ambiguous) ... ok
test_two_replacements_for_historical_retirement_are_conflicting (tests.test_mo2_containment_authority.Mo2ContainmentAuthorityTests.test_two_replacements_for_historical_retirement_are_conflicting) ... ok
test_unreferenced_retirement_with_dangling_decision_is_rejected (tests.test_mo2_containment_authority.Mo2ContainmentAuthorityTests.test_unreferenced_retirement_with_dangling_decision_is_rejected) ... ok
test_unreferenced_review_with_dangling_decision_is_rejected (tests.test_mo2_containment_authority.Mo2ContainmentAuthorityTests.test_unreferenced_review_with_dangling_decision_is_rejected) ... ok
test_unreferenced_supersession_with_dangling_retirement_is_rejected (tests.test_mo2_containment_authority.Mo2ContainmentAuthorityTests.test_unreferenced_supersession_with_dangling_retirement_is_rejected) ... ok
test_unselected_review_with_inconsistent_result_binding_is_rejected (tests.test_mo2_containment_authority.Mo2ContainmentAuthorityTests.test_unselected_review_with_inconsistent_result_binding_is_rejected) ... ok
test_zero_eligible_leaves_is_the_safe_default (tests.test_mo2_containment_authority.Mo2ContainmentAuthorityTests.test_zero_eligible_leaves_is_the_safe_default) ... ok
test_claim_binds_canonical_request_path_and_exact_worker_command (tests.test_mo2_containment_watch_protocol.WatchProtocolTests.test_claim_binds_canonical_request_path_and_exact_worker_command) ... ok
test_claim_launch_and_loss_round_trip_only_with_exact_request_binding (tests.test_mo2_containment_watch_protocol.WatchProtocolTests.test_claim_launch_and_loss_round_trip_only_with_exact_request_binding) ... ok
test_fixed_protocol_names_are_unambiguous (tests.test_mo2_containment_watch_protocol.WatchProtocolTests.test_fixed_protocol_names_are_unambiguous) ... ok
test_publication_close_failure_preserves_the_primary_error (tests.test_mo2_containment_watch_protocol.WatchProtocolTests.test_publication_close_failure_preserves_the_primary_error) ... ok
test_publication_failure_never_parses_or_leaves_unpublished_temporary (tests.test_mo2_containment_watch_protocol.WatchProtocolTests.test_publication_failure_never_parses_or_leaves_unpublished_temporary) ... ok
test_publication_ownership_error_preserves_each_explicit_role (tests.test_mo2_containment_watch_protocol.WatchProtocolTests.test_publication_ownership_error_preserves_each_explicit_role) ... ok
test_publication_ownership_error_preserves_the_full_owner_collection (tests.test_mo2_containment_watch_protocol.WatchProtocolTests.test_publication_ownership_error_preserves_the_full_owner_collection) ... ok
test_publication_write_rename_and_readback_fail_closed (tests.test_mo2_containment_watch_protocol.WatchProtocolTests.test_publication_write_rename_and_readback_fail_closed) ... ok
test_publish_new_verified_uses_retained_publication_and_refuses_collision (tests.test_mo2_containment_watch_protocol.WatchProtocolTests.test_publish_new_verified_uses_retained_publication_and_refuses_collision) ... ok
test_record_schemas_reject_boolean_integer_and_extra_field (tests.test_mo2_containment_watch_protocol.WatchProtocolTests.test_record_schemas_reject_boolean_integer_and_extra_field) ... ok
test_request_rejects_wrong_types_paths_coverage_and_noncanonical_json (tests.test_mo2_containment_watch_protocol.WatchProtocolTests.test_request_rejects_wrong_types_paths_coverage_and_noncanonical_json) ... ok
test_request_round_trips_with_all_bindings_and_aliases (tests.test_mo2_containment_watch_protocol.WatchProtocolTests.test_request_round_trips_with_all_bindings_and_aliases) ... ok
test_watch_receipt_has_no_serialized_completion_boolean (tests.test_mo2_containment_watch_protocol.WatchProtocolTests.test_watch_receipt_has_no_serialized_completion_boolean) ... ok
test_windows_watch_facade_reexports_protocol_values (tests.test_mo2_containment_watch_protocol.WatchProtocolTests.test_windows_watch_facade_reexports_protocol_values) ... ok

----------------------------------------------------------------------
Ran 158 tests in 5.526s

OK (skipped=1)
Exit: 0
