ok
test_manager_mutation_observation_requires_recovery_without_writing_manager (test_mo2_bootstrap_adopt.Mo2BootstrapAdoptTests.test_manager_mutation_observation_requires_recovery_without_writing_manager) ... ok
test_missing_package_file_blocks_before_apply (test_mo2_bootstrap_adopt.Mo2BootstrapAdoptTests.test_missing_package_file_blocks_before_apply) ... ok
test_modified_package_file_is_refused_without_manager_writes (test_mo2_bootstrap_adopt.Mo2BootstrapAdoptTests.test_modified_package_file_is_refused_without_manager_writes) ... ok
test_planned_running_process_may_be_closed_before_apply (test_mo2_bootstrap_adopt.Mo2BootstrapAdoptTests.test_planned_running_process_may_be_closed_before_apply) ... ok
test_preexisting_valid_receipt_is_a_write_free_noop (test_mo2_bootstrap_adopt.Mo2BootstrapAdoptTests.test_preexisting_valid_receipt_is_a_write_free_noop) ... ok
test_receipt_write_failure_preserves_manager_and_requires_recovery (test_mo2_bootstrap_adopt.Mo2BootstrapAdoptTests.test_receipt_write_failure_preserves_manager_and_requires_recovery) ... ok
test_redirected_package_file_refuses_before_job (test_mo2_bootstrap_adopt.Mo2BootstrapAdoptTests.test_redirected_package_file_refuses_before_job) ... skipped "symbolic links unavailable: [WinError 1314] A required privilege is not held by the client: 'C:\\\\Users\\\\red\\\\Desktop\\\\Modlab\\\\.worktrees\\\\mo2-guard-bridge-handshake\\\\nt\\\\tmprwo86joe\\\\outside.dat' -> 'C:\\\\Users\\\\red\\\\Desktop\\\\Modlab\\\\.worktrees\\\\mo2-guard-bridge-handshake\\\\nt\\\\tmprwo86joe\\\\ModLab\\\\workspace\\\\tools\\\\mo2\\\\skyrim-se-ae\\\\app\\\\resources\\\\base.dat'"
test_repeated_apply_returns_existing_receipt_without_new_job_or_extract (test_mo2_bootstrap_adopt.Mo2BootstrapAdoptTests.test_repeated_apply_returns_existing_receipt_without_new_job_or_extract) ... ok
test_running_target_process_refuses_before_job_or_stage (test_mo2_bootstrap_adopt.Mo2BootstrapAdoptTests.test_running_target_process_refuses_before_job_or_stage) ... ok
test_target_change_after_plan_refuses_before_job (test_mo2_bootstrap_adopt.Mo2BootstrapAdoptTests.test_target_change_after_plan_refuses_before_job) ... ok
test_apply_and_recover_dispatch_render_service_results (test_mo2_bootstrap_cli.Mo2BootstrapCliTests.test_apply_and_recover_dispatch_render_service_results) ... ok
test_apply_rejects_steam_root_without_calling_service (test_mo2_bootstrap_cli.Mo2BootstrapCliTests.test_apply_rejects_steam_root_without_calling_service) ... ok
test_artifact_and_apply_are_mutually_exclusive (test_mo2_bootstrap_cli.Mo2BootstrapCliTests.test_artifact_and_apply_are_mutually_exclusive) ... usage: modlab skyrim mo2 setup [-h] (--artifact ARTIFACT | --apply PLAN_ID)
                               [--steam-root STEAM_ROOT]
                               [--workspace WORKSPACE] [--format {text,json}]
modlab skyrim mo2 setup: error: argument --apply: not allowed with argument --artifact
ok
test_blocked_preview_and_safe_refusals_use_exit_three (test_mo2_bootstrap_cli.Mo2BootstrapCliTests.test_blocked_preview_and_safe_refusals_use_exit_three) ... ok
test_create_and_adopt_report_a_journal_promoted_before_reload_failure (test_mo2_bootstrap_cli.Mo2BootstrapCliTests.test_create_and_adopt_report_a_journal_promoted_before_reload_failure) ... ok
test_create_and_adopt_report_a_receipt_promoted_before_reload_failure (test_mo2_bootstrap_cli.Mo2BootstrapCliTests.test_create_and_adopt_report_a_receipt_promoted_before_reload_failure) ... 
  test_create_and_adopt_report_a_receipt_promoted_before_reload_failure (test_mo2_bootstrap_cli.Mo2BootstrapCliTests.test_create_and_adopt_report_a_receipt_promoted_before_reload_failure) (disposition='Create') ... ERROR
  test_create_and_adopt_report_a_receipt_promoted_before_reload_failure (test_mo2_bootstrap_cli.Mo2BootstrapCliTests.test_create_and_adopt_report_a_receipt_promoted_before_reload_failure) (disposition='Adopt') ... ERROR
test_expected_apply_refusals_are_clean_action_free_results (test_mo2_bootstrap_cli.Mo2BootstrapCliTests.test_expected_apply_refusals_are_clean_action_free_results) ... ok
test_invalid_schema_and_unsupported_release_exit_two (test_mo2_bootstrap_cli.Mo2BootstrapCliTests.test_invalid_schema_and_unsupported_release_exit_two) ... ok
test_invalid_typed_identifiers_exit_two_without_service_calls (test_mo2_bootstrap_cli.Mo2BootstrapCliTests.test_invalid_typed_identifiers_exit_two_without_service_calls) ... ok
test_parser_has_exact_preview_apply_and_recover_tree (test_mo2_bootstrap_cli.Mo2BootstrapCliTests.test_parser_has_exact_preview_apply_and_recover_tree) ... ok
test_preview_dispatch_and_steam_fallback (test_mo2_bootstrap_cli.Mo2BootstrapCliTests.test_preview_dispatch_and_steam_fallback) ... ok
test_real_changed_precondition_reports_completed_archive_actions (test_mo2_bootstrap_cli.Mo2BootstrapCliTests.test_real_changed_precondition_reports_completed_archive_actions) ... ok
test_real_post_activation_refusal_reports_recovery_job_and_actions (test_mo2_bootstrap_cli.Mo2BootstrapCliTests.test_real_post_activation_refusal_reports_recovery_job_and_actions) ... ERROR
test_real_post_quarantine_failure_reports_both_recovery_paths (test_mo2_bootstrap_cli.Mo2BootstrapCliTests.test_real_post_quarantine_failure_reports_both_recovery_paths) ... FAIL
test_unexpected_service_exception_remains_visible (test_mo2_bootstrap_cli.Mo2BootstrapCliTests.test_unexpected_service_exception_remains_visible) ... ok
test_already_managed_apply_is_an_honest_no_op (test_mo2_bootstrap_cli.Mo2BootstrapRenderingTests.test_already_managed_apply_is_an_honest_no_op) ... ok
test_apply_json_exposes_exact_journal_receipt_and_actions (test_mo2_bootstrap_cli.Mo2BootstrapRenderingTests.test_apply_json_exposes_exact_journal_receipt_and_actions) ... ok
test_preview_json_has_complete_evidence_and_only_plan_write (test_mo2_bootstrap_cli.Mo2BootstrapRenderingTests.test_preview_json_has_complete_evidence_and_only_plan_write) ... ok
test_real_adopt_and_already_managed_results_are_manager_no_ops (test_mo2_bootstrap_cli.Mo2BootstrapRenderingTests.test_real_adopt_and_already_managed_results_are_manager_no_ops) ... ok
test_real_create_result_satisfies_renderer_contract (test_mo2_bootstrap_cli.Mo2BootstrapRenderingTests.test_real_create_result_satisfies_renderer_contract) ... ok
test_real_finalized_recovery_satisfies_renderer_contract (test_mo2_bootstrap_cli.Mo2BootstrapRenderingTests.test_real_finalized_recovery_satisfies_renderer_contract) ... ok
test_recovery_json_and_text_report_recovered_without_invented_actions (test_mo2_bootstrap_cli.Mo2BootstrapRenderingTests.test_recovery_json_and_text_report_recovered_without_invented_actions) ... ok
test_text_leads_with_outcome_and_ends_with_precise_launch_claim (test_mo2_bootstrap_cli.Mo2BootstrapRenderingTests.test_text_leads_with_outcome_and_ends_with_precise_launch_claim) ... ok
test_verified_recovery_text_reports_the_receipt_mode (test_mo2_bootstrap_cli.Mo2BootstrapRenderingTests.test_verified_recovery_text_reports_the_receipt_mode) ... ok
test_absent_target_and_workspace_init_skeleton_are_empty_without_writes (test_mo2_bootstrap_config.Mo2BootstrapConfigTests.test_absent_target_and_workspace_init_skeleton_are_empty_without_writes) ... ok
test_generated_contained_instance_projects_ready (test_mo2_bootstrap_config.Mo2BootstrapConfigTests.test_generated_contained_instance_projects_ready) ... ok
test_modorganizer_ini_is_minimal_deterministic_and_strictly_readable (test_mo2_bootstrap_config.Mo2BootstrapConfigTests.test_modorganizer_ini_is_minimal_deterministic_and_strictly_readable) ... ok
test_nonregular_ini_and_source_drift_block (test_mo2_bootstrap_config.Mo2BootstrapConfigTests.test_nonregular_ini_and_source_drift_block) ... ok
test_observed_seed_round_trips_through_strict_bootstrap_plan (test_mo2_bootstrap_config.Mo2BootstrapConfigTests.test_observed_seed_round_trips_through_strict_bootstrap_plan) ... ok
test_rendered_profiles_are_equal_exact_and_never_include_saves (test_mo2_bootstrap_config.Mo2BootstrapConfigTests.test_rendered_profiles_are_equal_exact_and_never_include_saves) ... ok
test_reusing_observation_read_set_cannot_hide_source_drift (test_mo2_bootstrap_config.Mo2BootstrapConfigTests.test_reusing_observation_read_set_cannot_hide_source_drift) ... ok
test_staged_configuration_uses_exclusive_writes_and_returns_delta (test_mo2_bootstrap_config.Mo2BootstrapConfigTests.test_staged_configuration_uses_exclusive_writes_and_returns_delta) ... ok
test_unknown_target_file_is_blocked_and_existing_executable_is_bounded (test_mo2_bootstrap_config.Mo2BootstrapConfigTests.test_unknown_target_file_is_blocked_and_existing_executable_is_bounded) ... ok
test_absent_target_is_created_without_inventing_a_prior (test_mo2_bootstrap_create.Mo2BootstrapCreateTests.test_absent_target_is_created_without_inventing_a_prior) ... ok
test_archive_change_during_extraction_preserves_exact_target (test_mo2_bootstrap_create.Mo2BootstrapCreateTests.test_archive_change_during_extraction_preserves_exact_target) ... ok
test_create_activates_exact_contained_ready_instance (test_mo2_bootstrap_create.Mo2BootstrapCreateTests.test_create_activates_exact_contained_ready_instance) ... ok
test_extraction_failure_preserves_exact_target (test_mo2_bootstrap_create.Mo2BootstrapCreateTests.test_extraction_failure_preserves_exact_target) ... ok
test_failure_activating_stage_restores_exact_target (test_mo2_bootstrap_create.Mo2BootstrapCreateTests.test_failure_activating_stage_restores_exact_target) ... ok
test_failure_preserving_prior_leaves_exact_target (test_mo2_bootstrap_create.Mo2BootstrapCreateTests.test_failure_preserving_prior_leaves_exact_target) ... ok
test_final_verification_byte_drift_requires_recovery (test_mo2_bootstrap_create.Mo2BootstrapCreateTests.test_final_verification_byte_drift_requires_recovery) ... ok
test_generated_config_collision_preserves_exact_target (test_mo2_bootstrap_create.Mo2BootstrapCreateTests.test_generated_config_collision_preserves_exact_target) ... ok
test_insufficient_staging_space_preserves_exact_target (test_mo2_bootstrap_create.Mo2BootstrapCreateTests.test_insufficient_staging_space_preserves_exact_target) ... ok
test_journal_failure_before_activation_preserves_exact_target (test_mo2_bootstrap_create.Mo2BootstrapCreateTests.test_journal_failure_before_activation_preserves_exact_target) ... ok
test_post_activation_scanner_block_leaves_recovery_evidence (test_mo2_bootstrap_create.Mo2BootstrapCreateTests.test_post_activation_scanner_block_leaves_recovery_evidence) ... ok
test_prior_appearing_during_preserve_rehash_is_not_overwritten (test_mo2_bootstrap_create.Mo2BootstrapCreateTests.test_prior_appearing_during_preserve_rehash_is_not_overwritten) ... ok
test_process_start_at_activation_boundary_preserves_exact_target (test_mo2_bootstrap_create.Mo2BootstrapCreateTests.test_process_start_at_activation_boundary_preserves_exact_target) ... ok
test_profile_source_drift_during_render_preserves_exact_target (test_mo2_bootstrap_create.Mo2BootstrapCreateTests.test_profile_source_drift_during_render_preserves_exact_target) ... ok
test_receipt_failure_leaves_activated_recovery_evidence (test_mo2_bootstrap_create.Mo2BootstrapCreateTests.test_receipt_failure_leaves_activated_recovery_evidence) ... ok
test_redirected_activation_ancestor_refuses_before_any_rename (test_mo2_bootstrap_create.Mo2BootstrapCreateTests.test_redirected_activation_ancestor_refuses_before_any_rename) ... ok
test_stage_collision_refuses_without_changing_target (test_mo2_bootstrap_create.Mo2BootstrapCreateTests.test_stage_collision_refuses_without_changing_target) ... ok
test_target_appearing_after_stage_rehash_is_not_overwritten (test_mo2_bootstrap_create.Mo2BootstrapCreateTests.test_target_appearing_after_stage_rehash_is_not_overwritten) ... ok
test_target_appearing_during_rollback_rehash_is_not_overwritten (test_mo2_bootstrap_create.Mo2BootstrapCreateTests.test_target_appearing_during_rollback_rehash_is_not_overwritten) ... ok
test_target_changed_after_plan_refuses_before_job (test_mo2_bootstrap_create.Mo2BootstrapCreateTests.test_target_changed_after_plan_refuses_before_job) ... ok
test_bootstrap_inventory_accepts_only_the_exact_receipted_overlay (test_mo2_bootstrap_inventory.Mo2BootstrapInventoryTests.test_bootstrap_inventory_accepts_only_the_exact_receipted_overlay) ... ok
test_bridge_receipt_must_bind_an_explicit_bootstrap_receipt (test_mo2_bootstrap_inventory.Mo2BootstrapInventoryTests.test_bridge_receipt_must_bind_an_explicit_bootstrap_receipt) ... ok
test_overlay_presence_and_package_identity_fail_closed (test_mo2_bootstrap_inventory.Mo2BootstrapInventoryTests.test_overlay_presence_and_package_identity_fail_closed) ... ok
test_active_job_stage_collision_requires_recovery (test_mo2_bootstrap_planning.Mo2BootstrapPlanningTests.test_active_job_stage_collision_requires_recovery) ... ERROR
test_archive_listing_drift_refuses_without_plan (test_mo2_bootstrap_planning.Mo2BootstrapPlanningTests.test_archive_listing_drift_refuses_without_plan) ... ok
test_blocked_selected_baseline_retains_blocked_plan (test_mo2_bootstrap_planning.Mo2BootstrapPlanningTests.test_blocked_selected_baseline_retains_blocked_plan) ... ok
test_conflicting_configured_steam_root_refuses_without_plan (test_mo2_bootstrap_planning.Mo2BootstrapPlanningTests.test_conflicting_configured_steam_root_refuses_without_plan) ... ok
test_drifted_selected_baseline_retains_blocked_plan (test_mo2_bootstrap_planning.Mo2BootstrapPlanningTests.test_drifted_selected_baseline_retains_blocked_plan) ... ok
test_empty_target_plans_create_and_writes_only_plan (test_mo2_bootstrap_planning.Mo2BootstrapPlanningTests.test_empty_target_plans_create_and_writes_only_plan) ... ok
test_existing_projection_and_wrong_executable_each_block (test_mo2_bootstrap_planning.Mo2BootstrapPlanningTests.test_existing_projection_and_wrong_executable_each_block) ... ok
test_extractor_change_during_stability_reread_refuses_without_plan (test_mo2_bootstrap_planning.Mo2BootstrapPlanningTests.test_extractor_change_during_stability_reread_refuses_without_plan) ... ok
test_extractor_launch_oserror_is_a_stable_refusal (test_mo2_bootstrap_planning.Mo2BootstrapPlanningTests.test_extractor_launch_oserror_is_a_stable_refusal) ... ok
test_failed_extractor_identity_refuses_without_plan (test_mo2_bootstrap_planning.Mo2BootstrapPlanningTests.test_failed_extractor_identity_refuses_without_plan) ... ok
test_generated_nxmhandler_settings_are_a_known_adoption_extra (test_mo2_bootstrap_planning.Mo2BootstrapPlanningTests.test_generated_nxmhandler_settings_are_a_known_adoption_extra) ... ok
test_immutable_package_drift_prevents_already_managed (test_mo2_bootstrap_planning.Mo2BootstrapPlanningTests.test_immutable_package_drift_prevents_already_managed) ... ok
test_invalid_journal_and_orphan_stage_each_retain_blocked_plan (test_mo2_bootstrap_planning.Mo2BootstrapPlanningTests.test_invalid_journal_and_orphan_stage_each_retain_blocked_plan) ... ok
test_invalid_skyrim_ccc_refuses_without_plan (test_mo2_bootstrap_planning.Mo2BootstrapPlanningTests.test_invalid_skyrim_ccc_refuses_without_plan) ... ok
test_low_disk_space_retains_a_coherent_blocked_plan (test_mo2_bootstrap_planning.Mo2BootstrapPlanningTests.test_low_disk_space_retains_a_coherent_blocked_plan) ... ok
test_malformed_receipt_retains_blocked_plan (test_mo2_bootstrap_planning.Mo2BootstrapPlanningTests.test_malformed_receipt_retains_blocked_plan) ... ok
test_manager_change_during_stability_reread_refuses_without_plan (test_mo2_bootstrap_planning.Mo2BootstrapPlanningTests.test_manager_change_during_stability_reread_refuses_without_plan) ... ok
test_missing_archive_payload_refuses_without_plan (test_mo2_bootstrap_planning.Mo2BootstrapPlanningTests.test_missing_archive_payload_refuses_without_plan) ... ok
test_missing_explicit_steam_root_refuses_without_plan (test_mo2_bootstrap_planning.Mo2BootstrapPlanningTests.test_missing_explicit_steam_root_refuses_without_plan) ... ok
test_missing_extractor_refuses_without_plan (test_mo2_bootstrap_planning.Mo2BootstrapPlanningTests.test_missing_extractor_refuses_without_plan) ... ok
test_missing_primary_master_refuses_without_plan (test_mo2_bootstrap_planning.Mo2BootstrapPlanningTests.test_missing_primary_master_refuses_without_plan) ... ok
test_modified_archive_refuses_without_plan (test_mo2_bootstrap_planning.Mo2BootstrapPlanningTests.test_modified_archive_refuses_without_plan) ... ok
test_nested_archive_redirect_is_refused_before_reading_payload (test_mo2_bootstrap_planning.Mo2BootstrapPlanningTests.test_nested_archive_redirect_is_refused_before_reading_payload) ... ok
test_new_malformed_receipt_on_stability_reread_refuses_without_plan (test_mo2_bootstrap_planning.Mo2BootstrapPlanningTests.test_new_malformed_receipt_on_stability_reread_refuses_without_plan) ... ok
test_new_unknown_manager_extra_blocks_before_apply (test_mo2_bootstrap_planning.Mo2BootstrapPlanningTests.test_new_unknown_manager_extra_blocks_before_apply) ... ok
test_ready_existing_target_plans_adopt_even_when_process_close_is_required (test_mo2_bootstrap_planning.Mo2BootstrapPlanningTests.test_ready_existing_target_plans_adopt_even_when_process_close_is_required) ... ok
test_receipt_change_during_stability_reread_refuses_without_plan (test_mo2_bootstrap_planning.Mo2BootstrapPlanningTests.test_receipt_change_during_stability_reread_refuses_without_plan) ... ok
test_redirected_ini_refuses_without_plan (test_mo2_bootstrap_planning.Mo2BootstrapPlanningTests.test_redirected_ini_refuses_without_plan) ... skipped "symbolic links unavailable: [WinError 1314] A required privilege is not held by the client: 'C:\\\\Users\\\\red\\\\Desktop\\\\Modlab\\\\.worktrees\\\\mo2-guard-bridge-handshake\\\\nt\\\\tmp90h3z7bm\\\\outside.ini' -> 'C:\\\\Users\\\\red\\\\Desktop\\\\Modlab\\\\.worktrees\\\\mo2-guard-bridge-handshake\\\\nt\\\\tmp90h3z7bm\\\\Documents\\\\My Games\\\\Skyrim Special Edition\\\\SkyrimCustom.ini'"
test_redirected_workspace_refuses_without_plan (test_mo2_bootstrap_planning.Mo2BootstrapPlanningTests.test_redirected_workspace_refuses_without_plan) ... skipped "symbolic links unavailable: [WinError 1314] A required privilege is not held by the client: 'C:\\\\Users\\\\red\\\\Desktop\\\\Modlab\\\\.worktrees\\\\mo2-guard-bridge-handshake\\\\nt\\\\tmpu1rp37pg\\\\ModLab\\\\workspace' -> 'C:\\\\Users\\\\red\\\\Desktop\\\\Modlab\\\\.worktrees\\\\mo2-guard-bridge-handshake\\\\nt\\\\tmpu1rp37pg\\\\workspace-link'"
test_release_and_artifact_descriptor_mismatch_refuses_without_plan (test_mo2_bootstrap_planning.Mo2BootstrapPlanningTests.test_release_and_artifact_descriptor_mismatch_refuses_without_plan) ... ok
test_same_inputs_return_same_plan_id_and_bytes (test_mo2_bootstrap_planning.Mo2BootstrapPlanningTests.test_same_inputs_return_same_plan_id_and_bytes) ... ok
test_seed_change_during_stability_reread_refuses_without_plan (test_mo2_bootstrap_planning.Mo2BootstrapPlanningTests.test_seed_change_during_stability_reread_refuses_without_plan) ... ok
test_target_change_during_stability_reread_refuses_without_plan (test_mo2_bootstrap_planning.Mo2BootstrapPlanningTests.test_target_change_during_stability_reread_refuses_without_plan) ... ok
test_unknown_nonempty_target_retains_blocked_plan (test_mo2_bootstrap_planning.Mo2BootstrapPlanningTests.test_unknown_nonempty_target_retains_blocked_plan) ... ok
test_unknown_process_observation_retains_blocked_plan (test_mo2_bootstrap_planning.Mo2BootstrapPlanningTests.test_unknown_process_observation_retains_blocked_plan) ... 
