test_apply_path_refusal_creates_no_job_stage_or_marker (tests.test_mo2_path_budget.PathBudgetEntryPointTests.test_apply_path_refusal_creates_no_job_stage_or_marker) ... ok
test_archive_deep_destination_refuses_without_creating_stage (tests.test_mo2_path_budget.PathBudgetEntryPointTests.test_archive_deep_destination_refuses_without_creating_stage) ... ok
test_containment_prepare_one_over_refuses_before_root_or_record_creation (tests.test_mo2_path_budget.PathBudgetEntryPointTests.test_containment_prepare_one_over_refuses_before_root_or_record_creation) ... ok
test_new_bootstrap_plan_explicitly_selects_new_layout (tests.test_mo2_path_budget.PathBudgetEntryPointTests.test_new_bootstrap_plan_explicitly_selects_new_layout) ... ok
test_refused_prepare_preserves_absent_validation_and_workspace_branches (tests.test_mo2_path_budget.PathBudgetEntryPointTests.test_refused_prepare_preserves_absent_validation_and_workspace_branches) ... ok
test_schema_two_budget_error_is_mapped_before_job_or_stage_creation (tests.test_mo2_path_budget.PathBudgetEntryPointTests.test_schema_two_budget_error_is_mapped_before_job_or_stage_creation) ... ok
test_aliases_unknown_consumers_unbounded_patterns_are_unsupported (tests.test_mo2_path_budget.PathBudgetPolicyTests.test_aliases_unknown_consumers_unbounded_patterns_are_unsupported) ... ok
test_archive_budget_rejects_forged_entry_spelling_kind_and_digest (tests.test_mo2_path_budget.PathBudgetPolicyTests.test_archive_budget_rejects_forged_entry_spelling_kind_and_digest) ... ok
test_bootstrap_budget_uses_exact_mutator_temp_names (tests.test_mo2_path_budget.PathBudgetPolicyTests.test_bootstrap_budget_uses_exact_mutator_temp_names) ... ok
test_budget_roundtrip_cannot_acquire_runtime_scope_or_reinterpret_legacy (tests.test_mo2_path_budget.PathBudgetPolicyTests.test_budget_roundtrip_cannot_acquire_runtime_scope_or_reinterpret_legacy) ... ok
test_containment_budget_names_exact_records_replacements_and_quarantine (tests.test_mo2_path_budget.PathBudgetPolicyTests.test_containment_budget_names_exact_records_replacements_and_quarantine) ... ok
test_created_root_guard_threads_bound_projection_into_observation (tests.test_mo2_path_budget.PathBudgetPolicyTests.test_created_root_guard_threads_bound_projection_into_observation) ... ok
test_exact_consumer_limits_and_one_unit_over (tests.test_mo2_path_budget.PathBudgetPolicyTests.test_exact_consumer_limits_and_one_unit_over) ... ok
test_fixture_admission_ignores_unconsumed_steam_root_child_churn (tests.test_mo2_path_budget.PathBudgetPolicyTests.test_fixture_admission_ignores_unconsumed_steam_root_child_churn)
An unrelated Steam client child cannot invalidate Skyrim inputs. ... ERROR
test_fixture_admission_includes_every_external_input_and_source_adoption_path (tests.test_mo2_path_budget.PathBudgetPolicyTests.test_fixture_admission_includes_every_external_input_and_source_adoption_path) ... ERROR
test_fixture_admission_rejects_archive_observation_drift_before_creation (tests.test_mo2_path_budget.PathBudgetPolicyTests.test_fixture_admission_rejects_archive_observation_drift_before_creation) ... ok
test_fixture_admission_rejects_consumed_file_timestamp_and_content_drift (tests.test_mo2_path_budget.PathBudgetPolicyTests.test_fixture_admission_rejects_consumed_file_timestamp_and_content_drift)
Files actually consumed by discovery retain strict metadata/content evidence. ... 
  test_fixture_admission_rejects_consumed_file_timestamp_and_content_drift (tests.test_mo2_path_budget.PathBudgetPolicyTests.test_fixture_admission_rejects_consumed_file_timestamp_and_content_drift) (drift='timestamp')
Files actually consumed by discovery retain strict metadata/content evidence. ... ERROR
  test_fixture_admission_rejects_consumed_file_timestamp_and_content_drift (tests.test_mo2_path_budget.PathBudgetPolicyTests.test_fixture_admission_rejects_consumed_file_timestamp_and_content_drift) (drift='content')
Files actually consumed by discovery retain strict metadata/content evidence. ... ERROR
test_fixture_admission_rejects_same_path_directory_substitution (tests.test_mo2_path_budget.PathBudgetPolicyTests.test_fixture_admission_rejects_same_path_directory_substitution)
Stable spelling cannot hide replacement of an admitted directory. ... ERROR
test_new_layout_full_identity_and_strict_legacy_plan_and_journal_roundtrips (tests.test_mo2_path_budget.PathBudgetPolicyTests.test_new_layout_full_identity_and_strict_legacy_plan_and_journal_roundtrips) ... ok
test_non_bmp_uses_two_units_and_components_are_bounded (tests.test_mo2_path_budget.PathBudgetPolicyTests.test_non_bmp_uses_two_units_and_components_are_bounded) ... ok
test_outer_admission_rejects_changed_fixture_input_snapshot (tests.test_mo2_path_budget.PathBudgetPolicyTests.test_outer_admission_rejects_changed_fixture_input_snapshot) ... ok
test_recovery_relocation_refusal_stops_before_later_tree_mutation (tests.test_mo2_path_budget.PathBudgetPolicyTests.test_recovery_relocation_refusal_stops_before_later_tree_mutation) ... ok
test_relocation_admission_binds_actual_tree_and_every_destination_member (tests.test_mo2_path_budget.PathBudgetPolicyTests.test_relocation_admission_binds_actual_tree_and_every_destination_member) ... ok
test_relocation_admission_observes_the_bound_projection_without_reenumerating (tests.test_mo2_path_budget.PathBudgetPolicyTests.test_relocation_admission_observes_the_bound_projection_without_reenumerating) ... ok
test_relocation_admission_rejects_long_collision_reparse_and_cross_volume (tests.test_mo2_path_budget.PathBudgetPolicyTests.test_relocation_admission_rejects_long_collision_reparse_and_cross_volume) ... ok
test_relocation_snapshot_revalidation_refuses_substitution (tests.test_mo2_path_budget.PathBudgetPolicyTests.test_relocation_snapshot_revalidation_refuses_substitution) ... ok
test_schema_one_plan_and_journal_have_fixed_canonical_byte_identities (tests.test_mo2_path_budget.PathBudgetPolicyTests.test_schema_one_plan_and_journal_have_fixed_canonical_byte_identities) ... ok
test_shared_publication_candidate_bounds_pid_thread_and_token (tests.test_mo2_path_budget.PathBudgetPolicyTests.test_shared_publication_candidate_bounds_pid_thread_and_token) ... ok
test_adjudicate_run_is_not_poisoned_by_later_same_command_failure (tests.test_mo2_containment_service.ContainmentServiceTests.test_adjudicate_run_is_not_poisoned_by_later_same_command_failure) ... ok
test_adjudicate_run_preserves_failed_precedence_over_damaged_evidence (tests.test_mo2_containment_service.ContainmentServiceTests.test_adjudicate_run_preserves_failed_precedence_over_damaged_evidence) ... ok
test_adjudicate_run_preserves_historical_failed_over_predecessor_damage (tests.test_mo2_containment_service.ContainmentServiceTests.test_adjudicate_run_preserves_historical_failed_over_predecessor_damage) ... ok
test_adjudicate_run_requires_every_listed_predecessor_evidence (tests.test_mo2_containment_service.ContainmentServiceTests.test_adjudicate_run_requires_every_listed_predecessor_evidence) ... ok
test_adjudicate_run_requires_intact_current_intent_request_binding (tests.test_mo2_containment_service.ContainmentServiceTests.test_adjudicate_run_requires_intact_current_intent_request_binding) ... ok
test_adjudicate_run_retains_same_command_failed_history_only (tests.test_mo2_containment_service.ContainmentServiceTests.test_adjudicate_run_retains_same_command_failed_history_only) ... ok
test_adjudicate_run_supersedes_only_exact_consumed_prestart_retry (tests.test_mo2_containment_service.ContainmentServiceTests.test_adjudicate_run_supersedes_only_exact_consumed_prestart_retry) ... ok
test_adjudicate_run_turns_damaged_current_evidence_into_incomplete (tests.test_mo2_containment_service.ContainmentServiceTests.test_adjudicate_run_turns_damaged_current_evidence_into_incomplete) ... ok
test_adopted_folder_is_quarantined_even_if_output_inspection_fails (tests.test_mo2_containment_service.ContainmentServiceTests.test_adopted_folder_is_quarantined_even_if_output_inspection_fails) ... ok
test_adoption_accepts_exact_payload_plus_mo2_generated_metadata (tests.test_mo2_containment_service.ContainmentServiceTests.test_adoption_accepts_exact_payload_plus_mo2_generated_metadata) ... ok
test_adoption_failures_and_exact_outputs_fail_closed (tests.test_mo2_containment_service.ContainmentServiceTests.test_adoption_failures_and_exact_outputs_fail_closed) ... ok
test_arm_fails_closed_when_successful_watch_effects_cannot_be_observed (tests.test_mo2_containment_service.ContainmentServiceTests.test_arm_fails_closed_when_successful_watch_effects_cannot_be_observed) ... ok
test_arm_failure_after_watcher_launch_preserves_exact_partial_effects (tests.test_mo2_containment_service.ContainmentServiceTests.test_arm_failure_after_watcher_launch_preserves_exact_partial_effects) ... ok
test_arm_nests_watch_failure_when_post_effects_cannot_be_observed (tests.test_mo2_containment_service.ContainmentServiceTests.test_arm_nests_watch_failure_when_post_effects_cannot_be_observed) ... ok
test_arm_pre_mutation_watch_refusal_does_not_claim_watch_root (tests.test_mo2_containment_service.ContainmentServiceTests.test_arm_pre_mutation_watch_refusal_does_not_claim_watch_root) ... ok
test_arm_scenario_public_workflow_persists_before_watcher_ready (tests.test_mo2_containment_service.ContainmentServiceTests.test_arm_scenario_public_workflow_persists_before_watcher_ready) ... ok
test_capture_failure_after_terminal_transition_preserves_all_effects (tests.test_mo2_containment_service.ContainmentServiceTests.test_capture_failure_after_terminal_transition_preserves_all_effects) ... ok
test_completed_typed_policy_failures_are_failed_without_root_breach (tests.test_mo2_containment_service.ContainmentServiceTests.test_completed_typed_policy_failures_are_failed_without_root_breach) ... ok
test_decision_bindings_use_tree_of_the_observed_commit (tests.test_mo2_containment_service.ContainmentServiceTests.test_decision_bindings_use_tree_of_the_observed_commit) ... ok
test_decision_binds_complete_corrected_authority (tests.test_mo2_containment_service.ContainmentServiceTests.test_decision_binds_complete_corrected_authority) ... ok
test_early_adjudication_refuses_without_freezing_decision (tests.test_mo2_containment_service.ContainmentServiceTests.test_early_adjudication_refuses_without_freezing_decision)
Missing terminal evidence must not become an immutable authority record. ... ok
test_expected_new_folder_does_not_invalidate_retained_projection (tests.test_mo2_containment_service.ContainmentServiceTests.test_expected_new_folder_does_not_invalidate_retained_projection) ... ok
test_failed_result_cannot_be_hidden_by_later_passed_result (tests.test_mo2_containment_service.ContainmentServiceTests.test_failed_result_cannot_be_hidden_by_later_passed_result) ... ok
test_historical_result_load_returns_all_changes_without_write_effects (tests.test_mo2_containment_service.ContainmentServiceTests.test_historical_result_load_returns_all_changes_without_write_effects) ... ok
test_launch_and_capture_reload_exact_durable_launch_after_restart (tests.test_mo2_containment_service.ContainmentServiceTests.test_launch_and_capture_reload_exact_durable_launch_after_restart) ... ok
test_launch_failure_after_evidence_write_preserves_mo2_and_paths (tests.test_mo2_containment_service.ContainmentServiceTests.test_launch_failure_after_evidence_write_preserves_mo2_and_paths) ... ok
test_legacy_nonterminal_classifier_run_does_not_block_current_policy (tests.test_mo2_containment_service.ContainmentServiceTests.test_legacy_nonterminal_classifier_run_does_not_block_current_policy) ... ok
test_merge_and_replace_pass_only_with_zero_source_events_and_hash_match (tests.test_mo2_containment_service.ContainmentServiceTests.test_merge_and_replace_pass_only_with_zero_source_events_and_hash_match) ... ok
test_mismatched_result_outcome_refuses_without_writing_decision (tests.test_mo2_containment_service.ContainmentServiceTests.test_mismatched_result_outcome_refuses_without_writing_decision) ... ok
test_missing_adoption_output_after_interrupted_ui_is_incomplete (tests.test_mo2_containment_service.ContainmentServiceTests.test_missing_adoption_output_after_interrupted_ui_is_incomplete) ... ok
test_multiple_positive_retained_projections_are_not_a_count_violation (tests.test_mo2_containment_service.ContainmentServiceTests.test_multiple_positive_retained_projections_are_not_a_count_violation) ... ok
test_nonterminal_journal_refuses_complete_decision_without_writing (tests.test_mo2_containment_service.ContainmentServiceTests.test_nonterminal_journal_refuses_complete_decision_without_writing) ... ok
test_pre_v4_nonterminal_runs_do_not_block_current_classification_policy (tests.test_mo2_containment_service.ContainmentServiceTests.test_pre_v4_nonterminal_runs_do_not_block_current_classification_policy) ... ok
test_prepare_partial_fixture_failure_reports_only_entered_root (tests.test_mo2_containment_service.ContainmentServiceTests.test_prepare_partial_fixture_failure_reports_only_entered_root) ... ok
test_prepare_pre_mutation_refusal_does_not_claim_fixture_root (tests.test_mo2_containment_service.ContainmentServiceTests.test_prepare_pre_mutation_refusal_does_not_claim_fixture_root) ... ok
test_prepare_run_binds_the_single_consumed_retry_to_its_new_request (tests.test_mo2_containment_service.ContainmentServiceTests.test_prepare_run_binds_the_single_consumed_retry_to_its_new_request) ... ok
test_prepare_run_cannot_bypass_available_retry_by_omitting_ticket (tests.test_mo2_containment_service.ContainmentServiceTests.test_prepare_run_cannot_bypass_available_retry_by_omitting_ticket) ... ok
test_prepare_run_consumes_retry_before_fixture_work_and_never_refunds_it (tests.test_mo2_containment_service.ContainmentServiceTests.test_prepare_run_consumes_retry_before_fixture_work_and_never_refunds_it) ... ok
test_prepare_run_generates_identity_before_confined_fixture_creation (tests.test_mo2_containment_service.ContainmentServiceTests.test_prepare_run_generates_identity_before_confined_fixture_creation) ... ok
test_prepare_run_propagates_uncertain_run_enumeration_before_fixtures (tests.test_mo2_containment_service.ContainmentServiceTests.test_prepare_run_propagates_uncertain_run_enumeration_before_fixtures) ... ok
test_previous_fixture_policy_remains_readable_without_blocking_current_cohort (tests.test_mo2_containment_service.ContainmentServiceTests.test_previous_fixture_policy_remains_readable_without_blocking_current_cohort) ... ok
test_previous_operator_protocol_refuses_arm_before_any_scenario_write (tests.test_mo2_containment_service.ContainmentServiceTests.test_previous_operator_protocol_refuses_arm_before_any_scenario_write) ... ok
test_previous_operator_protocol_refuses_capture_before_runtime_inspection (tests.test_mo2_containment_service.ContainmentServiceTests.test_previous_operator_protocol_refuses_capture_before_runtime_inspection) ... ok
test_previous_operator_protocol_refuses_launch_before_advancing_journal (tests.test_mo2_containment_service.ContainmentServiceTests.test_previous_operator_protocol_refuses_launch_before_advancing_journal) ... ok
test_previous_operator_protocol_remains_readable_without_blocking_current_cohort (tests.test_mo2_containment_service.ContainmentServiceTests.test_previous_operator_protocol_remains_readable_without_blocking_current_cohort) ... ok
test_projection_producer_distinguishes_wrong_from_unobservable (tests.test_mo2_containment_service.ContainmentServiceTests.test_projection_producer_distinguishes_wrong_from_unobservable) ... ok
test_projection_relocation_reobservation_access_failure_refuses_before_quarantine (tests.test_mo2_containment_service.ContainmentServiceTests.test_projection_relocation_reobservation_access_failure_refuses_before_quarantine) ... ok
test_protected_delta_before_adoption_never_moves_staging_into_source (tests.test_mo2_containment_service.ContainmentServiceTests.test_protected_delta_before_adoption_never_moves_staging_into_source) ... ok
test_protected_delta_plus_damaged_terminal_is_failed_but_malformed_only_is_incomplete (tests.test_mo2_containment_service.ContainmentServiceTests.test_protected_delta_plus_damaged_terminal_is_failed_but_malformed_only_is_incomplete) ... ok
test_relocation_baseline_presence_is_scenario_specific (tests.test_mo2_containment_service.ContainmentServiceTests.test_relocation_baseline_presence_is_scenario_specific) ... ok
test_relocation_preflight_rejects_source_and_quarantine_name_collisions (tests.test_mo2_containment_service.ContainmentServiceTests.test_relocation_preflight_rejects_source_and_quarantine_name_collisions) ... ok
test_replace_quarantines_disposable_replacement_and_restores_projection (tests.test_mo2_containment_service.ContainmentServiceTests.test_replace_quarantines_disposable_replacement_and_restores_projection) ... ok
test_replaced_baseline_projection_is_classified_for_quarantine (tests.test_mo2_containment_service.ContainmentServiceTests.test_replaced_baseline_projection_is_classified_for_quarantine) ... ok
test_same_command_prepare_calls_are_serialized_before_snapshot (tests.test_mo2_containment_service.ContainmentServiceTests.test_same_command_prepare_calls_are_serialized_before_snapshot) ... ok
test_supported_requires_all_four_exact_passes (tests.test_mo2_containment_service.ContainmentServiceTests.test_supported_requires_all_four_exact_passes) ... ok
test_terminal_incomplete_run_still_requires_its_available_retry_ticket (tests.test_mo2_containment_service.ContainmentServiceTests.test_terminal_incomplete_run_still_requires_its_available_retry_ticket) ... ok
test_terminal_run_permits_explicit_manual_same_command_run (tests.test_mo2_containment_service.ContainmentServiceTests.test_terminal_run_permits_explicit_manual_same_command_run) ... ok
test_valid_forbidden_event_then_controller_death_is_failed_without_retry (tests.test_mo2_containment_service.ContainmentServiceTests.test_valid_forbidden_event_then_controller_death_is_failed_without_retry) ... ok
test_retained_preflight_verifies_before_missing_root_creation (tests.test_mo2_containment_service.Task4ExactEffectsFixTests.test_retained_preflight_verifies_before_missing_root_creation) ... ok
test_retained_preflight_binds_created_owner_then_reverifies_before_operation (tests.test_mo2_containment_service.Task4ExactEffectsFixTests.test_retained_preflight_binds_created_owner_then_reverifies_before_operation) ... ok
test_persisted_projection_parent_pins_are_borrowed_as_mutation_guards (tests.test_mo2_containment_service.Task4ExactEffectsFixTests.test_persisted_projection_parent_pins_are_borrowed_as_mutation_guards) ... ok
test_retained_relocation_members_compare_in_canonical_evidence_order (tests.test_mo2_containment_service.Task4ExactEffectsFixTests.test_retained_relocation_members_compare_in_canonical_evidence_order) ... ok

======================================================================
ERROR: test_fixture_admission_ignores_unconsumed_steam_root_child_churn (tests.test_mo2_path_budget.PathBudgetPolicyTests.test_fixture_admission_ignores_unconsumed_steam_root_child_churn)
An unrelated Steam client child cannot invalidate Skyrim inputs.
----------------------------------------------------------------------
Traceback (most recent call last):
  File "C:\Users\red\Desktop\Modlab\.worktrees\mo2-guard-bridge-handshake\tests\test_mo2_path_budget.py", line 803, in test_fixture_admission_ignores_unconsumed_steam_root_child_churn
    first = admission()
            ^^^^^^^^^^^
  File "C:\Users\red\Desktop\Modlab\.worktrees\mo2-guard-bridge-handshake\tests\test_mo2_path_budget.py", line 792, in admission
    return fixtures.preflight_containment_fixture(
           ^^^^^^^^^^^^^^^^^^^^^^^^^^^^^^^^^^^^^^^
  File "C:\Users\red\Desktop\Modlab\.worktrees\mo2-guard-bridge-handshake\modlab\validation\mo2_containment_fixtures.py", line 431, in preflight_containment_fixture
    return _admit_fixture(
           ^^^^^^^^^^^^^^^
  File "C:\Users\red\Desktop\Modlab\.worktrees\mo2-guard-bridge-handshake\modlab\validation\mo2_containment_fixtures.py", line 637, in _admit_fixture
    budget = admit_paths(rows)
             ^^^^^^^^^^^^^^^^^
  File "C:\Users\red\Desktop\Modlab\.worktrees\mo2-guard-bridge-handshake\modlab\adapters\mo2\path_budget.py", line 90, in admit_paths
    raise PathBudgetError(f"path budget: stage={item.stage}; consumer={item.consumer}; "
modlab.adapters.mo2.path_budget.PathBudgetError: path budget: stage=archive-extraction; consumer=tar-cwd; path=C:\Users\red\Desktop\Modlab\.worktrees\mo2-guard-bridge-handshake\nt\task7a-review2-nonnative-temp\tmpedseglmp\ModLab\workspace\runtime\validation\mo2-containment\cccccccccccccccccccccccccccccccc\fixtures\v2\NewFolder\s\tools\mo2\.saaaaaaaaaaaaaaaaaaaaaaaaaa\app; units=262; limit=247; limiting component='cccccccccccccccccccccccccccccccc' (32 units)

======================================================================
ERROR: test_fixture_admission_includes_every_external_input_and_source_adoption_path (tests.test_mo2_path_budget.PathBudgetPolicyTests.test_fixture_admission_includes_every_external_input_and_source_adoption_path)
----------------------------------------------------------------------
Traceback (most recent call last):
  File "C:\Users\red\Desktop\Modlab\.worktrees\mo2-guard-bridge-handshake\tests\test_mo2_path_budget.py", line 735, in test_fixture_admission_includes_every_external_input_and_source_adoption_path
    admission = fixtures.preflight_containment_fixture(
                ^^^^^^^^^^^^^^^^^^^^^^^^^^^^^^^^^^^^^^^
  File "C:\Users\red\Desktop\Modlab\.worktrees\mo2-guard-bridge-handshake\modlab\validation\mo2_containment_fixtures.py", line 431, in preflight_containment_fixture
    return _admit_fixture(
           ^^^^^^^^^^^^^^^
  File "C:\Users\red\Desktop\Modlab\.worktrees\mo2-guard-bridge-handshake\modlab\validation\mo2_containment_fixtures.py", line 637, in _admit_fixture
    budget = admit_paths(rows)
             ^^^^^^^^^^^^^^^^^
  File "C:\Users\red\Desktop\Modlab\.worktrees\mo2-guard-bridge-handshake\modlab\adapters\mo2\path_budget.py", line 90, in admit_paths
    raise PathBudgetError(f"path budget: stage={item.stage}; consumer={item.consumer}; "
modlab.adapters.mo2.path_budget.PathBudgetError: path budget: stage=archive-extraction; consumer=tar-cwd; path=C:\Users\red\Desktop\Modlab\.worktrees\mo2-guard-bridge-handshake\nt\task7a-review2-nonnative-temp\tmpmmjqxp36\ModLab\workspace\runtime\validation\mo2-containment\aaaaaaaaaaaaaaaaaaaaaaaaaaaaaaaa\fixtures\v2\NewFolder\s\tools\mo2\.saaaaaaaaaaaaaaaaaaaaaaaaaa\app; units=262; limit=247; limiting component='aaaaaaaaaaaaaaaaaaaaaaaaaaaaaaaa' (32 units)

======================================================================
ERROR: test_fixture_admission_rejects_consumed_file_timestamp_and_content_drift (tests.test_mo2_path_budget.PathBudgetPolicyTests.test_fixture_admission_rejects_consumed_file_timestamp_and_content_drift) (drift='timestamp')
Files actually consumed by discovery retain strict metadata/content evidence.
----------------------------------------------------------------------
Traceback (most recent call last):
  File "C:\Users\red\Desktop\Modlab\.worktrees\mo2-guard-bridge-handshake\tests\test_mo2_path_budget.py", line 899, in test_fixture_admission_rejects_consumed_file_timestamp_and_content_drift
    admitted = fixtures.preflight_containment_fixture(
               ^^^^^^^^^^^^^^^^^^^^^^^^^^^^^^^^^^^^^^^
  File "C:\Users\red\Desktop\Modlab\.worktrees\mo2-guard-bridge-handshake\modlab\validation\mo2_containment_fixtures.py", line 431, in preflight_containment_fixture
    return _admit_fixture(
           ^^^^^^^^^^^^^^^
  File "C:\Users\red\Desktop\Modlab\.worktrees\mo2-guard-bridge-handshake\modlab\validation\mo2_containment_fixtures.py", line 637, in _admit_fixture
    budget = admit_paths(rows)
             ^^^^^^^^^^^^^^^^^
  File "C:\Users\red\Desktop\Modlab\.worktrees\mo2-guard-bridge-handshake\modlab\adapters\mo2\path_budget.py", line 90, in admit_paths
    raise PathBudgetError(f"path budget: stage={item.stage}; consumer={item.consumer}; "
modlab.adapters.mo2.path_budget.PathBudgetError: path budget: stage=archive-extraction; consumer=tar-cwd; path=C:\Users\red\Desktop\Modlab\.worktrees\mo2-guard-bridge-handshake\nt\task7a-review2-nonnative-temp\tmpl_cqls07\ModLab\workspace\runtime\validation\mo2-containment\eeeeeeeeeeeeeeeeeeeeeeeeeeeeeeee\fixtures\v2\NewFolder\s\tools\mo2\.saaaaaaaaaaaaaaaaaaaaaaaaaa\app; units=262; limit=247; limiting component='eeeeeeeeeeeeeeeeeeeeeeeeeeeeeeee' (32 units)

======================================================================
ERROR: test_fixture_admission_rejects_consumed_file_timestamp_and_content_drift (tests.test_mo2_path_budget.PathBudgetPolicyTests.test_fixture_admission_rejects_consumed_file_timestamp_and_content_drift) (drift='content')
Files actually consumed by discovery retain strict metadata/content evidence.
----------------------------------------------------------------------
Traceback (most recent call last):
  File "C:\Users\red\Desktop\Modlab\.worktrees\mo2-guard-bridge-handshake\tests\test_mo2_path_budget.py", line 899, in test_fixture_admission_rejects_consumed_file_timestamp_and_content_drift
    admitted = fixtures.preflight_containment_fixture(
               ^^^^^^^^^^^^^^^^^^^^^^^^^^^^^^^^^^^^^^^
  File "C:\Users\red\Desktop\Modlab\.worktrees\mo2-guard-bridge-handshake\modlab\validation\mo2_containment_fixtures.py", line 431, in preflight_containment_fixture
    return _admit_fixture(
           ^^^^^^^^^^^^^^^
  File "C:\Users\red\Desktop\Modlab\.worktrees\mo2-guard-bridge-handshake\modlab\validation\mo2_containment_fixtures.py", line 637, in _admit_fixture
    budget = admit_paths(rows)
             ^^^^^^^^^^^^^^^^^
  File "C:\Users\red\Desktop\Modlab\.worktrees\mo2-guard-bridge-handshake\modlab\adapters\mo2\path_budget.py", line 90, in admit_paths
    raise PathBudgetError(f"path budget: stage={item.stage}; consumer={item.consumer}; "
modlab.adapters.mo2.path_budget.PathBudgetError: path budget: stage=archive-extraction; consumer=tar-cwd; path=C:\Users\red\Desktop\Modlab\.worktrees\mo2-guard-bridge-handshake\nt\task7a-review2-nonnative-temp\tmpd15l284x\ModLab\workspace\runtime\validation\mo2-containment\eeeeeeeeeeeeeeeeeeeeeeeeeeeeeeee\fixtures\v2\NewFolder\s\tools\mo2\.saaaaaaaaaaaaaaaaaaaaaaaaaa\app; units=262; limit=247; limiting component='eeeeeeeeeeeeeeeeeeeeeeeeeeeeeeee' (32 units)

======================================================================
ERROR: test_fixture_admission_rejects_same_path_directory_substitution (tests.test_mo2_path_budget.PathBudgetPolicyTests.test_fixture_admission_rejects_same_path_directory_substitution)
Stable spelling cannot hide replacement of an admitted directory.
----------------------------------------------------------------------
Traceback (most recent call last):
  File "C:\Users\red\Desktop\Modlab\.worktrees\mo2-guard-bridge-handshake\tests\test_mo2_path_budget.py", line 842, in test_fixture_admission_rejects_same_path_directory_substitution
    admitted = fixtures.preflight_containment_fixture(
               ^^^^^^^^^^^^^^^^^^^^^^^^^^^^^^^^^^^^^^^
  File "C:\Users\red\Desktop\Modlab\.worktrees\mo2-guard-bridge-handshake\modlab\validation\mo2_containment_fixtures.py", line 431, in preflight_containment_fixture
    return _admit_fixture(
           ^^^^^^^^^^^^^^^
  File "C:\Users\red\Desktop\Modlab\.worktrees\mo2-guard-bridge-handshake\modlab\validation\mo2_containment_fixtures.py", line 637, in _admit_fixture
    budget = admit_paths(rows)
             ^^^^^^^^^^^^^^^^^
  File "C:\Users\red\Desktop\Modlab\.worktrees\mo2-guard-bridge-handshake\modlab\adapters\mo2\path_budget.py", line 90, in admit_paths
    raise PathBudgetError(f"path budget: stage={item.stage}; consumer={item.consumer}; "
modlab.adapters.mo2.path_budget.PathBudgetError: path budget: stage=archive-extraction; consumer=tar-cwd; path=C:\Users\red\Desktop\Modlab\.worktrees\mo2-guard-bridge-handshake\nt\task7a-review2-nonnative-temp\tmpqjgd3wx3\ModLab\workspace\runtime\validation\mo2-containment\dddddddddddddddddddddddddddddddd\fixtures\v2\NewFolder\s\tools\mo2\.saaaaaaaaaaaaaaaaaaaaaaaaaa\app; units=262; limit=247; limiting component='dddddddddddddddddddddddddddddddd' (32 units)

----------------------------------------------------------------------
Ran 90 tests in 7.204s

FAILED (errors=5)
Exit 1
