test_existing_comparison_records_only_explicitly_allowed_extras (tests.test_mo2_archive.Mo2ArchiveTests.test_existing_comparison_records_only_explicitly_allowed_extras) ... ok
test_existing_comparison_requires_every_package_file (tests.test_mo2_archive.Mo2ArchiveTests.test_existing_comparison_requires_every_package_file) ... ok
test_extract_checks_space_then_uses_exact_confined_arguments (tests.test_mo2_archive.Mo2ArchiveTests.test_extract_checks_space_then_uses_exact_confined_arguments) ... ok
test_inventory_tree_hashes_exact_sorted_rows (tests.test_mo2_archive.Mo2ArchiveTests.test_inventory_tree_hashes_exact_sorted_rows) ... ok
test_low_space_refuses_before_stage_or_extractor (tests.test_mo2_archive.Mo2ArchiveTests.test_low_space_refuses_before_stage_or_extractor) ... ok
test_preflight_rejects_traversal_case_collision_and_links (tests.test_mo2_archive.Mo2ArchiveTests.test_preflight_rejects_traversal_case_collision_and_links) ... ok
test_preflight_uses_argument_arrays_and_accepts_exact_listing (tests.test_mo2_archive.Mo2ArchiveTests.test_preflight_uses_argument_arrays_and_accepts_exact_listing) ... ok
test_adopt_links_package_without_changing_existing_manager (tests.test_mo2_bootstrap_adopt.Mo2BootstrapAdoptTests.test_adopt_links_package_without_changing_existing_manager) ... ok
test_allowed_extra_casing_is_preserved_when_adopted (tests.test_mo2_bootstrap_adopt.Mo2BootstrapAdoptTests.test_allowed_extra_casing_is_preserved_when_adopted) ... ok
test_allowed_python_bytecode_is_recorded_and_adopted (tests.test_mo2_bootstrap_adopt.Mo2BootstrapAdoptTests.test_allowed_python_bytecode_is_recorded_and_adopted) ... ok
test_allowed_root_log_is_recorded_and_adopted (tests.test_mo2_bootstrap_adopt.Mo2BootstrapAdoptTests.test_allowed_root_log_is_recorded_and_adopted) ... ok
test_archive_change_after_plan_refuses_before_job (tests.test_mo2_bootstrap_adopt.Mo2BootstrapAdoptTests.test_archive_change_after_plan_refuses_before_job) ... ok
test_cleanup_failure_leaves_verified_receipt_and_manager_unchanged (tests.test_mo2_bootstrap_adopt.Mo2BootstrapAdoptTests.test_cleanup_failure_leaves_verified_receipt_and_manager_unchanged) ... ok
test_cleanup_refuses_a_file_swapped_after_snapshot (tests.test_mo2_bootstrap_adopt.Mo2BootstrapAdoptTests.test_cleanup_refuses_a_file_swapped_after_snapshot) ... ok
test_cleanup_refuses_an_entry_ancestor_that_becomes_redirected (tests.test_mo2_bootstrap_adopt.Mo2BootstrapAdoptTests.test_cleanup_refuses_an_entry_ancestor_that_becomes_redirected) ... ok
test_extractor_failure_preserves_manager_and_requires_recovery (tests.test_mo2_bootstrap_adopt.Mo2BootstrapAdoptTests.test_extractor_failure_preserves_manager_and_requires_recovery) ... ok
test_generated_nxmhandler_settings_are_recorded_and_adopted (tests.test_mo2_bootstrap_adopt.Mo2BootstrapAdoptTests.test_generated_nxmhandler_settings_are_recorded_and_adopted) ... ok
test_journal_failure_preserves_manager_and_requires_recovery (tests.test_mo2_bootstrap_adopt.Mo2BootstrapAdoptTests.test_journal_failure_preserves_manager_and_requires_recovery) ... ok
test_late_executable_version_mismatch_blocks_receipt (tests.test_mo2_bootstrap_adopt.Mo2BootstrapAdoptTests.test_late_executable_version_mismatch_blocks_receipt) ... ok
test_manager_mutation_observation_requires_recovery_without_writing_manager (tests.test_mo2_bootstrap_adopt.Mo2BootstrapAdoptTests.test_manager_mutation_observation_requires_recovery_without_writing_manager) ... ok
test_missing_package_file_blocks_before_apply (tests.test_mo2_bootstrap_adopt.Mo2BootstrapAdoptTests.test_missing_package_file_blocks_before_apply) ... ok
test_modified_package_file_is_refused_without_manager_writes (tests.test_mo2_bootstrap_adopt.Mo2BootstrapAdoptTests.test_modified_package_file_is_refused_without_manager_writes) ... ok
test_planned_running_process_may_be_closed_before_apply (tests.test_mo2_bootstrap_adopt.Mo2BootstrapAdoptTests.test_planned_running_process_may_be_closed_before_apply) ... ok
test_preexisting_valid_receipt_is_a_write_free_noop (tests.test_mo2_bootstrap_adopt.Mo2BootstrapAdoptTests.test_preexisting_valid_receipt_is_a_write_free_noop) ... ok
test_receipt_write_failure_preserves_manager_and_requires_recovery (tests.test_mo2_bootstrap_adopt.Mo2BootstrapAdoptTests.test_receipt_write_failure_preserves_manager_and_requires_recovery) ... ok
test_redirected_package_file_refuses_before_job (tests.test_mo2_bootstrap_adopt.Mo2BootstrapAdoptTests.test_redirected_package_file_refuses_before_job) ... skipped "symbolic links unavailable: [WinError 1314] A required privilege is not held by the client: 'C:\\\\Users\\\\red\\\\Desktop\\\\Modlab\\\\.worktrees\\\\mo2-guard-bridge-handshake\\\\nt\\\\tmpu3fjsgoh\\\\outside.dat' -> 'C:\\\\Users\\\\red\\\\Desktop\\\\Modlab\\\\.worktrees\\\\mo2-guard-bridge-handshake\\\\nt\\\\tmpu3fjsgoh\\\\ModLab\\\\workspace\\\\tools\\\\mo2\\\\skyrim-se-ae\\\\app\\\\resources\\\\base.dat'"
test_repeated_apply_returns_existing_receipt_without_new_job_or_extract (tests.test_mo2_bootstrap_adopt.Mo2BootstrapAdoptTests.test_repeated_apply_returns_existing_receipt_without_new_job_or_extract) ... ok
test_running_target_process_refuses_before_job_or_stage (tests.test_mo2_bootstrap_adopt.Mo2BootstrapAdoptTests.test_running_target_process_refuses_before_job_or_stage) ... ok
test_target_change_after_plan_refuses_before_job (tests.test_mo2_bootstrap_adopt.Mo2BootstrapAdoptTests.test_target_change_after_plan_refuses_before_job) ... ok
test_apply_and_recover_dispatch_render_service_results (tests.test_mo2_bootstrap_cli.Mo2BootstrapCliTests.test_apply_and_recover_dispatch_render_service_results) ... ok
test_apply_rejects_steam_root_without_calling_service (tests.test_mo2_bootstrap_cli.Mo2BootstrapCliTests.test_apply_rejects_steam_root_without_calling_service) ... ok
test_artifact_and_apply_are_mutually_exclusive (tests.test_mo2_bootstrap_cli.Mo2BootstrapCliTests.test_artifact_and_apply_are_mutually_exclusive) ... usage: modlab skyrim mo2 setup [-h] (--artifact ARTIFACT | --apply PLAN_ID)
                               [--steam-root STEAM_ROOT]
                               [--workspace WORKSPACE] [--format {text,json}]
modlab skyrim mo2 setup: error: argument --apply: not allowed with argument --artifact
ok
test_blocked_preview_and_safe_refusals_use_exit_three (tests.test_mo2_bootstrap_cli.Mo2BootstrapCliTests.test_blocked_preview_and_safe_refusals_use_exit_three) ... ok
test_create_and_adopt_report_a_journal_promoted_before_reload_failure (tests.test_mo2_bootstrap_cli.Mo2BootstrapCliTests.test_create_and_adopt_report_a_journal_promoted_before_reload_failure) ... ok
test_create_and_adopt_report_a_receipt_promoted_before_reload_failure (tests.test_mo2_bootstrap_cli.Mo2BootstrapCliTests.test_create_and_adopt_report_a_receipt_promoted_before_reload_failure) ... ok
test_expected_apply_refusals_are_clean_action_free_results (tests.test_mo2_bootstrap_cli.Mo2BootstrapCliTests.test_expected_apply_refusals_are_clean_action_free_results) ... ok
test_invalid_schema_and_unsupported_release_exit_two (tests.test_mo2_bootstrap_cli.Mo2BootstrapCliTests.test_invalid_schema_and_unsupported_release_exit_two) ... ok
test_invalid_typed_identifiers_exit_two_without_service_calls (tests.test_mo2_bootstrap_cli.Mo2BootstrapCliTests.test_invalid_typed_identifiers_exit_two_without_service_calls) ... ok
test_parser_has_exact_preview_apply_and_recover_tree (tests.test_mo2_bootstrap_cli.Mo2BootstrapCliTests.test_parser_has_exact_preview_apply_and_recover_tree) ... ok
test_preview_dispatch_and_steam_fallback (tests.test_mo2_bootstrap_cli.Mo2BootstrapCliTests.test_preview_dispatch_and_steam_fallback) ... ok
test_real_changed_precondition_reports_completed_archive_actions (tests.test_mo2_bootstrap_cli.Mo2BootstrapCliTests.test_real_changed_precondition_reports_completed_archive_actions) ... ok
test_real_post_activation_refusal_reports_recovery_job_and_actions (tests.test_mo2_bootstrap_cli.Mo2BootstrapCliTests.test_real_post_activation_refusal_reports_recovery_job_and_actions) ... ok
test_real_post_quarantine_failure_reports_both_recovery_paths (tests.test_mo2_bootstrap_cli.Mo2BootstrapCliTests.test_real_post_quarantine_failure_reports_both_recovery_paths) ... ok
test_unexpected_service_exception_remains_visible (tests.test_mo2_bootstrap_cli.Mo2BootstrapCliTests.test_unexpected_service_exception_remains_visible) ... ok
test_already_managed_apply_is_an_honest_no_op (tests.test_mo2_bootstrap_cli.Mo2BootstrapRenderingTests.test_already_managed_apply_is_an_honest_no_op) ... ok
test_apply_json_exposes_exact_journal_receipt_and_actions (tests.test_mo2_bootstrap_cli.Mo2BootstrapRenderingTests.test_apply_json_exposes_exact_journal_receipt_and_actions) ... ok
test_preview_json_has_complete_evidence_and_only_plan_write (tests.test_mo2_bootstrap_cli.Mo2BootstrapRenderingTests.test_preview_json_has_complete_evidence_and_only_plan_write) ... ok
test_real_adopt_and_already_managed_results_are_manager_no_ops (tests.test_mo2_bootstrap_cli.Mo2BootstrapRenderingTests.test_real_adopt_and_already_managed_results_are_manager_no_ops) ... ok
test_real_create_result_satisfies_renderer_contract (tests.test_mo2_bootstrap_cli.Mo2BootstrapRenderingTests.test_real_create_result_satisfies_renderer_contract) ... ok
test_real_finalized_recovery_satisfies_renderer_contract (tests.test_mo2_bootstrap_cli.Mo2BootstrapRenderingTests.test_real_finalized_recovery_satisfies_renderer_contract) ... ok
test_recovery_json_and_text_report_recovered_without_invented_actions (tests.test_mo2_bootstrap_cli.Mo2BootstrapRenderingTests.test_recovery_json_and_text_report_recovered_without_invented_actions) ... ok
test_text_leads_with_outcome_and_ends_with_precise_launch_claim (tests.test_mo2_bootstrap_cli.Mo2BootstrapRenderingTests.test_text_leads_with_outcome_and_ends_with_precise_launch_claim) ... ok
test_verified_recovery_text_reports_the_receipt_mode (tests.test_mo2_bootstrap_cli.Mo2BootstrapRenderingTests.test_verified_recovery_text_reports_the_receipt_mode) ... ok
test_absent_target_is_created_without_inventing_a_prior (tests.test_mo2_bootstrap_create.Mo2BootstrapCreateTests.test_absent_target_is_created_without_inventing_a_prior) ... ok
test_archive_change_during_extraction_preserves_exact_target (tests.test_mo2_bootstrap_create.Mo2BootstrapCreateTests.test_archive_change_during_extraction_preserves_exact_target) ... ok
test_create_activates_exact_contained_ready_instance (tests.test_mo2_bootstrap_create.Mo2BootstrapCreateTests.test_create_activates_exact_contained_ready_instance) ... ok
test_extraction_failure_preserves_exact_target (tests.test_mo2_bootstrap_create.Mo2BootstrapCreateTests.test_extraction_failure_preserves_exact_target) ... ok
test_failure_activating_stage_restores_exact_target (tests.test_mo2_bootstrap_create.Mo2BootstrapCreateTests.test_failure_activating_stage_restores_exact_target) ... ok
test_failure_preserving_prior_leaves_exact_target (tests.test_mo2_bootstrap_create.Mo2BootstrapCreateTests.test_failure_preserving_prior_leaves_exact_target) ... ok
test_final_verification_byte_drift_requires_recovery (tests.test_mo2_bootstrap_create.Mo2BootstrapCreateTests.test_final_verification_byte_drift_requires_recovery) ... ok
test_generated_config_collision_preserves_exact_target (tests.test_mo2_bootstrap_create.Mo2BootstrapCreateTests.test_generated_config_collision_preserves_exact_target) ... ok
test_insufficient_staging_space_preserves_exact_target (tests.test_mo2_bootstrap_create.Mo2BootstrapCreateTests.test_insufficient_staging_space_preserves_exact_target) ... ok
test_journal_failure_before_activation_preserves_exact_target (tests.test_mo2_bootstrap_create.Mo2BootstrapCreateTests.test_journal_failure_before_activation_preserves_exact_target) ... ok
test_post_activation_scanner_block_leaves_recovery_evidence (tests.test_mo2_bootstrap_create.Mo2BootstrapCreateTests.test_post_activation_scanner_block_leaves_recovery_evidence) ... ok
test_prior_appearing_during_preserve_rehash_is_not_overwritten (tests.test_mo2_bootstrap_create.Mo2BootstrapCreateTests.test_prior_appearing_during_preserve_rehash_is_not_overwritten) ... ok
test_process_start_at_activation_boundary_preserves_exact_target (tests.test_mo2_bootstrap_create.Mo2BootstrapCreateTests.test_process_start_at_activation_boundary_preserves_exact_target) ... ok
test_profile_source_drift_during_render_preserves_exact_target (tests.test_mo2_bootstrap_create.Mo2BootstrapCreateTests.test_profile_source_drift_during_render_preserves_exact_target) ... ok
test_receipt_failure_leaves_activated_recovery_evidence (tests.test_mo2_bootstrap_create.Mo2BootstrapCreateTests.test_receipt_failure_leaves_activated_recovery_evidence) ... ok
test_redirected_activation_ancestor_refuses_before_any_rename (tests.test_mo2_bootstrap_create.Mo2BootstrapCreateTests.test_redirected_activation_ancestor_refuses_before_any_rename) ... ok
test_stage_collision_refuses_without_changing_target (tests.test_mo2_bootstrap_create.Mo2BootstrapCreateTests.test_stage_collision_refuses_without_changing_target) ... ok
test_target_appearing_after_stage_rehash_is_not_overwritten (tests.test_mo2_bootstrap_create.Mo2BootstrapCreateTests.test_target_appearing_after_stage_rehash_is_not_overwritten) ... ok
test_target_appearing_during_rollback_rehash_is_not_overwritten (tests.test_mo2_bootstrap_create.Mo2BootstrapCreateTests.test_target_appearing_during_rollback_rehash_is_not_overwritten) ... ok
test_target_changed_after_plan_refuses_before_job (tests.test_mo2_bootstrap_create.Mo2BootstrapCreateTests.test_target_changed_after_plan_refuses_before_job) ... ok
test_active_job_stage_collision_requires_recovery (tests.test_mo2_bootstrap_planning.Mo2BootstrapPlanningTests.test_active_job_stage_collision_requires_recovery) ... ok
test_archive_listing_drift_refuses_without_plan (tests.test_mo2_bootstrap_planning.Mo2BootstrapPlanningTests.test_archive_listing_drift_refuses_without_plan) ... ok
test_blocked_selected_baseline_retains_blocked_plan (tests.test_mo2_bootstrap_planning.Mo2BootstrapPlanningTests.test_blocked_selected_baseline_retains_blocked_plan) ... ok
test_conflicting_configured_steam_root_refuses_without_plan (tests.test_mo2_bootstrap_planning.Mo2BootstrapPlanningTests.test_conflicting_configured_steam_root_refuses_without_plan) ... ok
test_drifted_selected_baseline_retains_blocked_plan (tests.test_mo2_bootstrap_planning.Mo2BootstrapPlanningTests.test_drifted_selected_baseline_retains_blocked_plan) ... ok
test_empty_target_plans_create_and_writes_only_plan (tests.test_mo2_bootstrap_planning.Mo2BootstrapPlanningTests.test_empty_target_plans_create_and_writes_only_plan) ... ok
test_existing_projection_and_wrong_executable_each_block (tests.test_mo2_bootstrap_planning.Mo2BootstrapPlanningTests.test_existing_projection_and_wrong_executable_each_block) ... ok
test_extractor_change_during_stability_reread_refuses_without_plan (tests.test_mo2_bootstrap_planning.Mo2BootstrapPlanningTests.test_extractor_change_during_stability_reread_refuses_without_plan) ... ok
test_extractor_launch_oserror_is_a_stable_refusal (tests.test_mo2_bootstrap_planning.Mo2BootstrapPlanningTests.test_extractor_launch_oserror_is_a_stable_refusal) ... ok
test_failed_extractor_identity_refuses_without_plan (tests.test_mo2_bootstrap_planning.Mo2BootstrapPlanningTests.test_failed_extractor_identity_refuses_without_plan) ... ok
test_generated_nxmhandler_settings_are_a_known_adoption_extra (tests.test_mo2_bootstrap_planning.Mo2BootstrapPlanningTests.test_generated_nxmhandler_settings_are_a_known_adoption_extra) ... ok
test_immutable_package_drift_prevents_already_managed (tests.test_mo2_bootstrap_planning.Mo2BootstrapPlanningTests.test_immutable_package_drift_prevents_already_managed) ... ok
test_invalid_journal_and_orphan_stage_each_retain_blocked_plan (tests.test_mo2_bootstrap_planning.Mo2BootstrapPlanningTests.test_invalid_journal_and_orphan_stage_each_retain_blocked_plan) ... ok
test_invalid_skyrim_ccc_refuses_without_plan (tests.test_mo2_bootstrap_planning.Mo2BootstrapPlanningTests.test_invalid_skyrim_ccc_refuses_without_plan) ... ok
test_low_disk_space_retains_a_coherent_blocked_plan (tests.test_mo2_bootstrap_planning.Mo2BootstrapPlanningTests.test_low_disk_space_retains_a_coherent_blocked_plan) ... ok
test_malformed_receipt_retains_blocked_plan (tests.test_mo2_bootstrap_planning.Mo2BootstrapPlanningTests.test_malformed_receipt_retains_blocked_plan) ... ok
test_manager_change_during_stability_reread_refuses_without_plan (tests.test_mo2_bootstrap_planning.Mo2BootstrapPlanningTests.test_manager_change_during_stability_reread_refuses_without_plan) ... ok
test_missing_archive_payload_refuses_without_plan (tests.test_mo2_bootstrap_planning.Mo2BootstrapPlanningTests.test_missing_archive_payload_refuses_without_plan) ... ok
test_missing_explicit_steam_root_refuses_without_plan (tests.test_mo2_bootstrap_planning.Mo2BootstrapPlanningTests.test_missing_explicit_steam_root_refuses_without_plan) ... ok
test_missing_extractor_refuses_without_plan (tests.test_mo2_bootstrap_planning.Mo2BootstrapPlanningTests.test_missing_extractor_refuses_without_plan) ... ok
test_missing_primary_master_refuses_without_plan (tests.test_mo2_bootstrap_planning.Mo2BootstrapPlanningTests.test_missing_primary_master_refuses_without_plan) ... ok
test_modified_archive_refuses_without_plan (tests.test_mo2_bootstrap_planning.Mo2BootstrapPlanningTests.test_modified_archive_refuses_without_plan) ... ok
test_nested_archive_redirect_is_refused_before_reading_payload (tests.test_mo2_bootstrap_planning.Mo2BootstrapPlanningTests.test_nested_archive_redirect_is_refused_before_reading_payload) ... ok
test_new_malformed_receipt_on_stability_reread_refuses_without_plan (tests.test_mo2_bootstrap_planning.Mo2BootstrapPlanningTests.test_new_malformed_receipt_on_stability_reread_refuses_without_plan) ... ok
test_new_unknown_manager_extra_blocks_before_apply (tests.test_mo2_bootstrap_planning.Mo2BootstrapPlanningTests.test_new_unknown_manager_extra_blocks_before_apply) ... ok
test_ready_existing_target_plans_adopt_even_when_process_close_is_required (tests.test_mo2_bootstrap_planning.Mo2BootstrapPlanningTests.test_ready_existing_target_plans_adopt_even_when_process_close_is_required) ... ok
test_receipt_change_during_stability_reread_refuses_without_plan (tests.test_mo2_bootstrap_planning.Mo2BootstrapPlanningTests.test_receipt_change_during_stability_reread_refuses_without_plan) ... ok
test_redirected_ini_refuses_without_plan (tests.test_mo2_bootstrap_planning.Mo2BootstrapPlanningTests.test_redirected_ini_refuses_without_plan) ... skipped "symbolic links unavailable: [WinError 1314] A required privilege is not held by the client: 'C:\\\\Users\\\\red\\\\Desktop\\\\Modlab\\\\.worktrees\\\\mo2-guard-bridge-handshake\\\\nt\\\\tmp6ecwj80m\\\\outside.ini' -> 'C:\\\\Users\\\\red\\\\Desktop\\\\Modlab\\\\.worktrees\\\\mo2-guard-bridge-handshake\\\\nt\\\\tmp6ecwj80m\\\\Documents\\\\My Games\\\\Skyrim Special Edition\\\\SkyrimCustom.ini'"
test_redirected_workspace_refuses_without_plan (tests.test_mo2_bootstrap_planning.Mo2BootstrapPlanningTests.test_redirected_workspace_refuses_without_plan) ... skipped "symbolic links unavailable: [WinError 1314] A required privilege is not held by the client: 'C:\\\\Users\\\\red\\\\Desktop\\\\Modlab\\\\.worktrees\\\\mo2-guard-bridge-handshake\\\\nt\\\\tmpjgz22ezm\\\\ModLab\\\\workspace' -> 'C:\\\\Users\\\\red\\\\Desktop\\\\Modlab\\\\.worktrees\\\\mo2-guard-bridge-handshake\\\\nt\\\\tmpjgz22ezm\\\\workspace-link'"
test_release_and_artifact_descriptor_mismatch_refuses_without_plan (tests.test_mo2_bootstrap_planning.Mo2BootstrapPlanningTests.test_release_and_artifact_descriptor_mismatch_refuses_without_plan) ... ok
test_same_inputs_return_same_plan_id_and_bytes (tests.test_mo2_bootstrap_planning.Mo2BootstrapPlanningTests.test_same_inputs_return_same_plan_id_and_bytes) ... ok
test_seed_change_during_stability_reread_refuses_without_plan (tests.test_mo2_bootstrap_planning.Mo2BootstrapPlanningTests.test_seed_change_during_stability_reread_refuses_without_plan) ... ok
test_target_change_during_stability_reread_refuses_without_plan (tests.test_mo2_bootstrap_planning.Mo2BootstrapPlanningTests.test_target_change_during_stability_reread_refuses_without_plan) ... ok
test_unknown_nonempty_target_retains_blocked_plan (tests.test_mo2_bootstrap_planning.Mo2BootstrapPlanningTests.test_unknown_nonempty_target_retains_blocked_plan) ... ok
test_unknown_process_observation_retains_blocked_plan (tests.test_mo2_bootstrap_planning.Mo2BootstrapPlanningTests.test_unknown_process_observation_retains_blocked_plan) ... ok
test_unknown_skyrim_runtime_refuses_without_plan (tests.test_mo2_bootstrap_planning.Mo2BootstrapPlanningTests.test_unknown_skyrim_runtime_refuses_without_plan) ... ok
test_unsafe_archive_listing_refuses_without_plan (tests.test_mo2_bootstrap_planning.Mo2BootstrapPlanningTests.test_unsafe_archive_listing_refuses_without_plan) ... ok
test_unsafe_existing_package_path_blocks_instead_of_downgrading_to_adopt (tests.test_mo2_bootstrap_planning.Mo2BootstrapPlanningTests.test_unsafe_existing_package_path_blocks_instead_of_downgrading_to_adopt) ... ok
test_unsupported_release_refuses_without_plan (tests.test_mo2_bootstrap_planning.Mo2BootstrapPlanningTests.test_unsupported_release_refuses_without_plan) ... ok
test_verified_matching_receipt_is_already_managed_but_profile_drift_is_adopt (tests.test_mo2_bootstrap_planning.Mo2BootstrapPlanningTests.test_verified_matching_receipt_is_already_managed_but_profile_drift_is_adopt) ... ok
test_verified_receipt_with_low_space_remains_already_managed (tests.test_mo2_bootstrap_planning.Mo2BootstrapPlanningTests.test_verified_receipt_with_low_space_remains_already_managed) ... ok
test_activated_valid_target_is_finalized (tests.test_mo2_bootstrap_recovery.Mo2BootstrapRecoveryTests.test_activated_valid_target_is_finalized) ... ok
test_active_target_with_recreated_stage_collision_is_untouched (tests.test_mo2_bootstrap_recovery.Mo2BootstrapRecoveryTests.test_active_target_with_recreated_stage_collision_is_untouched) ... ok
test_adopt_recovery_quarantines_stage_without_changing_manager (tests.test_mo2_bootstrap_recovery.Mo2BootstrapRecoveryTests.test_adopt_recovery_quarantines_stage_without_changing_manager) ... ok
test_applying_without_activation_restores_exact_empty_target (tests.test_mo2_bootstrap_recovery.Mo2BootstrapRecoveryTests.test_applying_without_activation_restores_exact_empty_target) ... ok
test_changed_journal_is_rejected_without_moving_any_tree (tests.test_mo2_bootstrap_recovery.Mo2BootstrapRecoveryTests.test_changed_journal_is_rejected_without_moving_any_tree) ... ok
test_changed_plan_is_rejected_without_moving_any_tree (tests.test_mo2_bootstrap_recovery.Mo2BootstrapRecoveryTests.test_changed_plan_is_rejected_without_moving_any_tree) ... ok
test_changed_verified_receipt_is_rejected (tests.test_mo2_bootstrap_recovery.Mo2BootstrapRecoveryTests.test_changed_verified_receipt_is_rejected) ... ok
test_cleanup_failure_leaves_verified_receipt_and_is_retryable (tests.test_mo2_bootstrap_recovery.Mo2BootstrapRecoveryTests.test_cleanup_failure_leaves_verified_receipt_and_is_retryable) ... ok
test_crash_after_activation_rename_is_finalized_from_applying_evidence (tests.test_mo2_bootstrap_recovery.Mo2BootstrapRecoveryTests.test_crash_after_activation_rename_is_finalized_from_applying_evidence) ... ok
test_exact_but_unready_activation_is_quarantined_and_prior_restored (tests.test_mo2_bootstrap_recovery.Mo2BootstrapRecoveryTests.test_exact_but_unready_activation_is_quarantined_and_prior_restored) ... ok
test_manager_ancestry_change_after_active_observation_blocks_finalization (tests.test_mo2_bootstrap_recovery.Mo2BootstrapRecoveryTests.test_manager_ancestry_change_after_active_observation_blocks_finalization) ... ok
test_manager_ancestry_change_after_stage_quarantine_blocks_recovered (tests.test_mo2_bootstrap_recovery.Mo2BootstrapRecoveryTests.test_manager_ancestry_change_after_stage_quarantine_blocks_recovered) ... ok
test_missing_prior_blocks_applying_recovery_without_moving_stage (tests.test_mo2_bootstrap_recovery.Mo2BootstrapRecoveryTests.test_missing_prior_blocks_applying_recovery_without_moving_stage) ... ok
test_modified_activated_target_is_left_untouched (tests.test_mo2_bootstrap_recovery.Mo2BootstrapRecoveryTests.test_modified_activated_target_is_left_untouched) ... ok
test_modified_staged_tree_is_left_untouched (tests.test_mo2_bootstrap_recovery.Mo2BootstrapRecoveryTests.test_modified_staged_tree_is_left_untouched) ... ok
test_orphan_receipt_is_reused_after_verified_journal_failure (tests.test_mo2_bootstrap_recovery.Mo2BootstrapRecoveryTests.test_orphan_receipt_is_reused_after_verified_journal_failure) ... ok
test_partial_known_prior_cleanup_resumes_after_restart (tests.test_mo2_bootstrap_recovery.Mo2BootstrapRecoveryTests.test_partial_known_prior_cleanup_resumes_after_restart) ... ok
test_partial_staging_without_inventory_is_left_untouched (tests.test_mo2_bootstrap_recovery.Mo2BootstrapRecoveryTests.test_partial_staging_without_inventory_is_left_untouched) ... ok
test_planned_job_does_not_claim_an_unexpected_stage_path (tests.test_mo2_bootstrap_recovery.Mo2BootstrapRecoveryTests.test_planned_job_does_not_claim_an_unexpected_stage_path) ... ok
test_receipt_failure_is_retryable_from_recovery_required (tests.test_mo2_bootstrap_recovery.Mo2BootstrapRecoveryTests.test_receipt_failure_is_retryable_from_recovery_required) ... ok
test_recovered_adopt_orphan_receipt_does_not_poison_replanning (tests.test_mo2_bootstrap_recovery.Mo2BootstrapRecoveryTests.test_recovered_adopt_orphan_receipt_does_not_poison_replanning) ... ok
test_recovery_service_is_publicly_exported (tests.test_mo2_bootstrap_recovery.Mo2BootstrapRecoveryTests.test_recovery_service_is_publicly_exported) ... ok
test_restore_rename_failure_is_retryable_from_filesystem_evidence (tests.test_mo2_bootstrap_recovery.Mo2BootstrapRecoveryTests.test_restore_rename_failure_is_retryable_from_filesystem_evidence) ... ok
test_running_process_blocks_recovery_before_manager_changes (tests.test_mo2_bootstrap_recovery.Mo2BootstrapRecoveryTests.test_running_process_blocks_recovery_before_manager_changes) ... ok
test_stage_quarantine_survives_journal_failure_and_retries (tests.test_mo2_bootstrap_recovery.Mo2BootstrapRecoveryTests.test_stage_quarantine_survives_journal_failure_and_retries) ... ok
test_staged_job_quarantines_only_the_exact_recorded_stage (tests.test_mo2_bootstrap_recovery.Mo2BootstrapRecoveryTests.test_staged_job_quarantines_only_the_exact_recorded_stage) ... ok
test_target_change_during_stage_quarantine_is_not_marked_recovered (tests.test_mo2_bootstrap_recovery.Mo2BootstrapRecoveryTests.test_target_change_during_stage_quarantine_is_not_marked_recovered) ... ok
test_unexpected_nonempty_target_remains_recovery_required (tests.test_mo2_bootstrap_recovery.Mo2BootstrapRecoveryTests.test_unexpected_nonempty_target_remains_recovery_required) ... ok
test_unrecorded_empty_directory_blocks_activated_finalization (tests.test_mo2_bootstrap_recovery.Mo2BootstrapRecoveryTests.test_unrecorded_empty_directory_blocks_activated_finalization) ... ok
test_verified_journal_rejects_canonical_receipt_with_wrong_mode (tests.test_mo2_bootstrap_recovery.Mo2BootstrapRecoveryTests.test_verified_journal_rejects_canonical_receipt_with_wrong_mode) ... ok
test_adopt_can_verify_without_apply_or_activation_states (tests.test_mo2_bootstrap_store.Mo2BootstrapStoreTests.test_adopt_can_verify_without_apply_or_activation_states) ... ok
test_cleanup_failure_does_not_damage_or_hide_promoted_document (tests.test_mo2_bootstrap_store.Mo2BootstrapStoreTests.test_cleanup_failure_does_not_damage_or_hide_promoted_document) ... ok
test_concurrent_stale_journal_writer_cannot_promote (tests.test_mo2_bootstrap_store.Mo2BootstrapStoreTests.test_concurrent_stale_journal_writer_cannot_promote) ... ok
test_create_and_adopt_state_machines_allow_only_declared_edges (tests.test_mo2_bootstrap_store.Mo2BootstrapStoreTests.test_create_and_adopt_state_machines_allow_only_declared_edges) ... ok
test_create_can_advance_through_apply_and_activation_only_with_receipt (tests.test_mo2_bootstrap_store.Mo2BootstrapStoreTests.test_create_can_advance_through_apply_and_activation_only_with_receipt) ... ok
test_create_job_derives_confined_paths_and_durably_records_planned (tests.test_mo2_bootstrap_store.Mo2BootstrapStoreTests.test_create_job_derives_confined_paths_and_durably_records_planned) ... ok
test_create_job_records_existing_prior_snapshot_for_adopt (tests.test_mo2_bootstrap_store.Mo2BootstrapStoreTests.test_create_job_records_existing_prior_snapshot_for_adopt) ... ok
test_create_job_requires_exact_stored_plan_and_usable_disposition (tests.test_mo2_bootstrap_store.Mo2BootstrapStoreTests.test_create_job_requires_exact_stored_plan_and_usable_disposition) ... ok
test_duplicate_job_identity_is_never_reused (tests.test_mo2_bootstrap_store.Mo2BootstrapStoreTests.test_duplicate_job_identity_is_never_reused) ... ok
test_failed_initial_journal_promotion_removes_only_its_new_empty_job (tests.test_mo2_bootstrap_store.Mo2BootstrapStoreTests.test_failed_initial_journal_promotion_removes_only_its_new_empty_job) ... ok
test_find_compatible_receipt_filters_verified_evidence_and_never_hides_damage (tests.test_mo2_bootstrap_store.Mo2BootstrapStoreTests.test_find_compatible_receipt_filters_verified_evidence_and_never_hides_damage) ... ok
test_immutable_race_never_overwrites_bytes_that_appear_at_target (tests.test_mo2_bootstrap_store.Mo2BootstrapStoreTests.test_immutable_race_never_overwrites_bytes_that_appear_at_target) ... ok
test_initial_journal_validation_failure_preserves_promotion_evidence (tests.test_mo2_bootstrap_store.Mo2BootstrapStoreTests.test_initial_journal_validation_failure_preserves_promotion_evidence) ... ok
test_load_plan_requires_exact_canonical_bytes_and_matching_filename (tests.test_mo2_bootstrap_store.Mo2BootstrapStoreTests.test_load_plan_requires_exact_canonical_bytes_and_matching_filename) ... ok
test_matching_receipt_without_verified_journal_requires_recovery (tests.test_mo2_bootstrap_store.Mo2BootstrapStoreTests.test_matching_receipt_without_verified_journal_requires_recovery) ... ok
test_missing_or_invalid_plan_identity_never_becomes_a_path (tests.test_mo2_bootstrap_store.Mo2BootstrapStoreTests.test_missing_or_invalid_plan_identity_never_becomes_a_path) ... ok
test_plan_for_another_workspace_is_never_stored (tests.test_mo2_bootstrap_store.Mo2BootstrapStoreTests.test_plan_for_another_workspace_is_never_stored) ... ok
test_plan_is_content_addressed_idempotent_and_conflict_safe (tests.test_mo2_bootstrap_store.Mo2BootstrapStoreTests.test_plan_is_content_addressed_idempotent_and_conflict_safe) ... ok
test_post_promotion_disappearance_preserves_record_identity (tests.test_mo2_bootstrap_store.Mo2BootstrapStoreTests.test_post_promotion_disappearance_preserves_record_identity) ... ok
test_pre_promotion_failure_leaves_no_target_or_part_file (tests.test_mo2_bootstrap_store.Mo2BootstrapStoreTests.test_pre_promotion_failure_leaves_no_target_or_part_file) ... ok
test_promotion_failure_preserves_old_journal_and_cleans_part (tests.test_mo2_bootstrap_store.Mo2BootstrapStoreTests.test_promotion_failure_preserves_old_journal_and_cleans_part) ... ok
test_receipt_is_content_addressed_immutable_and_strictly_loaded (tests.test_mo2_bootstrap_store.Mo2BootstrapStoreTests.test_receipt_is_content_addressed_immutable_and_strictly_loaded) ... ok
test_receipt_read_failure_preserves_promotion_evidence (tests.test_mo2_bootstrap_store.Mo2BootstrapStoreTests.test_receipt_read_failure_preserves_promotion_evidence) ... ok
test_recovery_required_create_can_reestablish_activated_then_verified (tests.test_mo2_bootstrap_store.Mo2BootstrapStoreTests.test_recovery_required_create_can_reestablish_activated_then_verified) ... ok
test_redirected_plan_job_and_receipt_ancestors_are_rejected (tests.test_mo2_bootstrap_store.Mo2BootstrapStoreTests.test_redirected_plan_job_and_receipt_ancestors_are_rejected) ... ok
test_transition_is_compare_and_swap_on_exact_observed_bytes_and_state (tests.test_mo2_bootstrap_store.Mo2BootstrapStoreTests.test_transition_is_compare_and_swap_on_exact_observed_bytes_and_state) ... ok
test_transition_rejects_external_byte_change_and_identity_change (tests.test_mo2_bootstrap_store.Mo2BootstrapStoreTests.test_transition_rejects_external_byte_change_and_identity_change) ... ok
test_verified_transition_rejects_receipt_that_conflicts_with_plan (tests.test_mo2_bootstrap_store.Mo2BootstrapStoreTests.test_verified_transition_rejects_receipt_that_conflicts_with_plan) ... ok
test_archives_have_exact_safe_contents_and_fomod_dependency (tests.test_mo2_containment_fixtures.ContainmentFixtureTests.test_archives_have_exact_safe_contents_and_fomod_dependency) ... ok
test_curated_archive_import_refuses_mismatched_bytes (tests.test_mo2_containment_fixtures.ContainmentFixtureTests.test_curated_archive_import_refuses_mismatched_bytes) ... ok
test_curated_archive_import_replaces_payload_name_without_hardlinking (tests.test_mo2_containment_fixtures.ContainmentFixtureTests.test_curated_archive_import_replaces_payload_name_without_hardlinking) ... ok
test_external_low_temp_uses_the_exact_low_child_of_the_current_temp_base (tests.test_mo2_containment_fixtures.ContainmentFixtureTests.test_external_low_temp_uses_the_exact_low_child_of_the_current_temp_base) ... ok
test_fixture_enables_non_plugin_fomod_dependencies_only_in_stage (tests.test_mo2_containment_fixtures.ContainmentFixtureTests.test_fixture_enables_non_plugin_fomod_dependencies_only_in_stage) ... ok
test_fixture_exposes_portable_cache_and_logs_under_the_stage_base_directory (tests.test_mo2_containment_fixtures.ContainmentFixtureTests.test_fixture_exposes_portable_cache_and_logs_under_the_stage_base_directory) ... ok
test_fixture_inner_vaults_retain_the_source_artifact_official_name (tests.test_mo2_containment_fixtures.ContainmentFixtureTests.test_fixture_inner_vaults_retain_the_source_artifact_official_name) ... ok
test_fixture_parent_override_is_exact_and_confined_below_validation_root (tests.test_mo2_containment_fixtures.ContainmentFixtureTests.test_fixture_parent_override_is_exact_and_confined_below_validation_root) ... ok
test_fixture_preflight_is_read_only_for_an_absent_nested_target (tests.test_mo2_containment_fixtures.ContainmentFixtureTests.test_fixture_preflight_is_read_only_for_an_absent_nested_target) ... ok
test_fixture_suppresses_nxm_registration_only_in_the_disposable_stage (tests.test_mo2_containment_fixtures.ContainmentFixtureTests.test_fixture_suppresses_nxm_registration_only_in_the_disposable_stage) ... ok
test_fixture_uses_two_confined_instances_and_payload_junctions (tests.test_mo2_containment_fixtures.ContainmentFixtureTests.test_fixture_uses_two_confined_instances_and_payload_junctions) ... ok
test_low_temp_refuses_missing_non_low_and_redirected_candidates (tests.test_mo2_containment_fixtures.ContainmentFixtureTests.test_low_temp_refuses_missing_non_low_and_redirected_candidates) ... ok
test_materialized_bootstrap_archive_preserves_preexisting_destination_after_xb_failure (tests.test_mo2_containment_fixtures.ContainmentFixtureTests.test_materialized_bootstrap_archive_preserves_preexisting_destination_after_xb_failure) ... ok
test_materialized_bootstrap_archive_refuses_changed_payload (tests.test_mo2_containment_fixtures.ContainmentFixtureTests.test_materialized_bootstrap_archive_refuses_changed_payload) ... ok
test_materialized_bootstrap_archive_refuses_noncurated_windows_names_before_creation (tests.test_mo2_containment_fixtures.ContainmentFixtureTests.test_materialized_bootstrap_archive_refuses_noncurated_windows_names_before_creation) ... ok
test_materialized_bootstrap_archive_refuses_unsafe_original_name (tests.test_mo2_containment_fixtures.ContainmentFixtureTests.test_materialized_bootstrap_archive_refuses_unsafe_original_name) ... ok
test_materialized_bootstrap_archive_removes_owned_partial_after_write_error (tests.test_mo2_containment_fixtures.ContainmentFixtureTests.test_materialized_bootstrap_archive_removes_owned_partial_after_write_error) ... ok
test_production_snapshot_records_file_metadata_without_payload_hashes (tests.test_mo2_containment_fixtures.ContainmentFixtureTests.test_production_snapshot_records_file_metadata_without_payload_hashes) ... ok
test_production_snapshot_records_reparse_without_following_it (tests.test_mo2_containment_fixtures.ContainmentFixtureTests.test_production_snapshot_records_reparse_without_following_it) ... skipped "directory symlink unavailable: [WinError 1314] A required privilege is not held by the client: 'C:\\\\Users\\\\red\\\\Desktop\\\\Modlab\\\\.worktrees\\\\mo2-guard-bridge-handshake\\\\nt\\\\tmpe1dha0et\\\\outside' -> 'C:\\\\Users\\\\red\\\\Desktop\\\\Modlab\\\\.worktrees\\\\mo2-guard-bridge-handshake\\\\nt\\\\tmpe1dha0et\\\\Steam\\\\library-link'"
test_real_fixture_evidence_derives_version_projection_and_steam_mutation (tests.test_mo2_containment_fixtures.ContainmentFixtureTests.test_real_fixture_evidence_derives_version_projection_and_steam_mutation) ... ok
test_real_fixture_evidence_refuses_empty_direct_projection_replacement (tests.test_mo2_containment_fixtures.ContainmentFixtureTests.test_real_fixture_evidence_refuses_empty_direct_projection_replacement) ... ok
test_real_fixture_refuses_bound_snapshot_path_change_after_preparation (tests.test_mo2_containment_fixtures.ContainmentFixtureTests.test_real_fixture_refuses_bound_snapshot_path_change_after_preparation) ... ok
test_skyrim_production_snapshot_ignores_unrelated_steam_cache_mutation (tests.test_mo2_containment_fixtures.ContainmentFixtureTests.test_skyrim_production_snapshot_ignores_unrelated_steam_cache_mutation) ... ok
test_skyrim_production_snapshot_refuses_discovery_path_change_during_capture (tests.test_mo2_containment_fixtures.ContainmentFixtureTests.test_skyrim_production_snapshot_refuses_discovery_path_change_during_capture) ... ok
test_skyrim_production_snapshot_refuses_discovery_report_change_during_capture (tests.test_mo2_containment_fixtures.ContainmentFixtureTests.test_skyrim_production_snapshot_refuses_discovery_report_change_during_capture) ... ok
test_skyrim_production_snapshot_refuses_missing_or_blocked_discovery (tests.test_mo2_containment_fixtures.ContainmentFixtureTests.test_skyrim_production_snapshot_refuses_missing_or_blocked_discovery) ... ok
test_skyrim_production_snapshot_reports_game_root_mutation (tests.test_mo2_containment_fixtures.ContainmentFixtureTests.test_skyrim_production_snapshot_reports_game_root_mutation) ... ok
test_skyrim_production_snapshot_reports_manifest_mutation (tests.test_mo2_containment_fixtures.ContainmentFixtureTests.test_skyrim_production_snapshot_reports_manifest_mutation) ... ok
test_stage_root_is_labeled_low_before_any_projection_can_exist (tests.test_mo2_containment_fixtures.ContainmentFixtureTests.test_stage_root_is_labeled_low_before_any_projection_can_exist) ... ok
test_stage_user_profile_contains_a_direct_desktop_before_launch (tests.test_mo2_containment_fixtures.ContainmentFixtureTests.test_stage_user_profile_contains_a_direct_desktop_before_launch) ... ok
test_cleanup_after_result_publication_reuses_immutable_result (tests.test_mo2_containment_service.ContainmentRecoveryTests.test_cleanup_after_result_publication_reuses_immutable_result) ... ok
test_cleanup_refusal_never_starts_fresh_run (tests.test_mo2_containment_service.ContainmentRecoveryTests.test_cleanup_refusal_never_starts_fresh_run) ... ok
test_pre_scenario_interruption_may_retry_once_after_cleanup (tests.test_mo2_containment_service.ContainmentRecoveryTests.test_pre_scenario_interruption_may_retry_once_after_cleanup) ... ok
test_prove_recovery_parses_exact_task4_bindings_and_rejects_mismatch (tests.test_mo2_containment_service.ContainmentRecoveryTests.test_prove_recovery_parses_exact_task4_bindings_and_rejects_mismatch) ... ok
test_read_only_recovery_refusal_performs_zero_cleanup_mutation (tests.test_mo2_containment_service.ContainmentRecoveryTests.test_read_only_recovery_refusal_performs_zero_cleanup_mutation) ... ok
test_recovery_process_access_uncertainty_refuses_without_cleanup (tests.test_mo2_containment_service.ContainmentRecoveryTests.test_recovery_process_access_uncertainty_refuses_without_cleanup) ... ok
test_refused_cleanup_retains_trusted_positive_breach_as_failed_result (tests.test_mo2_containment_service.ContainmentRecoveryTests.test_refused_cleanup_retains_trusted_positive_breach_as_failed_result) ... ok
test_reprove_retry_absence_uses_durable_exact_bindings_after_restart (tests.test_mo2_containment_service.ContainmentRecoveryTests.test_reprove_retry_absence_uses_durable_exact_bindings_after_restart) ... ok
test_scenario_loading_rejects_nonexact_request_schema (tests.test_mo2_containment_service.ContainmentRecoveryTests.test_scenario_loading_rejects_nonexact_request_schema) ... ok
test_scenario_started_without_launch_evidence_is_permanently_refused (tests.test_mo2_containment_service.ContainmentRecoveryTests.test_scenario_started_without_launch_evidence_is_permanently_refused) ... ok
test_started_damaged_or_unbound_launch_proof_refuses_without_mutation (tests.test_mo2_containment_service.ContainmentRecoveryTests.test_started_damaged_or_unbound_launch_proof_refuses_without_mutation) ... ok
test_adjudicate_run_is_not_poisoned_by_later_same_command_failure (tests.test_mo2_containment_service.ContainmentServiceTests.test_adjudicate_run_is_not_poisoned_by_later_same_command_failure) ... ok
test_adjudicate_run_preserves_failed_precedence_over_damaged_evidence (tests.test_mo2_containment_service.ContainmentServiceTests.test_adjudicate_run_preserves_failed_precedence_over_damaged_evidence) ... ok
test_adjudicate_run_preserves_historical_failed_over_predecessor_damage (tests.test_mo2_containment_service.ContainmentServiceTests.test_adjudicate_run_preserves_historical_failed_over_predecessor_damage) ... ok
test_adjudicate_run_requires_every_listed_predecessor_evidence (tests.test_mo2_containment_service.ContainmentServiceTests.test_adjudicate_run_requires_every_listed_predecessor_evidence) ... ok
test_adjudicate_run_requires_intact_current_intent_request_binding (tests.test_mo2_containment_service.ContainmentServiceTests.test_adjudicate_run_requires_intact_current_intent_request_binding) ... ok
test_adjudicate_run_retains_same_command_failed_history_only (tests.test_mo2_containment_service.ContainmentServiceTests.test_adjudicate_run_retains_same_command_failed_history_only) ... ok
test_adjudicate_run_supersedes_only_exact_consumed_prestart_retry (tests.test_mo2_containment_service.ContainmentServiceTests.test_adjudicate_run_supersedes_only_exact_consumed_prestart_retry) ... ok
test_adjudicate_run_turns_damaged_current_evidence_into_incomplete (tests.test_mo2_containment_service.ContainmentServiceTests.test_adjudicate_run_turns_damaged_current_evidence_into_incomplete) ... ok
test_adopted_folder_is_quarantined_even_if_output_inspection_fails (tests.test_mo2_containment_service.ContainmentServiceTests.test_adopted_folder_is_quarantined_even_if_output_inspection_fails) ... ok
test_adoption_accepts_exact_payload_plus_mo2_generated_metadata (tests.test_mo2_containment_service.ContainmentServiceTests.test_adoption_accepts_exact_payload_plus_mo2_generated_metadata) ... ok
test_adoption_failures_and_exact_outputs_fail_closed (tests.test_mo2_containment_service.ContainmentServiceTests.test_adoption_failures_and_exact_outputs_fail_closed) ... ok
test_arm_fails_closed_when_successful_watch_effects_cannot_be_observed (tests.test_mo2_containment_service.ContainmentServiceTests.test_arm_fails_closed_when_successful_watch_effects_cannot_be_observed) ... ok
test_arm_failure_after_watcher_launch_preserves_exact_partial_effects (tests.test_mo2_containment_service.ContainmentServiceTests.test_arm_failure_after_watcher_launch_preserves_exact_partial_effects) ... ok
test_arm_nests_watch_failure_when_post_effects_cannot_be_observed (tests.test_mo2_containment_service.ContainmentServiceTests.test_arm_nests_watch_failure_when_post_effects_cannot_be_observed) ... ok
test_arm_pre_mutation_watch_refusal_does_not_claim_watch_root (tests.test_mo2_containment_service.ContainmentServiceTests.test_arm_pre_mutation_watch_refusal_does_not_claim_watch_root) ... ok
test_arm_scenario_public_workflow_persists_before_watcher_ready (tests.test_mo2_containment_service.ContainmentServiceTests.test_arm_scenario_public_workflow_persists_before_watcher_ready) ... ok
test_capture_failure_after_terminal_transition_preserves_all_effects (tests.test_mo2_containment_service.ContainmentServiceTests.test_capture_failure_after_terminal_transition_preserves_all_effects) ... ok
test_completed_typed_policy_failures_are_failed_without_root_breach (tests.test_mo2_containment_service.ContainmentServiceTests.test_completed_typed_policy_failures_are_failed_without_root_breach) ... ok
test_decision_bindings_use_tree_of_the_observed_commit (tests.test_mo2_containment_service.ContainmentServiceTests.test_decision_bindings_use_tree_of_the_observed_commit) ... ok
test_decision_binds_complete_corrected_authority (tests.test_mo2_containment_service.ContainmentServiceTests.test_decision_binds_complete_corrected_authority) ... ok
test_early_adjudication_refuses_without_freezing_decision (tests.test_mo2_containment_service.ContainmentServiceTests.test_early_adjudication_refuses_without_freezing_decision)
Missing terminal evidence must not become an immutable authority record. ... ok
test_expected_new_folder_does_not_invalidate_retained_projection (tests.test_mo2_containment_service.ContainmentServiceTests.test_expected_new_folder_does_not_invalidate_retained_projection) ... ok
test_failed_result_cannot_be_hidden_by_later_passed_result (tests.test_mo2_containment_service.ContainmentServiceTests.test_failed_result_cannot_be_hidden_by_later_passed_result) ... ok
test_historical_result_load_returns_all_changes_without_write_effects (tests.test_mo2_containment_service.ContainmentServiceTests.test_historical_result_load_returns_all_changes_without_write_effects) ... ok
test_launch_and_capture_reload_exact_durable_launch_after_restart (tests.test_mo2_containment_service.ContainmentServiceTests.test_launch_and_capture_reload_exact_durable_launch_after_restart) ... ok
test_launch_failure_after_evidence_write_preserves_mo2_and_paths (tests.test_mo2_containment_service.ContainmentServiceTests.test_launch_failure_after_evidence_write_preserves_mo2_and_paths) ... ok
test_legacy_nonterminal_classifier_run_does_not_block_current_policy (tests.test_mo2_containment_service.ContainmentServiceTests.test_legacy_nonterminal_classifier_run_does_not_block_current_policy) ... ok
test_merge_and_replace_pass_only_with_zero_source_events_and_hash_match (tests.test_mo2_containment_service.ContainmentServiceTests.test_merge_and_replace_pass_only_with_zero_source_events_and_hash_match) ... ok
test_mismatched_result_outcome_refuses_without_writing_decision (tests.test_mo2_containment_service.ContainmentServiceTests.test_mismatched_result_outcome_refuses_without_writing_decision) ... ok
test_missing_adoption_output_after_interrupted_ui_is_incomplete (tests.test_mo2_containment_service.ContainmentServiceTests.test_missing_adoption_output_after_interrupted_ui_is_incomplete) ... ok
test_multiple_positive_retained_projections_are_not_a_count_violation (tests.test_mo2_containment_service.ContainmentServiceTests.test_multiple_positive_retained_projections_are_not_a_count_violation) ... ok
test_nonterminal_journal_refuses_complete_decision_without_writing (tests.test_mo2_containment_service.ContainmentServiceTests.test_nonterminal_journal_refuses_complete_decision_without_writing) ... ok
test_pre_v4_nonterminal_runs_do_not_block_current_classification_policy (tests.test_mo2_containment_service.ContainmentServiceTests.test_pre_v4_nonterminal_runs_do_not_block_current_classification_policy) ... ok
test_prepare_partial_fixture_failure_reports_only_entered_root (tests.test_mo2_containment_service.ContainmentServiceTests.test_prepare_partial_fixture_failure_reports_only_entered_root) ... ok
test_prepare_pre_mutation_refusal_does_not_claim_fixture_root (tests.test_mo2_containment_service.ContainmentServiceTests.test_prepare_pre_mutation_refusal_does_not_claim_fixture_root) ... ok
test_prepare_run_binds_the_single_consumed_retry_to_its_new_request (tests.test_mo2_containment_service.ContainmentServiceTests.test_prepare_run_binds_the_single_consumed_retry_to_its_new_request) ... ok
test_prepare_run_cannot_bypass_available_retry_by_omitting_ticket (tests.test_mo2_containment_service.ContainmentServiceTests.test_prepare_run_cannot_bypass_available_retry_by_omitting_ticket) ... ok
test_prepare_run_consumes_retry_before_fixture_work_and_never_refunds_it (tests.test_mo2_containment_service.ContainmentServiceTests.test_prepare_run_consumes_retry_before_fixture_work_and_never_refunds_it) ... ok
test_prepare_run_generates_identity_before_confined_fixture_creation (tests.test_mo2_containment_service.ContainmentServiceTests.test_prepare_run_generates_identity_before_confined_fixture_creation) ... ok
test_prepare_run_propagates_uncertain_run_enumeration_before_fixtures (tests.test_mo2_containment_service.ContainmentServiceTests.test_prepare_run_propagates_uncertain_run_enumeration_before_fixtures) ... ok
test_previous_fixture_policy_remains_readable_without_blocking_current_cohort (tests.test_mo2_containment_service.ContainmentServiceTests.test_previous_fixture_policy_remains_readable_without_blocking_current_cohort) ... ok
test_previous_operator_protocol_refuses_arm_before_any_scenario_write (tests.test_mo2_containment_service.ContainmentServiceTests.test_previous_operator_protocol_refuses_arm_before_any_scenario_write) ... ok
test_previous_operator_protocol_refuses_capture_before_runtime_inspection (tests.test_mo2_containment_service.ContainmentServiceTests.test_previous_operator_protocol_refuses_capture_before_runtime_inspection) ... ok
test_previous_operator_protocol_refuses_launch_before_advancing_journal (tests.test_mo2_containment_service.ContainmentServiceTests.test_previous_operator_protocol_refuses_launch_before_advancing_journal) ... ok
test_previous_operator_protocol_remains_readable_without_blocking_current_cohort (tests.test_mo2_containment_service.ContainmentServiceTests.test_previous_operator_protocol_remains_readable_without_blocking_current_cohort) ... ok
test_projection_producer_distinguishes_wrong_from_unobservable (tests.test_mo2_containment_service.ContainmentServiceTests.test_projection_producer_distinguishes_wrong_from_unobservable) ... ok
test_projection_reobservation_access_failure_is_incomplete (tests.test_mo2_containment_service.ContainmentServiceTests.test_projection_reobservation_access_failure_is_incomplete) ... ok
test_protected_delta_before_adoption_never_moves_staging_into_source (tests.test_mo2_containment_service.ContainmentServiceTests.test_protected_delta_before_adoption_never_moves_staging_into_source) ... ok
test_protected_delta_plus_damaged_terminal_is_failed_but_malformed_only_is_incomplete (tests.test_mo2_containment_service.ContainmentServiceTests.test_protected_delta_plus_damaged_terminal_is_failed_but_malformed_only_is_incomplete) ... ok
test_replace_quarantines_disposable_replacement_and_restores_projection (tests.test_mo2_containment_service.ContainmentServiceTests.test_replace_quarantines_disposable_replacement_and_restores_projection) ... ok
test_replaced_baseline_projection_is_classified_for_quarantine (tests.test_mo2_containment_service.ContainmentServiceTests.test_replaced_baseline_projection_is_classified_for_quarantine) ... ok
test_same_command_prepare_calls_are_serialized_before_snapshot (tests.test_mo2_containment_service.ContainmentServiceTests.test_same_command_prepare_calls_are_serialized_before_snapshot) ... ok
test_supported_requires_all_four_exact_passes (tests.test_mo2_containment_service.ContainmentServiceTests.test_supported_requires_all_four_exact_passes) ... ok
test_terminal_incomplete_run_still_requires_its_available_retry_ticket (tests.test_mo2_containment_service.ContainmentServiceTests.test_terminal_incomplete_run_still_requires_its_available_retry_ticket) ... ok
test_terminal_run_permits_explicit_manual_same_command_run (tests.test_mo2_containment_service.ContainmentServiceTests.test_terminal_run_permits_explicit_manual_same_command_run) ... ok
test_valid_forbidden_event_then_controller_death_is_failed_without_retry (tests.test_mo2_containment_service.ContainmentServiceTests.test_valid_forbidden_event_then_controller_death_is_failed_without_retry) ... ok
test_delegate_and_projection_close_failures_retain_the_union_of_live_owners (tests.test_mo2_containment_service.PreparationProjectionRegressionTests.test_delegate_and_projection_close_failures_retain_the_union_of_live_owners) ... ok
test_job_created_projection_is_observed_without_following_target (tests.test_mo2_containment_service.PreparationProjectionRegressionTests.test_job_created_projection_is_observed_without_following_target) ... ok
test_real_delegate_exception_observes_partial_projection_then_releases_owners (tests.test_mo2_containment_service.PreparationProjectionRegressionTests.test_real_delegate_exception_observes_partial_projection_then_releases_owners) ... ok
test_real_fixture_reaches_guarded_post_observation (tests.test_mo2_containment_service.PreparationProjectionRegressionTests.test_real_fixture_reaches_guarded_post_observation) ... ok
test_recover_preparation_refuses_absent_storage_without_creating_it (tests.test_mo2_containment_service.PreparationProjectionRegressionTests.test_recover_preparation_refuses_absent_storage_without_creating_it) ... ok
test_absent_root_never_enters_ordinary_delegated_mutation_unpinned (tests.test_mo2_containment_service.Task4ExactEffectsFixTests.test_absent_root_never_enters_ordinary_delegated_mutation_unpinned) ... ok
test_child_pin_acquisition_ownership_keeps_later_proven_root_effect (tests.test_mo2_containment_service.Task4ExactEffectsFixTests.test_child_pin_acquisition_ownership_keeps_later_proven_root_effect) ... ok
test_child_pin_acquisition_ownership_unions_retained_close_owner (tests.test_mo2_containment_service.Task4ExactEffectsFixTests.test_child_pin_acquisition_ownership_unions_retained_close_owner) ... ok
test_completed_mutation_snapshot_survives_close_only_ownership (tests.test_mo2_containment_service.Task4ExactEffectsFixTests.test_completed_mutation_snapshot_survives_close_only_ownership) ... ok
test_controlled_creation_cannot_substitute_new_object_before_it_is_pinned (tests.test_mo2_containment_service.Task4ExactEffectsFixTests.test_controlled_creation_cannot_substitute_new_object_before_it_is_pinned) ... ok
test_controlled_creation_partial_chain_receipts_only_created_component (tests.test_mo2_containment_service.Task4ExactEffectsFixTests.test_controlled_creation_partial_chain_receipts_only_created_component) ... ok
test_controlled_creation_retains_every_new_component_before_delegate (tests.test_mo2_containment_service.Task4ExactEffectsFixTests.test_controlled_creation_retains_every_new_component_before_delegate) ... ok
test_created_candidate_receipt_lookup_ownership_preserves_all_owners (tests.test_mo2_containment_service.Task4ExactEffectsFixTests.test_created_candidate_receipt_lookup_ownership_preserves_all_owners) ... ok
test_created_candidate_receipt_rejects_changed_pinned_path_binding (tests.test_mo2_containment_service.Task4ExactEffectsFixTests.test_created_candidate_receipt_rejects_changed_pinned_path_binding) ... ok
test_created_without_handle_evidence_is_receipted_without_path_cleanup (tests.test_mo2_containment_service.Task4ExactEffectsFixTests.test_created_without_handle_evidence_is_receipted_without_path_cleanup) ... ok
test_creation_outcome_survives_service_outer_union_and_failed_retry (tests.test_mo2_containment_service.Task4ExactEffectsFixTests.test_creation_outcome_survives_service_outer_union_and_failed_retry) ... ok
test_creation_outer_retry_preserves_new_owner_after_candidate_cleanup (tests.test_mo2_containment_service.Task4ExactEffectsFixTests.test_creation_outer_retry_preserves_new_owner_after_candidate_cleanup) ... ok
test_creation_receipt_interrupt_preserves_primary_owners_and_proven_effects (tests.test_mo2_containment_service.Task4ExactEffectsFixTests.test_creation_receipt_interrupt_preserves_primary_owners_and_proven_effects) ... ok
test_delegated_guard_rejects_ancestor_swap_during_root_acquisition (tests.test_mo2_containment_service.Task4ExactEffectsFixTests.test_delegated_guard_rejects_ancestor_swap_during_root_acquisition) ... ok
test_delegated_mutation_rejects_ancestor_junction_before_delegate (tests.test_mo2_containment_service.Task4ExactEffectsFixTests.test_delegated_mutation_rejects_ancestor_junction_before_delegate) ... ok
test_delegated_mutation_rejects_nested_junction_before_delegate (tests.test_mo2_containment_service.Task4ExactEffectsFixTests.test_delegated_mutation_rejects_nested_junction_before_delegate) ... ok
test_delegated_mutation_rejects_root_junction_before_delegate (tests.test_mo2_containment_service.Task4ExactEffectsFixTests.test_delegated_mutation_rejects_root_junction_before_delegate) ... ok
test_delegated_mutation_reports_root_then_fails_if_delegate_creates_reparse (tests.test_mo2_containment_service.Task4ExactEffectsFixTests.test_delegated_mutation_reports_root_then_fails_if_delegate_creates_reparse) ... ok
test_delegated_observation_failure_preserves_store_ownership_type (tests.test_mo2_containment_service.Task4ExactEffectsFixTests.test_delegated_observation_failure_preserves_store_ownership_type) ... ok
test_delegated_root_ancestor_cannot_be_swapped_during_delegate (tests.test_mo2_containment_service.Task4ExactEffectsFixTests.test_delegated_root_ancestor_cannot_be_swapped_during_delegate) ... ok
test_delegated_root_cannot_be_swapped_in_pre_delegate_gap (tests.test_mo2_containment_service.Task4ExactEffectsFixTests.test_delegated_root_cannot_be_swapped_in_pre_delegate_gap) ... ok
test_dual_operation_and_observer_ownership_is_unioned_and_resolvable (tests.test_mo2_containment_service.Task4ExactEffectsFixTests.test_dual_operation_and_observer_ownership_is_unioned_and_resolvable) ... ok
test_effect_receipt_rejects_relative_paths (tests.test_mo2_containment_service.Task4ExactEffectsFixTests.test_effect_receipt_rejects_relative_paths) ... ok
test_exact_created_candidate_cleanup_success_has_no_surviving_receipt (tests.test_mo2_containment_service.Task4ExactEffectsFixTests.test_exact_created_candidate_cleanup_success_has_no_surviving_receipt) ... ok
test_interrupted_snapshot_closes_retained_pins_without_completing_observation (tests.test_mo2_containment_service.Task4ExactEffectsFixTests.test_interrupted_snapshot_closes_retained_pins_without_completing_observation) ... ok
test_interrupted_snapshot_unions_acquisition_retained_and_close_failure_owners (tests.test_mo2_containment_service.Task4ExactEffectsFixTests.test_interrupted_snapshot_unions_acquisition_retained_and_close_failure_owners) ... ok
test_launch_evidence_ownership_failure_is_not_flattened_or_transitioned (tests.test_mo2_containment_service.Task4ExactEffectsFixTests.test_launch_evidence_ownership_failure_is_not_flattened_or_transitioned) ... ok
test_launch_helper_failure_after_creation_preserves_mo2_pid (tests.test_mo2_containment_service.Task4ExactEffectsFixTests.test_launch_helper_failure_after_creation_preserves_mo2_pid) ... ok
test_multi_root_post_observation_collects_every_position_and_change (tests.test_mo2_containment_service.Task4ExactEffectsFixTests.test_multi_root_post_observation_collects_every_position_and_change) ... ok
test_multi_root_unions_all_observers_and_dual_operation_owner (tests.test_mo2_containment_service.Task4ExactEffectsFixTests.test_multi_root_unions_all_observers_and_dual_operation_owner) ... ok
test_mutation_guard_allows_unrelated_sibling_creation_during_acquisition (tests.test_mo2_containment_service.Task4ExactEffectsFixTests.test_mutation_guard_allows_unrelated_sibling_creation_during_acquisition) ... ok
test_mutation_guard_identity_lookup_ownership_remains_resolvable (tests.test_mo2_containment_service.Task4ExactEffectsFixTests.test_mutation_guard_identity_lookup_ownership_remains_resolvable) ... ok
test_mutation_guard_rejects_exact_root_swap_during_acquisition (tests.test_mo2_containment_service.Task4ExactEffectsFixTests.test_mutation_guard_rejects_exact_root_swap_during_acquisition) ... ok
test_mutation_guard_rejects_same_file_id_from_foreign_volume (tests.test_mo2_containment_service.Task4ExactEffectsFixTests.test_mutation_guard_rejects_same_file_id_from_foreign_volume) ... ok
test_mutation_guard_retains_the_native_canonical_path_identity (tests.test_mo2_containment_service.Task4ExactEffectsFixTests.test_mutation_guard_retains_the_native_canonical_path_identity) ... ok
test_mutation_observation_allows_unrelated_ancestor_sibling_creation (tests.test_mo2_containment_service.Task4ExactEffectsFixTests.test_mutation_observation_allows_unrelated_ancestor_sibling_creation) ... ok
test_mutation_observation_rejects_directory_swap_during_enumeration (tests.test_mo2_containment_service.Task4ExactEffectsFixTests.test_mutation_observation_rejects_directory_swap_during_enumeration) ... ok
test_post_pin_identity_lookup_ownership_closes_guard_and_remains_resolvable (tests.test_mo2_containment_service.Task4ExactEffectsFixTests.test_post_pin_identity_lookup_ownership_closes_guard_and_remains_resolvable) ... ok
test_surviving_exact_created_candidate_is_receipted_before_ownership_refusal (tests.test_mo2_containment_service.Task4ExactEffectsFixTests.test_surviving_exact_created_candidate_is_receipted_before_ownership_refusal) ... ok
test_verification_only_native_creation_refusal_has_no_receipt (tests.test_mo2_containment_service.Task4ExactEffectsFixTests.test_verification_only_native_creation_refusal_has_no_receipt) ... ok
test_native_tar_exact_cwd_and_member_limits_then_one_over_no_stage (tests.test_mo2_path_budget.NativePathBudgetTests.test_native_tar_exact_cwd_and_member_limits_then_one_over_no_stage) ... ok
test_python_shared_handle_rename_and_recursive_watcher_at_wide_boundary (tests.test_mo2_path_budget.NativePathBudgetTests.test_python_shared_handle_rename_and_recursive_watcher_at_wide_boundary) ... ok
test_apply_path_refusal_creates_no_job_stage_or_marker (tests.test_mo2_path_budget.PathBudgetEntryPointTests.test_apply_path_refusal_creates_no_job_stage_or_marker) ... ok
test_archive_deep_destination_refuses_without_creating_stage (tests.test_mo2_path_budget.PathBudgetEntryPointTests.test_archive_deep_destination_refuses_without_creating_stage) ... ok
test_containment_prepare_one_over_refuses_before_root_or_record_creation (tests.test_mo2_path_budget.PathBudgetEntryPointTests.test_containment_prepare_one_over_refuses_before_root_or_record_creation) ... ok
test_new_bootstrap_plan_explicitly_selects_new_layout (tests.test_mo2_path_budget.PathBudgetEntryPointTests.test_new_bootstrap_plan_explicitly_selects_new_layout) ... ok
test_refused_prepare_preserves_absent_validation_and_workspace_branches (tests.test_mo2_path_budget.PathBudgetEntryPointTests.test_refused_prepare_preserves_absent_validation_and_workspace_branches) ... ok
test_schema_two_budget_error_is_mapped_before_job_or_stage_creation (tests.test_mo2_path_budget.PathBudgetEntryPointTests.test_schema_two_budget_error_is_mapped_before_job_or_stage_creation) ... ok
test_aliases_unknown_consumers_unbounded_patterns_are_unsupported (tests.test_mo2_path_budget.PathBudgetPolicyTests.test_aliases_unknown_consumers_unbounded_patterns_are_unsupported) ... ok
test_archive_budget_rejects_forged_entry_spelling_kind_and_digest (tests.test_mo2_path_budget.PathBudgetPolicyTests.test_archive_budget_rejects_forged_entry_spelling_kind_and_digest) ... ok
test_bootstrap_budget_uses_exact_mutator_temp_names (tests.test_mo2_path_budget.PathBudgetPolicyTests.test_bootstrap_budget_uses_exact_mutator_temp_names) ... ok
test_budget_roundtrip_cannot_acquire_runtime_scope_or_reinterpret_legacy (tests.test_mo2_path_budget.PathBudgetPolicyTests.test_budget_roundtrip_cannot_acquire_runtime_scope_or_reinterpret_legacy) ... ok
test_containment_budget_names_exact_records_replacements_and_quarantine (tests.test_mo2_path_budget.PathBudgetPolicyTests.test_containment_budget_names_exact_records_replacements_and_quarantine) ... ok
test_exact_consumer_limits_and_one_unit_over (tests.test_mo2_path_budget.PathBudgetPolicyTests.test_exact_consumer_limits_and_one_unit_over) ... ok
test_new_layout_full_identity_and_strict_legacy_plan_and_journal_roundtrips (tests.test_mo2_path_budget.PathBudgetPolicyTests.test_new_layout_full_identity_and_strict_legacy_plan_and_journal_roundtrips) ... ok
test_non_bmp_uses_two_units_and_components_are_bounded (tests.test_mo2_path_budget.PathBudgetPolicyTests.test_non_bmp_uses_two_units_and_components_are_bounded) ... ok
test_schema_one_plan_and_journal_have_fixed_canonical_byte_identities (tests.test_mo2_path_budget.PathBudgetPolicyTests.test_schema_one_plan_and_journal_have_fixed_canonical_byte_identities) ... ok
test_shared_publication_candidate_bounds_pid_thread_and_token (tests.test_mo2_path_budget.PathBudgetPolicyTests.test_shared_publication_candidate_bounds_pid_thread_and_token) ... ok

----------------------------------------------------------------------
Ran 332 tests in 90.508s

OK (skipped=4)
Exit: 0
